01-04 10:50:11.088  1961  1961 D SystemServerTiming: StartWallpaperManagerService took to complete: 17ms
01-04 10:50:11.088  1961  1961 I SystemServer: StartAudioService
01-04 10:50:11.089  1961  1961 I SystemServiceManager: Starting com.android.server.audio.AudioService$Lifecycle
01-04 10:50:11.114  1864  1929 D PermissionCache: checking android.permission.MODIFY_AUDIO_SETTINGS for uid=1000 => granted (1708 us)
01-04 10:50:11.115  1864  1929 V AudioPolicyManagerBase: setForceUse() usage 4, config 0, mPhoneState 0
01-04 10:50:11.115  1864  1929 E AudioPolicyManagerBase: getDeviceForStrategy() speaker device not found
01-04 10:50:11.115  1864  1929 V AudioPolicyManagerBase: checkOutputForStrategy(0000,0000,5)
01-04 10:50:11.115  1864  1929 V AudioPolicyManagerBase: checkOutputForStrategy(0002,0002,1)
01-04 10:50:11.115  1864  1929 E AudioPolicyManagerBase: getDeviceForStrategy() speaker device not found
01-04 10:50:11.115  1864  1929 V AudioPolicyManagerBase: checkOutputForStrategy(0002,0002,2)
01-04 10:50:11.115  1864  1929 E AudioPolicyManagerBase: getDeviceForStrategy() speaker device not found
01-04 10:50:11.115  1864  1929 V AudioPolicyManagerBase: checkOutputForStrategy(0002,0002,3)
01-04 10:50:11.115  1864  1929 V AudioPolicyManagerBase: checkOutputForStrategy(0002,0002,0)
01-04 10:50:11.115  1864  1929 V AudioPolicyManagerBase: checkOutputForStrategy(0002,0002,4)
01-04 10:50:11.115  1864  1929 E AudioPolicyManagerBase: getDeviceForStrategy() speaker device not found
01-04 10:50:11.115  1864  1929 E AudioPolicyManagerBase: getDeviceForStrategy() speaker device not found
01-04 10:50:11.123  1961  1961 W TelecomManager: Telecom Service not found.
01-04 10:50:11.127  1864  1864 V AudioPolicyManagerBase: setForceUse() usage 3, config 8, mPhoneState 0
01-04 10:50:11.127  1864  1864 E AudioPolicyManagerBase: getDeviceForStrategy() speaker device not found
01-04 10:50:11.127  1864  1864 V AudioPolicyManagerBase: checkOutputForStrategy(0000,0000,5)
01-04 10:50:11.127  1864  1864 V AudioPolicyManagerBase: checkOutputForStrategy(0002,0002,1)
01-04 10:50:11.127  1864  1864 E AudioPolicyManagerBase: getDeviceForStrategy() speaker device not found
01-04 10:50:11.127  1864  1864 V AudioPolicyManagerBase: checkOutputForStrategy(0002,0002,2)
01-04 10:50:11.127  1864  1864 E AudioPolicyManagerBase: getDeviceForStrategy() speaker device not found
01-04 10:50:11.127  1864  1864 V AudioPolicyManagerBase: checkOutputForStrategy(0002,0002,3)
01-04 10:50:11.127  1864  1864 V AudioPolicyManagerBase: checkOutputForStrategy(0002,0002,0)
01-04 10:50:11.127  1864  1864 V AudioPolicyManagerBase: checkOutputForStrategy(0002,0002,4)
01-04 10:50:11.127  1864  1864 E AudioPolicyManagerBase: getDeviceForStrategy() speaker device not found
01-04 10:50:11.127  1864  1864 I chatty  : uid=1041(audioserver) /system/bin/audioserver identical 1 line
01-04 10:50:11.127  1864  1864 E AudioPolicyManagerBase: getDeviceForStrategy() speaker device not found
01-04 10:50:11.131  1864  1928 V AudioPolicyManagerBase: setForceUse() usage 6, config 0, mPhoneState 0
01-04 10:50:11.131  1864  1928 W AudioPolicyManagerBase: setForceUse() invalid usage 6
01-04 10:50:11.131  1864  1928 E AudioPolicyManagerBase: getDeviceForStrategy() speaker device not found
01-04 10:50:11.131  1864  1928 V AudioPolicyManagerBase: checkOutputForStrategy(0000,0000,5)
01-04 10:50:11.131  1864  1928 V AudioPolicyManagerBase: checkOutputForStrategy(0002,0002,1)
01-04 10:50:11.131  1864  1928 E AudioPolicyManagerBase: getDeviceForStrategy() speaker device not found
01-04 10:50:11.131  1864  1928 V AudioPolicyManagerBase: checkOutputForStrategy(0002,0002,2)
01-04 10:50:11.131  1864  1928 E AudioPolicyManagerBase: getDeviceForStrategy() speaker device not found
01-04 10:50:11.131  1864  1928 V AudioPolicyManagerBase: checkOutputForStrategy(0002,0002,3)
01-04 10:50:11.131  1864  1928 V AudioPolicyManagerBase: checkOutputForStrategy(0002,0002,0)
01-04 10:50:11.131  1864  1928 V AudioPolicyManagerBase: checkOutputForStrategy(0002,0002,4)
01-04 10:50:11.132  1864  1928 E AudioPolicyManagerBase: getDeviceForStrategy() speaker device not found
01-04 10:50:11.132  1864  1928 E AudioPolicyManagerBase: getDeviceForStrategy() speaker device not found
01-04 10:50:11.152  1864  1864 V AudioPolicyManagerBase: initStreamVolume() stream 0, min 1, max 5
01-04 10:50:11.158  1864  1928 V AudioPolicyManagerBase: initStreamVolume() stream 1, min 0, max 7
01-04 10:50:11.159  1864  1929 V AudioPolicyManagerBase: initStreamVolume() stream 2, min 0, max 7
01-04 10:50:11.165  1864  1864 V AudioPolicyManagerBase: initStreamVolume() stream 3, min 0, max 15
01-04 10:50:11.172  1864  1928 V AudioPolicyManagerBase: initStreamVolume() stream 4, min 0, max 7
01-04 10:50:11.177  1864  1929 V AudioPolicyManagerBase: initStreamVolume() stream 5, min 0, max 7
01-04 10:50:11.185  1864  1864 V AudioPolicyManagerBase: initStreamVolume() stream 6, min 0, max 15
01-04 10:50:11.191  1864  1928 V AudioPolicyManagerBase: initStreamVolume() stream 7, min 0, max 7
01-04 10:50:11.191  1864  1929 V AudioPolicyManagerBase: initStreamVolume() stream 8, min 0, max 15
01-04 10:50:11.196  1864  1864 V AudioPolicyManagerBase: initStreamVolume() stream 9, min 0, max 15
01-04 10:50:11.204  1864  1928 V AudioPolicyManagerBase: initStreamVolume() stream 10, min 0, max 15
01-04 10:50:11.235  1961  1961 D SystemServerTiming: StartAudioService took to complete: 147ms
01-04 10:50:11.236  1961  1961 I SystemServer: StartDockObserver
01-04 10:50:11.236  1961  1961 I SystemServiceManager: Starting com.android.server.DockObserver
01-04 10:50:11.243  1961  1961 D SystemServerTiming: StartDockObserver took to complete: 7ms
01-04 10:50:11.243  1961  1961 I SystemServer: StartWiredAccessoryManager
01-04 10:50:11.247  1961  1961 W WiredAccessoryManager: This kernel does not have HDMI audio support
01-04 10:50:11.247  1961  1961 D SystemServerTiming: StartWiredAccessoryManager took to complete: 3ms
01-04 10:50:11.247  1961  1961 I SystemServer: StartUsbService
01-04 10:50:11.248  1961  1961 I SystemServiceManager: Starting com.android.server.usb.UsbService$Lifecycle
01-04 10:50:11.286  1961  1961 I system_server: Looking for service android.hidl.manager@1.0::IServiceManager/default
01-04 10:50:11.290  1961  1961 I system_server: Starting thread pool.
01-04 10:50:11.295  1961  2069 I UsbPortManager: Usb hal service started android.hardware.usb@1.0::IUsb default
01-04 10:50:11.297  1961  2069 I system_server: Looking for service android.hardware.usb@1.0::IUsb/default
01-04 10:50:11.302  1961  2069 I system_server: Starting thread pool.
01-04 10:50:11.305  1849  1849 I android.hardware.usb@1.0-service: registering callback
01-04 10:50:11.306  1849  1849 E android.hardware.usb@1.0-service: Failed to open /sys/class/dual_role_usb
01-04 10:50:11.307  1849  2100 E android.hardware.usb@1.0-service: creating thread
01-04 10:50:11.320  1961  1961 W SystemServiceManager: Service com.android.server.usb.UsbService$Lifecycle took 72 ms in onStart
01-04 10:50:11.320  1961  1961 D SystemServerTiming: StartUsbService took to complete: 73ms
01-04 10:50:11.320  1961  1961 I SystemServer: StartSerialService
01-04 10:50:11.322  1961  1961 D SystemServerTiming: StartSerialService took to complete: 2ms
01-04 10:50:11.323  1961  1961 I SystemServer: StartHardwarePropertiesManagerService
01-04 10:50:11.325  1732  1732 W /system/bin/hwservicemanager: getTransport: Cannot find entry android.hardware.thermal@1.0::IThermal/default in either framework or device manifest.
01-04 10:50:11.326  1961  1961 E HardwarePropertiesManagerService-JNI: Unable to get Thermal service.
01-04 10:50:11.328  1961  1961 D SystemServerTiming: StartHardwarePropertiesManagerService took to complete: 5ms
01-04 10:50:11.328  1961  1961 I SystemServer: StartTwilightService
01-04 10:50:11.329  1961  1961 I SystemServiceManager: Starting com.android.server.twilight.TwilightService
01-04 10:50:11.330  1961  1961 D SystemServerTiming: StartTwilightService took to complete: 2ms
01-04 10:50:11.330  1961  1961 I SystemServer: StartJobScheduler
01-04 10:50:11.334  1961  1961 I SystemServiceManager: Starting com.android.server.job.JobSchedulerService
01-04 10:50:11.346  1961  1961 D JobStore: Start tag: job-info
01-04 10:50:11.350  1961  1961 I JobStore: Read 1 jobs
01-04 10:50:11.361  1961  1961 D ConnectivityService: requestNetwork for uid/pid:1000/1961 NetworkRequest [ TRACK_DEFAULT id=3, [ Capabilities: INTERNET&NOT_RESTRICTED&TRUSTED&NOT_VPN] ]
01-04 10:50:11.377  1961  1961 D SystemServerTiming: StartJobScheduler took to complete: 46ms
01-04 10:50:11.377  1961  1961 I SystemServer: StartSoundTrigger
01-04 10:50:11.378  1961  1961 I SystemServiceManager: Starting com.android.server.soundtrigger.SoundTriggerService
01-04 10:50:11.382  1961  1961 D SystemServerTiming: StartSoundTrigger took to complete: 5ms
01-04 10:50:11.383  1961  1961 I SystemServer: StartTrustManager
01-04 10:50:11.390  1961  1961 I SystemServiceManager: Starting com.android.server.trust.TrustManagerService
01-04 10:50:11.395  1961  1961 D SystemServerTiming: StartTrustManager took to complete: 12ms
01-04 10:50:11.396  1961  1961 I SystemServer: StartBackupManager
01-04 10:50:11.396  1961  1961 I SystemServiceManager: Starting com.android.server.backup.BackupManagerService$Lifecycle
01-04 10:50:11.416  1961  1961 D SystemServerTiming: StartBackupManager took to complete: 20ms
01-04 10:50:11.417  1961  1961 I SystemServer: StartAppWidgerService
01-04 10:50:11.420  1961  1961 I SystemServiceManager: Starting com.android.server.appwidget.AppWidgetService
01-04 10:50:11.443  1961  1961 D SystemServerTiming: StartAppWidgerService took to complete: 26ms
01-04 10:50:11.443  1961  1961 I SystemServer: StartVoiceRecognitionManager
01-04 10:50:11.444  1961  1961 I SystemServiceManager: Starting com.android.server.voiceinteraction.VoiceInteractionManagerService
01-04 10:50:11.448  1961  1961 D SystemServerTiming: StartVoiceRecognitionManager took to complete: 5ms
01-04 10:50:11.450  1961  1961 I SystemServer: StartGestureLauncher
01-04 10:50:11.451  1961  1961 I SystemServiceManager: Starting com.android.server.GestureLauncherService
01-04 10:50:11.454  1961  1961 D SystemServerTiming: StartGestureLauncher took to complete: 4ms
01-04 10:50:11.454  1961  1961 I SystemServer: StartSensorNotification
01-04 10:50:11.456  1961  1961 I SystemServiceManager: Starting com.android.server.SensorNotificationService
01-04 10:50:11.457  1961  1961 D SystemServerTiming: StartSensorNotification took to complete: 2ms
01-04 10:50:11.458  1961  1961 I SystemServer: StartContextHubSystemService
01-04 10:50:11.458  1961  1961 I SystemServiceManager: Starting com.android.server.ContextHubSystemService
01-04 10:50:11.460  1961  1961 D SystemServerTiming: StartContextHubSystemService took to complete: 2ms
01-04 10:50:11.460  1961  2002 D SystemServerInitThreadPool: Started executing Init ContextHubSystemService
01-04 10:50:11.460  1961  1961 I SystemServer: StartDiskStatsService
01-04 10:50:11.463  1732  1732 W /system/bin/hwservicemanager: getTransport: Cannot find entry android.hardware.contexthub@1.0::IContexthub/default in either framework or device manifest.
01-04 10:50:11.465  1961  2002 E ContextHubService: Could not load context hub hal
01-04 10:50:11.465  1961  2002 W ContextHubService: No Context Hub Module present
01-04 10:50:11.466  1961  2002 D SystemServerInitThreadPool: Finished executing Init ContextHubSystemService
01-04 10:50:11.469  1961  1961 D SystemServerTiming: StartDiskStatsService took to complete: 9ms
01-04 10:50:11.469  1961  1961 I SystemServer: StartNetworkTimeUpdateService
01-04 10:50:11.476  1961  1961 D SystemServerTiming: StartNetworkTimeUpdateService took to complete: 6ms
01-04 10:50:11.476  1961  1961 I SystemServer: StartCommonTimeManagementService
01-04 10:50:11.479  1961  1961 D SystemServerTiming: StartCommonTimeManagementService took to complete: 3ms
01-04 10:50:11.480  1961  1961 I SystemServer: CertBlacklister
01-04 10:50:11.485  1961  1961 D SystemServerTiming: CertBlacklister took to complete: 5ms
01-04 10:50:11.485  1961  1961 I SystemServer: StartEmergencyAffordanceService
01-04 10:50:11.490  1961  1961 I SystemServiceManager: Starting com.android.server.emergency.EmergencyAffordanceService
01-04 10:50:11.493  1961  1961 D SystemServerTiming: StartEmergencyAffordanceService took to complete: 8ms
01-04 10:50:11.493  1961  1961 I SystemServer: StartDreamManager
01-04 10:50:11.495  1961  1961 I SystemServiceManager: Starting com.android.server.dreams.DreamManagerService
01-04 10:50:11.502  1961  1961 D SystemServerTiming: StartDreamManager took to complete: 9ms
01-04 10:50:11.502  1961  1961 I SystemServer: AddGraphicsStatsService
01-04 10:50:11.510  1961  1961 D SystemServerTiming: AddGraphicsStatsService took to complete: 8ms
01-04 10:50:11.513  1961  1961 I SystemServer: StartPrintManager
01-04 10:50:11.514  1961  1961 I SystemServiceManager: Starting com.android.server.print.PrintManagerService
01-04 10:50:11.525  1961  1961 D SystemServerTiming: StartPrintManager took to complete: 12ms
01-04 10:50:11.525  1961  1961 I SystemServer: StartCompanionDeviceManager
01-04 10:50:11.526  1961  1961 I SystemServiceManager: Starting com.android.server.companion.CompanionDeviceManagerService
01-04 10:50:11.535  1961  1961 D SystemServerTiming: StartCompanionDeviceManager took to complete: 10ms
01-04 10:50:11.535  1961  1961 I SystemServer: StartRestrictionManager
01-04 10:50:11.536  1961  1961 I SystemServiceManager: Starting com.android.server.restrictions.RestrictionsManagerService
01-04 10:50:11.543  1961  1961 D SystemServerTiming: StartRestrictionManager took to complete: 8ms
01-04 10:50:11.543  1961  1961 I SystemServer: StartMediaSessionService
01-04 10:50:11.544  1961  1961 I SystemServiceManager: Starting com.android.server.media.MediaSessionService
01-04 10:50:11.556  1961  1961 D SystemServerTiming: StartMediaSessionService took to complete: 13ms
01-04 10:50:11.557  1961  1961 I SystemServer: StartMediaResourceMonitor
01-04 10:50:11.558  1961  1961 I SystemServiceManager: Starting com.android.server.media.MediaResourceMonitorService
01-04 10:50:11.561  1961  1961 D SystemServerTiming: StartMediaResourceMonitor took to complete: 4ms
01-04 10:50:11.562  1961  1961 I SystemServer: StartMediaRouterService
01-04 10:50:11.570  1961  1961 D SystemServerTiming: StartMediaRouterService took to complete: 8ms
01-04 10:50:11.570  1961  1961 I SystemServer: StartBackgroundDexOptService
01-04 10:50:11.573  1961  1961 W BackgroundDexOptService: SysProp pm.dexopt.downgrade_after_inactive_days not set
01-04 10:50:11.575  1961  1961 D SystemServerTiming: StartBackgroundDexOptService took to complete: 5ms
01-04 10:50:11.576  1961  1961 I SystemServer: StartPruneInstantAppsJobService
01-04 10:50:11.577  1961  1961 D SystemServerTiming: StartPruneInstantAppsJobService took to complete: 1ms
01-04 10:50:11.577  1961  1961 I SystemServer: StartShortcutServiceLifecycle
01-04 10:50:11.581  1961  1961 I SystemServiceManager: Starting com.android.server.pm.ShortcutService$Lifecycle
01-04 10:50:11.596  1961  1961 D SystemServerTiming: StartShortcutServiceLifecycle took to complete: 18ms
01-04 10:50:11.596  1961  1961 I SystemServer: StartLauncherAppsService
01-04 10:50:11.596  1961  1961 I SystemServiceManager: Starting com.android.server.pm.LauncherAppsService
01-04 10:50:11.602  1961  1961 D SystemServerTiming: StartLauncherAppsService took to complete: 6ms
01-04 10:50:11.602  1961  1961 I SystemServer: StartMediaProjectionManager
01-04 10:50:11.603  1961  1961 I SystemServiceManager: Starting com.android.server.media.projection.MediaProjectionManagerService
01-04 10:50:11.615  1961  1961 V MediaRouter: Adding route: RouteInfo{ name=, description=null, status=null, category=RouteCategory{ name= types=ROUTE_TYPE_LIVE_AUDIO ROUTE_TYPE_LIVE_VIDEO  groupable=false }, supportedTypes=ROUTE_TYPE_LIVE_AUDIO ROUTE_TYPE_LIVE_VIDEO , presentationDisplay=null }
01-04 10:50:11.625  1961  1961 V MediaRouter: Selecting route: RouteInfo{ name=, description=null, status=null, category=RouteCategory{ name= types=ROUTE_TYPE_LIVE_AUDIO ROUTE_TYPE_LIVE_VIDEO  groupable=false }, supportedTypes=ROUTE_TYPE_LIVE_AUDIO ROUTE_TYPE_LIVE_VIDEO , presentationDisplay=null }
01-04 10:50:11.631  1961  1961 D SystemServerTiming: StartMediaProjectionManager took to complete: 30ms
01-04 10:50:11.632  1961  1961 I SystemServer: StartCameraServiceProxy
01-04 10:50:11.633  1961  1961 I SystemServiceManager: Starting com.android.server.camera.CameraServiceProxy
01-04 10:50:11.645  1961  1961 D SystemServerTiming: StartCameraServiceProxy took to complete: 13ms
01-04 10:50:11.780  1961  1961 I WindowManager: SAFE MODE not enabled
01-04 10:50:11.781  1961  1961 I SystemServer: StartJitCompilation
01-04 10:50:11.781  1961  1961 D SystemServerTiming: StartJitCompilation took to complete: 0ms
01-04 10:50:11.781  1961  1961 I SystemServer: StartMmsService
01-04 10:50:11.781  1961  1961 I SystemServiceManager: Starting com.android.server.MmsServiceBroker
01-04 10:50:11.788  1961  1961 D SystemServerTiming: StartMmsService took to complete: 7ms
01-04 10:50:11.788  1961  1961 I SystemServer: StartAutoFillService
01-04 10:50:11.790  1961  1961 I SystemServiceManager: Starting com.android.server.autofill.AutofillManagerService
01-04 10:50:11.796  1961  1961 I AutofillManagerService: Setting debug to true
01-04 10:50:11.808  1961  1961 D SystemServerTiming: StartAutoFillService took to complete: 20ms
01-04 10:50:11.811  1961  1961 I LineageSystemServer: Attempting to start service org.lineageos.platform.internal.ProfileManagerService
01-04 10:50:11.830  1961  1961 I LineageSystemServer: Starting service org.lineageos.platform.internal.ProfileManagerService
01-04 10:50:11.830  1961  1961 I SystemServiceManager: Starting org.lineageos.platform.internal.ProfileManagerService
01-04 10:50:11.831  1726  1726 E ServiceManager: add_service('profile',74) uid=1000 - ALREADY REGISTERED, OVERRIDE
01-04 10:50:11.831  1726  1726 I ServiceManager: service 'profile' died
01-04 10:50:11.836  1961  1961 I WifiService: getConnectionInfo uid=1000
01-04 10:50:11.839  1961  1961 V ProfileTriggerHelper: Enabling
01-04 10:50:11.849  1961  1961 D LineageProfileService: Found active: 0230226d-0d05-494a-a9bd-d222a1117655
01-04 10:50:11.863  1961  1961 D LineageProfileService: Set active profile to: 0230226d-0d05-494a-a9bd-d222a1117655 -  
01-04 10:50:11.864  1961  1961 D LineageProfileService: Saving profile data...
01-04 10:50:11.870  1961  1961 D LineageProfileService: Save completed.
01-04 10:50:11.875  1961  1961 I LineageSystemServer: Attempting to start service org.lineageos.platform.internal.LineageHardwareService
01-04 10:50:11.882  1961  1961 V LiveDisplayVendorImpl: mDaemon was null, reconnect to LiveDisplay IColor
01-04 10:50:11.883  1961  1961 I system_server: Looking for service vendor.lineage.livedisplay@1.0::IColor/default
01-04 10:50:11.887  1732  1732 W /system/bin/hwservicemanager: getTransport: Cannot find entry vendor.lineage.livedisplay@1.0::IColor/default in either framework or device manifest.
01-04 10:50:11.890  1961  1961 W LiveDisplayVendorImpl: LiveDisplay IColor HIDL not available
01-04 10:50:11.890  1961  1961 E LiveDisplayVendorImpl: hasNativeFeature: no LiveDisplay IColor HAL!
01-04 10:50:11.897  1961  1961 V LiveDisplayVendorImpl: mDaemon was null, reconnect to LiveDisplay IColor
01-04 10:50:11.897  1961  1961 I system_server: Looking for service vendor.lineage.livedisplay@1.0::IColor/default
01-04 10:50:11.898  1732  1732 W /system/bin/hwservicemanager: getTransport: Cannot find entry vendor.lineage.livedisplay@1.0::IColor/default in either framework or device manifest.
01-04 10:50:11.900  1961  1961 W LiveDisplayVendorImpl: LiveDisplay IColor HIDL not available
01-04 10:50:11.900  1961  1961 E LiveDisplayVendorImpl: hasNativeFeature: no LiveDisplay IColor HAL!
01-04 10:50:11.903  1961  1961 V LiveDisplayVendorImpl: mDaemon was null, reconnect to LiveDisplay IColor
01-04 10:50:11.903  1961  1961 I system_server: Looking for service vendor.lineage.livedisplay@1.0::IColor/default
01-04 10:50:11.904  1732  1732 W /system/bin/hwservicemanager: getTransport: Cannot find entry vendor.lineage.livedisplay@1.0::IColor/default in either framework or device manifest.
01-04 10:50:11.906  1961  1961 W LiveDisplayVendorImpl: LiveDisplay IColor HIDL not available
01-04 10:50:11.906  1961  1961 E LiveDisplayVendorImpl: hasNativeFeature: no LiveDisplay IColor HAL!
01-04 10:50:11.906  1961  1961 V LiveDisplayVendorImpl: mDaemon was null, reconnect to LiveDisplay IColor
01-04 10:50:11.906  1961  1961 I system_server: Looking for service vendor.lineage.livedisplay@1.0::IColor/default
01-04 10:50:11.907  1732  1732 W /system/bin/hwservicemanager: getTransport: Cannot find entry vendor.lineage.livedisplay@1.0::IColor/default in either framework or device manifest.
01-04 10:50:11.911  1961  1961 W LiveDisplayVendorImpl: LiveDisplay IColor HIDL not available
01-04 10:50:11.911  1961  1961 E LiveDisplayVendorImpl: hasNativeFeature: no LiveDisplay IColor HAL!
01-04 10:50:11.913  1961  1961 V LiveDisplayVendorImpl: mDaemon was null, reconnect to LiveDisplay IColor
01-04 10:50:11.913  1961  1961 I system_server: Looking for service vendor.lineage.livedisplay@1.0::IColor/default
01-04 10:50:11.914  1732  1732 W /system/bin/hwservicemanager: getTransport: Cannot find entry vendor.lineage.livedisplay@1.0::IColor/default in either framework or device manifest.
01-04 10:50:11.915  1961  1961 W LiveDisplayVendorImpl: LiveDisplay IColor HIDL not available
01-04 10:50:11.916  1961  1961 E LiveDisplayVendorImpl: hasNativeFeature: no LiveDisplay IColor HAL!
01-04 10:50:11.918  1961  1961 I LineageSystemServer: Starting service org.lineageos.platform.internal.LineageHardwareService
01-04 10:50:11.919  1961  1961 I SystemServiceManager: Starting org.lineageos.platform.internal.LineageHardwareService
01-04 10:50:11.921  1726  1726 E ServiceManager: add_service('lineagehardware',75) uid=1000 - ALREADY REGISTERED, OVERRIDE
01-04 10:50:11.921  1726  1726 I ServiceManager: service 'lineagehardware' died
01-04 10:50:11.921  1961  1961 I LineageSystemServer: Attempting to start service org.lineageos.platform.internal.PerformanceManagerService
01-04 10:50:11.934  1961  1961 I LineageSystemServer: Starting service org.lineageos.platform.internal.PerformanceManagerService
01-04 10:50:11.935  1961  1961 I SystemServiceManager: Starting org.lineageos.platform.internal.PerformanceManagerService
01-04 10:50:11.939  1961  1961 I LineageSystemServer: Attempting to start service org.lineageos.platform.internal.LineageWeatherManagerService
01-04 10:50:11.952  1961  1961 I LineageSystemServer: Starting service org.lineageos.platform.internal.LineageWeatherManagerService
01-04 10:50:11.952  1961  1961 I SystemServiceManager: Starting org.lineageos.platform.internal.LineageWeatherManagerService
01-04 10:50:11.957  1961  1961 I LineageSystemServer: Attempting to start service org.lineageos.platform.internal.display.LiveDisplayService
01-04 10:50:11.977  1961  1961 I LineageSystemServer: Starting service org.lineageos.platform.internal.display.LiveDisplayService
01-04 10:50:11.977  1961  1961 I SystemServiceManager: Starting org.lineageos.platform.internal.display.LiveDisplayService
01-04 10:50:11.984  1961  1961 I LineageSystemServer: Attempting to start service org.lineageos.platform.internal.LineageAudioService
01-04 10:50:11.988  1961  1961 I LineageSystemServer: Starting service org.lineageos.platform.internal.LineageAudioService
01-04 10:50:11.988  1961  1961 I SystemServiceManager: Starting org.lineageos.platform.internal.LineageAudioService
01-04 10:50:12.003  1961  1961 I LineageSystemServer: Attempting to start service org.lineageos.platform.internal.StyleInterfaceService
01-04 10:50:12.012  1961  1961 I LineageSystemServer: Starting service org.lineageos.platform.internal.StyleInterfaceService
01-04 10:50:12.012  1961  1961 I SystemServiceManager: Starting org.lineageos.platform.internal.StyleInterfaceService
01-04 10:50:12.013  1726  1726 E ServiceManager: add_service('lineagestyle',7a) uid=1000 - ALREADY REGISTERED, OVERRIDE
01-04 10:50:12.013  1726  1726 I ServiceManager: service 'lineagestyle' died
01-04 10:50:12.016  1961  1961 I LineageSystemServer: Attempting to start service org.lineageos.platform.internal.TrustInterfaceService
01-04 10:50:12.033  1961  1961 I LineageSystemServer: Starting service org.lineageos.platform.internal.TrustInterfaceService
01-04 10:50:12.033  1961  1961 I SystemServiceManager: Starting org.lineageos.platform.internal.TrustInterfaceService
01-04 10:50:12.036  1726  1726 E ServiceManager: add_service('lineagetrust',7b) uid=1000 - ALREADY REGISTERED, OVERRIDE
01-04 10:50:12.036  1726  1726 I ServiceManager: service 'lineagetrust' died
01-04 10:50:12.047  1961  1961 W TelecomManager: Telecom Service not found.
01-04 10:50:12.050  1961  1961 I LineageSystemServer: Attempting to start service org.lineageos.platform.internal.LineageSettingsService
01-04 10:50:12.052  1961  1961 I LineageSystemServer: Starting service org.lineageos.platform.internal.LineageSettingsService
01-04 10:50:12.053  1961  1961 I SystemServiceManager: Starting org.lineageos.platform.internal.LineageSettingsService
01-04 10:50:12.053  1961  1961 I SystemServer: MakeVibratorServiceReady
01-04 10:50:12.059  1961  1961 D SystemServerTiming: MakeVibratorServiceReady took to complete: 6ms
01-04 10:50:12.059  1961  1961 I SystemServer: MakeLockSettingsServiceReady
01-04 10:50:12.095  1961  1961 I system_server: Looking for service android.hardware.weaver@1.0::IWeaver/default
01-04 10:50:12.097  1732  1732 W /system/bin/hwservicemanager: getTransport: Cannot find entry android.hardware.weaver@1.0::IWeaver/default in either framework or device manifest.
01-04 10:50:12.101  1961  1961 I SyntheticPasswordManager: Device does not support weaver
01-04 10:50:12.107  1961  1961 E LockSettingsStorage: Cannot read file java.io.FileNotFoundException: /data/system/gatekeeper.password.key: open failed: ENOENT (No such file or directory)
01-04 10:50:12.108  1961  1961 E LockSettingsStorage: Cannot read file java.io.FileNotFoundException: /data/system/password.key: open failed: ENOENT (No such file or directory)
01-04 10:50:12.108  1961  1961 E LockSettingsStorage: Cannot read file java.io.FileNotFoundException: /data/system/gatekeeper.pattern.key: open failed: ENOENT (No such file or directory)
01-04 10:50:12.109  1961  1961 E LockSettingsStorage: Cannot read file java.io.FileNotFoundException: /data/system/gatekeeper.gesture.key: open failed: ENOENT (No such file or directory)
01-04 10:50:12.115  1961  1961 E LockSettingsStorage: Cannot read file java.io.FileNotFoundException: /data/system/gesture.key: open failed: ENOENT (No such file or directory)
01-04 10:50:12.115  1961  1961 D SystemServerTiming: MakeLockSettingsServiceReady took to complete: 56ms
01-04 10:50:12.116  1961  1961 I SystemServer: StartBootPhaseLockSettingsReady
01-04 10:50:12.116  1961  1961 I SystemServiceManager: Starting phase 480
01-04 10:50:12.132  1961  1961 I DevicePolicyManager: Set ro.device_owner property to false
01-04 10:50:12.142  1961  1961 D SystemServerTiming: StartBootPhaseLockSettingsReady took to complete: 26ms
01-04 10:50:12.142  1961  1961 I SystemServer: StartBootPhaseSystemServicesReady
01-04 10:50:12.142  1961  1961 I SystemServiceManager: Starting phase 500
01-04 10:50:12.153  1961  1961 W UsageStatsService: Missing procfs interface: /proc/uid_procstat/set
01-04 10:50:12.162  1961  1961 I VrManagerService: No default vr listener service found.
01-04 10:50:12.186  1961  1961 I WifiService: WifiService starting up with Wi-Fi enabled
01-04 10:50:12.202  1961  2084 I system_server: Looking for service android.hidl.manager@1.0::IServiceManager/default
01-04 10:50:12.206  1961  2084 I system_server: Starting thread pool.
01-04 10:50:12.210  1961  2069 D HalDeviceManager: IWifi registration notification: fqName=android.hardware.wifi@1.0::IWifi, name=default, preexisting=true
01-04 10:50:12.215  1961  2069 I system_server: Looking for service android.hardware.wifi@1.0::IWifi/default
01-04 10:50:12.218  1961  2069 I system_server: Starting thread pool.
01-04 10:50:12.233  1961  1961 D WifiService: setWifiEnabled: true pid=1961, uid=1000, package=android
01-04 10:50:12.235  1961  1961 I WifiService: setWifiEnabled package=android uid=1000 enable=true
01-04 10:50:12.237  1961  2083 D WifiController: WifiController msg { when=-1ms what=155656 target=com.android.internal.util.StateMachine$SmHandler } deferred for 496ms
01-04 10:50:12.238  1961  1961 W SystemServiceManager: Service com.android.server.wifi.WifiService took 52 ms in onBootPhase
01-04 10:50:12.238  1961  1961 I WifiScanningService: Starting wifiscanner
01-04 10:50:12.247  1961  1961 I RttService: Registering rttmanager
01-04 10:50:12.253  1961  1961 I EthernetServiceImpl: Starting Ethernet service
01-04 10:50:12.260  1961  1961 D Ethernet: Registering NetworkFactory
01-04 10:50:12.261  1961  2089 D ConnectivityService: Got NetworkFactory Messenger for Ethernet
01-04 10:50:12.268  1961  2110 D Ethernet: got request NetworkRequest [ TRACK_DEFAULT id=3, [ Capabilities: INTERNET&NOT_RESTRICTED&TRUSTED&NOT_VPN] ] with score 0
01-04 10:50:12.269  1961  2110 D Ethernet: got request NetworkRequest [ REQUEST id=1, [ Capabilities: INTERNET&NOT_RESTRICTED&TRUSTED&NOT_VPN] ] with score 0
01-04 10:50:12.269  1961  1961 D ZenLog  : config: cleanUpZenRules,ZenModeConfig[user=0,allowCalls=true,allowRepeatCallers=false,allowMessages=false,allowCallsFrom=contacts,allowMessagesFrom=contacts,allowReminders=true,allowEvents=true,allowWhenScreenOff=true,allowWhenScreenOn=true,automaticRules={EVENTS_DEFAULT_RULE=ZenRule[enabled=false,snoozing=false,name=Event,zenMode=ZEN_MODE_ALARMS,conditionId=condition://android/event?userId=-10000&calendar=&reply=1,condition=Condition[id=condition://android/event?userId=-10000&calendar=&reply=1,summary=...,line1=...,line2=...,icon=0,state=STATE_FALSE,flags=2],component=ComponentInfo{android/com.android.server.notification.EventConditionProvider},id=EVENTS_DEFAULT_RULE,creationTime=1325653153650,enabler=null], SCHEDULED_DEFAULT_RULE_1=ZenRule[enabled=false,snoozing=false,name=Weeknight,zenMode=ZEN_MODE_ALARMS,conditionId=condition://android/schedule?days=1.2.3.4.5&start=22.0&end=7.0&exitAtAlarm=false,condition=Condition[id=condition://android/schedule?days=1.2.3.4.5&start=22.0&end=7.0&exitAtAlarm=false,summary=...,line1=...,line2=...,icon=0,state=STATE_FALSE,flags=2],component=ComponentInfo{android/com.android.server.notification.ScheduleConditionProvider},id=SCHEDULED_DEFAULT_RULE_1,creationTime=1325653153648,enabler=null], SCHEDULED_DEFAULT_RULE_2=ZenRule[enabled=false,snoozing=false,name=Weekend,zenMode=ZEN_MODE_ALARMS,conditionId=condition://android/schedule?days=6.7&start=23.30&end=10.0&exitAtAlarm=false,condition=Condition[id=condition://android/schedule?days=6.7&start=23.30&end=10.0&exitAtAlarm=false,summary=...,line1=...,line2=...,icon=0,state=STATE_FALSE,flags=2],component=ComponentInfo{android/com.android.server.notification.ScheduleConditionProvider},id=SCHEDULED_DEFAULT_RULE_2,creationTime=1325653153648,enabler=null]},manualRule=null],Diff[]
01-04 10:50:12.269  1961  1961 D ZenLog  : set_zen_mode: off,onSystemReady
01-04 10:50:12.292  1864  1928 D PermissionCache: checking android.permission.CAPTURE_AUDIO_HOTWORD for uid=1000 => granted (335 us)
01-04 10:50:12.294  1961  1961 W SoundTriggerHelper: listModules status=0, # of modules=0
01-04 10:50:12.304  1961  1961 D ContextHubSystemService: onBootPhase: PHASE_SYSTEM_SERVICES_READY
01-04 10:50:12.307  1732  1732 W /system/bin/hwservicemanager: getTransport: Cannot find entry vendor.lineage.power@1.0::ILineagePower/default in either framework or device manifest.
01-04 10:50:12.310  1961  1961 I PowerManagerService-JNI: Couldn't load power HAL service
01-04 10:50:12.310  1961  1961 D SystemServerTiming: StartBootPhaseSystemServicesReady took to complete: 168ms
01-04 10:50:12.310  1961  1961 I SystemServer: MakeWindowManagerServiceReady
01-04 10:50:12.387  1961  1961 I ActivityManager: Config changes=20 {1.0 ?mcc?mnc [ru_RU] ldltr sw320dp w320dp h509dp 240dpi nrml long port finger -keyb/v/h -nav/h appBounds=Rect(0, 0 - 480, 800) s.6}
01-04 10:50:12.402  1961  1961 I ActivityManager: Override config changes=20 {1.0 ?mcc?mnc [ru_RU] ldltr sw320dp w320dp h509dp 240dpi nrml long port finger -keyb/v/h -nav/h appBounds=Rect(0, 0 - 480, 800) s.6} for displayId=0
01-04 10:50:12.451  1961  1961 I system_server: Looking for service android.hardware.configstore@1.0::ISurfaceFlingerConfigs/default
01-04 10:50:12.458  1961  1961 I system_server: Starting thread pool.
01-04 10:50:12.461  1961  1961 D SystemServerTiming: MakeWindowManagerServiceReady took to complete: 151ms
01-04 10:50:12.467  1961  1961 I SystemServer: MakePowerManagerServiceReady
01-04 10:50:12.530  1961  2014 W KeyguardServiceDelegate: onScreenTurningOn(): no keyguard service!
01-04 10:50:12.533  1961  1961 D SystemServerTiming: MakePowerManagerServiceReady took to complete: 65ms
01-04 10:50:12.535  1961  1961 I SystemServer: MakePackageManagerServiceReady
01-04 10:50:12.554  1961  1961 V UserDataPreparer: Found /data/user_de/0 with serial number 0
01-04 10:50:12.555  1961  1961 V UserDataPreparer: Found /data/user/0 with serial number 0
01-04 10:50:12.555  1961  1961 V UserDataPreparer: Found /data/system_de/0 with serial number 0
01-04 10:50:12.555  1961  1961 V UserDataPreparer: Found /data/system_ce/0 with serial number 0
01-04 10:50:12.556  1961  1961 V UserDataPreparer: Found /data/misc_ce/0 with serial number 0
01-04 10:50:12.558  1961  1961 D SystemServerTiming: MakePackageManagerServiceReady took to complete: 21ms
01-04 10:50:12.558  1961  1961 I SystemServer: MakeDisplayManagerServiceReady
01-04 10:50:12.558  1961  1961 D SystemServerTiming: MakeDisplayManagerServiceReady took to complete: 0ms
01-04 10:50:12.579  1961  2012 E HalDeviceManager: Should have at least 1 chip!
01-04 10:50:12.580  1961  1961 I ActivityManager: System now ready
01-04 10:50:12.580  1961  2012 E HalDeviceManager: createIface: no chip info found
01-04 10:50:12.596  1961  1961 I SystemServer: Making services ready
01-04 10:50:12.596  1961  1961 I SystemServer: StartActivityManagerReadyPhase
01-04 10:50:12.596  1961  1961 I SystemServiceManager: Starting phase 550
01-04 10:50:12.609  1961  1961 W zygote  : Class com.android.server.am.ActiveServices$ServiceMap failed lock verification and will run slower.
01-04 10:50:12.611  1961  1961 W zygote  : Class com.android.server.am.ActiveServices$ServiceRestarter failed lock verification and will run slower.
01-04 10:50:12.615  1961  1961 D BluetoothManagerService: Bluetooth boot completed
01-04 10:50:12.619  1961  1961 D BluetoothManagerService: Auto-enabling Bluetooth.
01-04 10:50:12.620  1961  2011 D BluetoothManagerService: MESSAGE_ENABLE(0): mBluetooth = null
01-04 10:50:12.653  1961  2011 I ActivityManager: Start proc 2114:com.android.bluetooth/1002 for service com.android.bluetooth/.btservice.AdapterService
01-04 10:50:12.700  2114  2114 W zygote  : Using default instruction set features for ARM CPU variant (cortex-a9) using conservative defaults
01-04 10:50:12.740  1961  2083 D WifiController: DEFERRED_TOGGLE handled
01-04 10:50:12.744  1850  1850 I android.hardware.wifi@1.0-service: Wifi HAL started
01-04 10:50:12.774  1961  1996 W zygote  : Class com.android.server.am.ActivityManagerService$AppDeathRecipient failed lock verification and will run slower.
01-04 10:50:12.789  1850  1850 E android.hardware.wifi@1.0-service: Failed to load WiFi driver
01-04 10:50:12.790  1961  2084 E HalDeviceManager: executeChipReconfiguration: configureChip error: 9 ()
01-04 10:50:12.800  1850  1850 I android.hardware.wifi@1.0-service: Wifi HAL stopped
01-04 10:50:12.801  1961  2084 E WifiNative-wlan0: Failed to start HAL for client mode
01-04 10:50:12.830  1961  2084 I WifiVendorHal: Vendor Hal stopped
01-04 10:50:12.830  1961  2084 D WificondControl: tearing down interfaces in wificond
01-04 10:50:12.844  1850  1850 I android.hardware.wifi@1.0-service: Wifi HAL started
01-04 10:50:12.862  1850  1850 E android.hardware.wifi@1.0-service: Failed to load WiFi driver
01-04 10:50:12.865  1961  2084 E HalDeviceManager: executeChipReconfiguration: configureChip error: 9 ()
01-04 10:50:12.869  1850  1850 I android.hardware.wifi@1.0-service: Wifi HAL stopped
01-04 10:50:12.872  1961  2084 E WifiNative-wlan0: Failed to start HAL for client mode
01-04 10:50:12.891  1961  1961 I ActivityManager: Start proc 2128:com.android.inputmethod.latin/u0a52 for service com.android.inputmethod.latin/.LatinIME
01-04 10:50:12.895  1961  1961 W SystemServiceManager: Service com.android.server.InputMethodManagerService$Lifecycle took 270 ms in onBootPhase
01-04 10:50:12.896  1961  2084 I WifiVendorHal: Vendor Hal stopped
01-04 10:50:12.896  1961  2084 D WificondControl: tearing down interfaces in wificond
01-04 10:50:12.897  1961  2075 D StorageManagerService: Thinking about init, mSystemReady=true, mDaemonConnected=true
01-04 10:50:12.897  1961  2075 D StorageManagerService: Setting up emulation state, initlocked=false
01-04 10:50:12.898  1961  2075 D CryptdConnector: SND -> {2 cryptfs unlock_user_key 0 0 ! !}
01-04 10:50:12.900  1741  1746 D vold    : e4crypt_unlock_user_key 0 serial=0 token_present=0
01-04 10:50:12.902  1961  2077 D CryptdConnector: RCV <- {200 2 Command succeeded}
01-04 10:50:12.904  1961  2075 D StorageManagerService: Thinking about reset, mSystemReady=true, mDaemonConnected=true
01-04 10:50:12.908  1961  2004 I ActivityManager: Force stopping com.android.providers.media appid=10008 user=-1: vold reset
01-04 10:50:12.911  1961  2075 D VoldConnector: SND -> {3 volume reset}
01-04 10:50:12.913  1961  2076 D VoldConnector: RCV <- {651 emulated 7}
01-04 10:50:12.914  1961  2076 D VoldConnector: RCV <- {659 emulated}
01-04 10:50:12.915  1961  2076 D VoldConnector: RCV <- {650 emulated 2 "" ""}
01-04 10:50:12.915  1961  2076 D VoldConnector: RCV <- {654 emulated emulated}
01-04 10:50:12.916  1961  2076 D VoldConnector: RCV <- {651 emulated 0}
01-04 10:50:12.917  1961  2076 D VoldConnector: RCV <- {200 3 Command succeeded}
01-04 10:50:12.919  1961  2010 V StorageManagerService: Found primary storage at VolumeInfo{emulated}:
01-04 10:50:12.919  1961  2010 V StorageManagerService:     type=EMULATED diskId=null partGuid=null mountFlags=0 mountUserId=-1 
01-04 10:50:12.919  1961  2010 V StorageManagerService:     state=UNMOUNTED 
01-04 10:50:12.919  1961  2010 V StorageManagerService:     fsType=null fsUuid=null fsLabel=null 
01-04 10:50:12.919  1961  2010 V StorageManagerService:     path=null internalPath=null 
01-04 10:50:12.919  1850  1850 I android.hardware.wifi@1.0-service: Wifi HAL started
01-04 10:50:12.923  1961  2075 D VoldConnector: SND -> {4 volume user_added 0 0}
01-04 10:50:12.927  1961  2076 D VoldConnector: RCV <- {200 4 Command succeeded}
01-04 10:50:12.929  1961  1961 E BitmapFactory: Unable to decode stream: java.io.FileNotFoundException: /data/system/users/0/wallpaper_orig (No such file or directory)
01-04 10:50:12.929  1961  1961 W WallpaperManagerService: Invalid wallpaper data
01-04 10:50:12.929  1961  1961 E WallpaperManagerService: Unable to apply new wallpaper
01-04 10:50:12.932  1961  1961 V WallpaperManagerService: bindWallpaperComponentLocked: componentName=null
01-04 10:50:12.932  1961  1961 V WallpaperManagerService: No default component; using image wallpaper
01-04 10:50:12.934  1961  2075 D VoldConnector: SND -> {5 volume mount emulated 3 -1}
01-04 10:50:12.947  2128  2128 W zygote  : Using default instruction set features for ARM CPU variant (cortex-a9) using conservative defaults
01-04 10:50:12.951  1961  2076 D VoldConnector: RCV <- {651 emulated 1}
01-04 10:50:12.952  1961  2076 D VoldConnector: RCV <- {656 emulated /data/media}
01-04 10:50:12.953  1961  2076 D VoldConnector: RCV <- {655 emulated /storage/emulated}
01-04 10:50:12.955  1741  1745 V vold    : Waiting for FUSE to spin up...
01-04 10:50:12.970  1850  1850 E android.hardware.wifi@1.0-service: Failed to load WiFi driver
01-04 10:50:12.975  1961  2084 E HalDeviceManager: executeChipReconfiguration: configureChip error: 9 ()
01-04 10:50:12.978  1850  1850 I android.hardware.wifi@1.0-service: Wifi HAL stopped
01-04 10:50:12.979  1961  2084 E WifiNative-wlan0: Failed to start HAL for client mode
01-04 10:50:12.998  1961  1961 I ActivityManager: Start proc 2135:com.android.systemui/u0a26 for service com.android.systemui/.ImageWallpaper
01-04 10:50:13.005  1741  1745 V vold    : Waiting for FUSE to spin up...
01-04 10:50:13.005  1961  1961 W SystemServiceManager: Service com.android.server.wallpaper.WallpaperManagerService$Lifecycle took 77 ms in onBootPhase
01-04 10:50:13.007  1961  2084 I WifiVendorHal: Vendor Hal stopped
01-04 10:50:13.007  1961  2084 D WificondControl: tearing down interfaces in wificond
01-04 10:50:13.016  1961  2097 D BluetoothManagerService: Creating new ProfileServiceConnections object for profile: 1
01-04 10:50:13.017  1961  1961 D UsbAlsaManager: Adding ALSA device AlsaDevice: [card: 0, device: 1, type: 2]
01-04 10:50:13.017  1961  1961 D UsbAlsaManager: Adding ALSA device AlsaDevice: [card: 0, device: 2, type: 1]
01-04 10:50:13.017  1961  1961 D UsbAlsaManager: Adding ALSA device AlsaDevice: [card: 0, device: 0, type: 1]
01-04 10:50:13.017  1961  1961 D UsbAlsaManager: Adding ALSA device AlsaDevice: [card: 0, device: 2, type: 2]
01-04 10:50:13.041  1961  2010 W TelecomManager: Telecom Service not found.
01-04 10:50:13.041  1961  2010 D UsbDeviceManager: push notification:  USB
01-04 10:50:13.052  1849  1849 E android.hardware.usb@1.0-service: Failed to open /sys/class/dual_role_usb
01-04 10:50:13.055  1961  2101 E UsbPortManager: port status enquiry failed
01-04 10:50:13.056  1741  1745 V vold    : Waiting for FUSE to spin up...
01-04 10:50:13.057  1961  1961 D SystemServerTiming: StartActivityManagerReadyPhase took to complete: 461ms
01-04 10:50:13.057  1961  1961 I SystemServer: StartObservingNativeCrashes
01-04 10:50:13.063  1961  1961 W zygote  : Class com.android.server.am.NativeCrashListener failed lock verification and will run slower.
01-04 10:50:13.065  1961  1961 D SystemServerTiming: StartObservingNativeCrashes took to complete: 8ms
01-04 10:50:13.065  1961  1961 I SystemServer: StartSystemUI
01-04 10:50:13.065  1961  2052 D SystemServerInitThreadPool: Started executing WebViewFactoryPreparation
01-04 10:50:13.065  1961  2052 I SystemServer: WebViewFactoryPreparation
01-04 10:50:13.066  1961  2010 W TelecomManager: Telecom Service not found.
01-04 10:50:13.075  1864  1928 I AudioFlinger: systemReady
01-04 10:50:13.079  1961  1961 D SystemServerTiming: StartSystemUI took to complete: 14ms
01-04 10:50:13.095  2135  2135 W zygote  : Using default instruction set features for ARM CPU variant (cortex-a9) using conservative defaults
01-04 10:50:13.096  1961  1961 I SystemServer: MakeNetworkScoreReady
01-04 10:50:13.106  1741  1745 V vold    : Waiting for FUSE to spin up...
01-04 10:50:13.133  1961  1961 D SystemServerTiming: MakeNetworkScoreReady took to complete: 37ms
01-04 10:50:13.137  1961  1961 I SystemServer: MakeNetworkManagementServiceReady
01-04 10:50:13.138  1961  1961 D NetworkManagement: enabling bandwidth control
01-04 10:50:13.157  1741  1745 V vold    : Waiting for FUSE to spin up...
01-04 10:50:13.212  1961  2052 D WebViewLibraryLoader: Setting new address space to 125579496
01-04 10:50:13.220  2133  2133 W /system/bin/sdcard: Device explicitly enabled sdcardfs
01-04 10:50:13.238  1961  1961 W NetworkManagement: setDataSaverMode(): already false
01-04 10:50:13.248  1961  2007 I WifiService: requestActivityInfo uid=1000
01-04 10:50:13.249  1961  2007 I WifiService: reportActivityInfo uid=1000
01-04 10:50:13.249  1961  2007 I WifiService: getSupportedFeatures uid=1000
01-04 10:50:13.207  1741  1745 V vold    : Waiting for FUSE to spin up...
01-04 10:50:13.254  1961  2007 E BatteryExternalStatsWorker: no controller energy info supplied for wifi
01-04 10:50:13.254  1961  2007 E BatteryExternalStatsWorker: no controller energy info supplied for telephony
01-04 10:50:13.257  1741  1745 V vold    : Waiting for FUSE to spin up...
01-04 10:50:13.273  1961  2159 V NuMediaExtractor: setDataSource fd=170 (/system/media/audio/ui/Effect_Tick.ogg), offset=0, length=5136
01-04 10:50:13.308  1741  1745 V vold    : Waiting for FUSE to spin up...
01-04 10:50:13.311  1961  2052 W ActivityManager: Slow operation: 73ms so far, now at startProcess: returned from zygote!
01-04 10:50:13.311  1961  2052 W ActivityManager: Slow operation: 74ms so far, now at startProcess: done updating battery stats
01-04 10:50:13.311  1961  2052 W ActivityManager: Slow operation: 74ms so far, now at startProcess: building log message
01-04 10:50:13.311  1961  2052 I ActivityManager: Start proc 2165:WebViewLoader-armeabi-v7a/1037 [android.webkit.WebViewLibraryLoader$RelroFileCreator] for 
01-04 10:50:13.311  1961  2052 W ActivityManager: Slow operation: 74ms so far, now at startProcess: starting to update pids map
01-04 10:50:13.311  1961  2052 W ActivityManager: Slow operation: 74ms so far, now at startProcess: done updating pids map
01-04 10:50:13.311  1961  2052 W ActivityManager: Slow operation: 76ms so far, now at startProcess: done starting proc!
01-04 10:50:13.316  1961  2052 D SystemServerTimingAsync: WebViewFactoryPreparation took to complete: 250ms
01-04 10:50:13.316  1961  2052 D SystemServerInitThreadPool: Finished executing WebViewFactoryPreparation
01-04 10:50:13.340  1961  2159 V NuMediaExtractor: track of type 'audio/vorbis' does not publish bitrate
01-04 10:50:13.354  1961  1961 D SystemServerTiming: MakeNetworkManagementServiceReady took to complete: 217ms
01-04 10:50:13.355  1961  1961 I SystemServer: MakeNetworkStatsServiceReady
01-04 10:50:13.371  1732  1732 W /system/bin/hwservicemanager: getTransport: Cannot find entry android.hardware.media.omx@1.0::IOmxStore/default in either framework or device manifest.
01-04 10:50:13.371  1961  2076 D VoldConnector: RCV <- {651 emulated 2}
01-04 10:50:13.373  1961  2076 D VoldConnector: RCV <- {200 5 Command succeeded}
01-04 10:50:13.379  2165  2165 W zygote  : Using default instruction set features for ARM CPU variant (cortex-a9) using conservative defaults
01-04 10:50:13.397  1961  2175 E ACodec  : Unable to instantiate a decoder for type 'audio/vorbis' with err 0xfffffffe.
01-04 10:50:13.397  1961  2175 E ACodec  : signalError(omxError 0xfffffffe, internalError -2)
01-04 10:50:13.398  1961  2175 E MediaCodec: Codec reported err 0xfffffffe, actionCode 0, while in state 1
01-04 10:50:13.407  1961  2081 D NetworkPolicy: setRestrictBackgroundUL(): false
01-04 10:50:13.411  1961  2159 E SoundPool: Unable to load sample
01-04 10:50:13.438  1961  2159 V NuMediaExtractor: setDataSource fd=173 (/system/media/audio/ui/KeypressStandard.ogg), offset=0, length=5837
01-04 10:50:13.439  1961  2097 W AudioService: onLoadSoundEffects(), Error -2147483648 while loading samples
01-04 10:50:13.447  1961  2081 W NetworkManagement: setDataSaverMode(): already false
01-04 10:50:13.498  1961  2159 V NuMediaExtractor: track of type 'audio/vorbis' does not publish bitrate
01-04 10:50:13.498  2165  2165 V WebViewLibraryLoader: RelroFileCreator (64bit = false),  32-bit lib: /system/app/webview/webview.apk!/lib/armeabi-v7a/libwebviewchromium.so, 64-bit lib: 
01-04 10:50:13.559  1961  2187 E ACodec  : Unable to instantiate a decoder for type 'audio/vorbis' with err 0xfffffffe.
01-04 10:50:13.559  1961  2187 E ACodec  : signalError(omxError 0xfffffffe, internalError -2)
01-04 10:50:13.559  1961  2187 E MediaCodec: Codec reported err 0xfffffffe, actionCode 0, while in state 1
01-04 10:50:13.563  1961  2159 E SoundPool: Unable to load sample
01-04 10:50:13.582  1864  1864 V AudioPolicyManagerBase: setForceUse() usage 0, config 0, mPhoneState 0
01-04 10:50:13.582  1864  1864 E AudioPolicyManagerBase: getDeviceForStrategy() speaker device not found
01-04 10:50:13.582  1864  1864 V AudioPolicyManagerBase: checkOutputForStrategy(0000,0000,5)
01-04 10:50:13.582  1864  1864 V AudioPolicyManagerBase: checkOutputForStrategy(0002,0002,1)
01-04 10:50:13.582  1864  1864 E AudioPolicyManagerBase: getDeviceForStrategy() speaker device not found
01-04 10:50:13.582  1864  1864 V AudioPolicyManagerBase: checkOutputForStrategy(0002,0002,2)
01-04 10:50:13.582  1864  1864 E AudioPolicyManagerBase: getDeviceForStrategy() speaker device not found
01-04 10:50:13.582  1864  1864 V AudioPolicyManagerBase: checkOutputForStrategy(0002,0002,3)
01-04 10:50:13.582  1864  1864 V AudioPolicyManagerBase: checkOutputForStrategy(0002,0002,0)
01-04 10:50:13.582  1864  1864 V AudioPolicyManagerBase: checkOutputForStrategy(0002,0002,4)
01-04 10:50:13.583  1864  1864 E AudioPolicyManagerBase: getDeviceForStrategy() speaker device not found
01-04 10:50:13.583  1864  1864 I chatty  : uid=1041(audioserver) /system/bin/audioserver identical 1 line
01-04 10:50:13.583  1864  1864 E AudioPolicyManagerBase: getDeviceForStrategy() speaker device not found
01-04 10:50:13.585  1864  1928 V AudioPolicyManagerBase: setForceUse() usage 2, config 0, mPhoneState 0
01-04 10:50:13.585  1864  1928 E AudioPolicyManagerBase: getDeviceForStrategy() speaker device not found
01-04 10:50:13.585  1864  1928 V AudioPolicyManagerBase: checkOutputForStrategy(0000,0000,5)
01-04 10:50:13.585  1864  1928 V AudioPolicyManagerBase: checkOutputForStrategy(0002,0002,1)
01-04 10:50:13.585  1864  1928 E AudioPolicyManagerBase: getDeviceForStrategy() speaker device not found
01-04 10:50:13.585  1864  1928 V AudioPolicyManagerBase: checkOutputForStrategy(0002,0002,2)
