01-04 10:50:39.716  1961  2005 I ActivityManager: Showing crash dialog for package com.android.printspooler u0
01-04 10:50:39.787  1854  1854 D         : -----close_copybit: 783--pid=1854----
01-04 10:50:39.787  1854  1854 I libblt_hw: Library closed (handle = 3, fd = 51)
01-04 10:50:39.814  1961  2432 I ActivityManager: Process com.android.printspooler (pid 2448) has died: fore IMPF
01-04 10:50:39.814  1961  2432 W ActivityManager: Scheduling restart of crashed service com.android.printspooler/.model.PrintSpoolerService in 1000ms
01-04 10:50:39.818  1961  2006 W system_server: kill(-2448, 9) failed: No such process
01-04 10:50:39.818  1961  2006 I system_server: Successfully killed process cgroup uid 10070 pid 2448 in 1ms
01-04 10:50:39.871  1809  1809 I Zygote  : Process 2448 exited due to signal (11)
01-04 10:50:39.880  1961  2574 D OpenGLRenderer: HWUI GL Pipeline
01-04 10:50:39.902  1961  2005 W Looper  : Dispatch took 233ms on android.ui, h=Handler (com.android.server.am.ActivityManagerService$UiHandler) {415e46d} cb=null msg=1
01-04 10:50:39.908  2535  2535 W zygote  : Verification of com.android.dialer.DialerPhoneNumber com.android.dialer.calllog.datasources.systemcalllog.SystemCallLogDataSource.getMostRecentPhoneNumber(java.util.List) took 127.166ms
01-04 10:50:39.925  2535  2535 I Dialer  : CallLogFramework.registerContentObservers - enter
01-04 10:50:39.954  1961  2005 W StaticLayout: maxLineHeight should not be -1.  maxLines:2 lineCount:2
01-04 10:50:39.955  1961  2005 I chatty  : uid=1000(system) android.ui identical 3 lines
01-04 10:50:39.955  1961  2005 W StaticLayout: maxLineHeight should not be -1.  maxLines:2 lineCount:2
01-04 10:50:39.975  1854  1854 D vndksupport: Loading /vendor/lib/hw/copybit.montblanc.so from current namespace instead of sphal namespace.
01-04 10:50:39.976  1854  1854 D         : -----open_copybit: 805---pid=1854---
01-04 10:50:39.977  1854  1854 I libblt_hw: Library opened (handle = 3, fd = 46)
01-04 10:50:39.977  1854  1854 D vndksupport: Loading /vendor/lib/hw/gralloc.montblanc.so from current namespace instead of sphal namespace.
01-04 10:50:39.992  1961  2574 D vndksupport: Loading /system/lib/egl/libEGL_mali.so from current namespace instead of sphal namespace.
01-04 10:50:40.016  1961  2005 W StaticLayout: maxLineHeight should not be -1.  maxLines:2 lineCount:2
01-04 10:50:40.017  1961  2005 I chatty  : uid=1000(system) android.ui identical 4 lines
01-04 10:50:40.017  1961  2005 W StaticLayout: maxLineHeight should not be -1.  maxLines:2 lineCount:2
01-04 10:50:40.037  1961  2574 W linker  : "/system/lib/egl/libEGL_mali.so" has text relocations (https://android.googlesource.com/platform/bionic/+/master/android-changes-for-ndk-developers.md#Text-Relocations-Enforced-for-API-level-23)
01-04 10:50:40.039  1961  2574 W linker  : "/system/lib/libMali.so" has text relocations (https://android.googlesource.com/platform/bionic/+/master/android-changes-for-ndk-developers.md#Text-Relocations-Enforced-for-API-level-23)
01-04 10:50:40.041  1961  2574 W linker  : "/system/lib/libUMP.so" has text relocations (https://android.googlesource.com/platform/bionic/+/master/android-changes-for-ndk-developers.md#Text-Relocations-Enforced-for-API-level-23)
01-04 10:50:40.043  1961  2574 D libEGL  : loaded /system/lib/egl/libEGL_mali.so
01-04 10:50:40.055  2535  2535 I Dialer  : CallLogFramework.registerContentObservers - new call log not enabled
01-04 10:50:40.071  1961  2574 W linker  : "/system/lib/egl/libGLESv1_CM_mali.so" has text relocations (https://android.googlesource.com/platform/bionic/+/master/android-changes-for-ndk-developers.md#Text-Relocations-Enforced-for-API-level-23)
01-04 10:50:40.086  1961  2574 W linker  : "/system/lib/egl/libGLESv2_mali.so" has text relocations (https://android.googlesource.com/platform/bionic/+/master/android-changes-for-ndk-developers.md#Text-Relocations-Enforced-for-API-level-23)
01-04 10:50:40.106  1961  2574 D vndksupport: Loading /system/lib/egl/libGLESv1_CM_mali.so from current namespace instead of sphal namespace.
01-04 10:50:40.109  1961  2574 D libEGL  : loaded /system/lib/egl/libGLESv1_CM_mali.so
01-04 10:50:40.223  2535  2535 I Dialer  : NonUiTaskBuilder.newThread - creating parallel thread
01-04 10:50:40.260  1961  2240 I ActivityManager: Start proc 2583:android.process.acore/u0a2 for content provider com.android.providers.contacts/.CallLogProvider
01-04 10:50:40.280  1961  2574 D vndksupport: Loading /system/lib/egl/libGLESv2_mali.so from current namespace instead of sphal namespace.
01-04 10:50:40.284  1961  2574 D libEGL  : loaded /system/lib/egl/libGLESv2_mali.so
01-04 10:50:40.284  2474  2520 V MediaProvider: pruneThumbnails 
01-04 10:50:40.296  2583  2583 W zygote  : Using default instruction set features for ARM CPU variant (cortex-a9) using conservative defaults
01-04 10:50:40.297  2474  2520 V MediaProvider: /pruneDeadThumbnailFiles... 
01-04 10:50:40.465  2195  2195 I com.android.phone: Looking for service android.hardware.radio@1.0::IRadio/slot1
01-04 10:50:40.468  2195  2195 I com.android.phone: Looking for service android.hardware.radio.deprecated@1.0::IOemHook/slot1
01-04 10:50:40.494  1961  2574 D vndksupport: Loading /vendor/lib/hw/gralloc.montblanc.so from current namespace instead of sphal namespace.
01-04 10:50:40.505  1961  2574 I system_server: android::hardware::configstore::V1_0::ISurfaceFlingerConfigs::hasWideColorDisplay retrieved: 0
01-04 10:50:40.505  1961  2574 I OpenGLRenderer: Initialized EGL, version 1.4
01-04 10:50:40.505  1961  2574 D OpenGLRenderer: Swap behavior 1
01-04 10:50:40.528  1732  1732 W /system/bin/hwservicemanager: getTransport: Cannot find entry android.hardware.graphics.mapper@2.0::IMapper/default in either framework or device manifest.
01-04 10:50:40.530  1961  2574 D vndksupport: Loading /vendor/lib/hw/android.hardware.graphics.mapper@2.0-impl.so from current namespace instead of sphal namespace.
01-04 10:50:40.533  1961  2574 D vndksupport: Loading /vendor/lib/hw/gralloc.montblanc.so from current namespace instead of sphal namespace.
01-04 10:50:40.610  1961  2005 W Looper  : Dispatch took 591ms on android.ui, h=Handler (android.view.Choreographer$FrameHandler) {72b93fe} cb=android.view.Choreographer$FrameDisplayEventReceiver@919975f msg=0
01-04 10:50:40.652  1854  1854 D vndksupport: Loading /vendor/lib/hw/copybit.montblanc.so from current namespace instead of sphal namespace.
01-04 10:50:40.653  1854  1854 D         : -----open_copybit: 805---pid=1854---
01-04 10:50:40.654  1854  1854 I libblt_hw: Library opened (handle = 4, fd = 56)
01-04 10:50:40.654  1854  1854 D vndksupport: Loading /vendor/lib/hw/gralloc.montblanc.so from current namespace instead of sphal namespace.
01-04 10:50:40.854  1961  2004 I ActivityManager: Start proc 2602:com.android.printspooler/u0a70 for service com.android.printspooler/.model.PrintSpoolerService
01-04 10:50:40.896  2602  2602 W zygote  : Using default instruction set features for ARM CPU variant (cortex-a9) using conservative defaults
01-04 10:50:41.008  2583  2583 I ContactsPerf: VoicemailContentProvider.onCreate start
01-04 10:50:41.115  2583  2583 I ContactsPerf: VoicemailContentProvider.onCreate finish
01-04 10:50:41.144  2583  2611 D ContactsDatabaseHelper: WAL enabled for contacts2.db: true
01-04 10:50:41.230  1961  2003 I ActivityManager: Start proc 2624:com.android.keychain/1000 for service com.android.keychain/.KeyChainService
01-04 10:50:41.265  2624  2624 W zygote  : Using default instruction set features for ARM CPU variant (cortex-a9) using conservative defaults
01-04 10:50:41.420  2535  2535 I Dialer  : VisualVoicemailUpdateTask.scheduleTask - update successful
01-04 10:50:41.430  1961  1961 I Telecom : DefaultDialerCache: Refreshing default dialer for user 0: now com.android.dialer: DDC.oR@ABQ
01-04 10:50:41.453  2195  2195 D CarrierConfigLoader: mHandler: 13 phoneId: 0
01-04 10:50:41.519  2583  2611 I ContactLocale: AddressBook Labels [[ru_RU]]: [, , , , , , , , , , , , , , , , , , , , , , , , , , , , , , , , , , , , , , , A, B, C, D, E, F, G, H, I, J, K, L, M, N, O, P, Q, R, S, T, U, V, W, X, Y, Z, , , , , , , , , , , , , , , , , , , , , , , , , , , , , , , , , , , , , , , , , , , , , , , , , , , , , , , , , , , , , , , , , , , , , , , , , , , , , , , , , , , , , , , , , , , , , , , , , , , , , , , , , , , , , , , , , , , , , , , , , , , , , , , , , , , , , , , , , , , , , , , , , , , , , , #, ]
01-04 10:50:41.523  2195  2645 D SIP     : [SipPreferences] isReceivingCallsEnabled, option not set; use default value, exception: android.provider.Settings$SettingNotFoundException: sip_receive_calls
01-04 10:50:41.545  1961  1996 I ActivityManager: Start proc 2646:com.android.calendar/u0a41 for broadcast com.android.calendar/.alerts.AlertReceiver
01-04 10:50:41.586  2646  2646 W zygote  : Using default instruction set features for ARM CPU variant (cortex-a9) using conservative defaults
01-04 10:50:41.644  2583  2611 D ContactsDatabaseHelper: WAL enabled for profile.db: false
01-04 10:50:41.678  1961  2003 E memtrack: Couldn't load memtrack module
01-04 10:50:41.678  1961  2003 W android.os.Debug: failed to get memory consumption info: -1
01-04 10:50:41.684  1961  2003 E memtrack: Couldn't load memtrack module
01-04 10:50:41.684  1961  2003 W android.os.Debug: failed to get memory consumption info: -1
01-04 10:50:41.689  1961  2003 E memtrack: Couldn't load memtrack module
01-04 10:50:41.689  1961  2003 W android.os.Debug: failed to get memory consumption info: -1
01-04 10:50:41.695  1961  2003 E memtrack: Couldn't load memtrack module
01-04 10:50:41.695  1961  2003 W android.os.Debug: failed to get memory consumption info: -1
01-04 10:50:41.698  1961  2003 E memtrack: Couldn't load memtrack module
01-04 10:50:41.698  1961  2003 W android.os.Debug: failed to get memory consumption info: -1
01-04 10:50:41.710  1961  2003 E memtrack: Couldn't load memtrack module
01-04 10:50:41.710  1961  2003 W android.os.Debug: failed to get memory consumption info: -1
01-04 10:50:41.714  1961  2003 E memtrack: Couldn't load memtrack module
01-04 10:50:41.714  1961  2003 W android.os.Debug: failed to get memory consumption info: -1
01-04 10:50:41.727  1961  2003 E memtrack: Couldn't load memtrack module
01-04 10:50:41.727  1961  2003 W android.os.Debug: failed to get memory consumption info: -1
01-04 10:50:41.735  1961  2003 E memtrack: Couldn't load memtrack module
01-04 10:50:41.736  1961  2003 W android.os.Debug: failed to get memory consumption info: -1
01-04 10:50:41.753  1961  2003 E memtrack: Couldn't load memtrack module
01-04 10:50:41.753  1961  2003 W android.os.Debug: failed to get memory consumption info: -1
01-04 10:50:41.763  1961  2003 E memtrack: Couldn't load memtrack module
01-04 10:50:41.764  1961  2003 W android.os.Debug: failed to get memory consumption info: -1
01-04 10:50:41.777  1961  2003 E memtrack: Couldn't load memtrack module
01-04 10:50:41.778  1961  2003 W android.os.Debug: failed to get memory consumption info: -1
01-04 10:50:41.793  1961  2003 E memtrack: Couldn't load memtrack module
01-04 10:50:41.793  1961  2003 W android.os.Debug: failed to get memory consumption info: -1
01-04 10:50:41.849  1961  2003 E memtrack: Couldn't load memtrack module
01-04 10:50:41.849  1961  2003 W android.os.Debug: failed to get memory consumption info: -1
01-04 10:50:41.854  1961  2003 E memtrack: Couldn't load memtrack module
01-04 10:50:41.854  1961  2003 W android.os.Debug: failed to get memory consumption info: -1
01-04 10:50:41.857  1961  2003 E memtrack: Couldn't load memtrack module
01-04 10:50:41.857  1961  2003 W android.os.Debug: failed to get memory consumption info: -1
01-04 10:50:41.863  1961  2003 E memtrack: Couldn't load memtrack module
01-04 10:50:41.864  1961  2003 W android.os.Debug: failed to get memory consumption info: -1
01-04 10:50:41.869  1961  2003 E memtrack: Couldn't load memtrack module
01-04 10:50:41.869  1961  2003 W android.os.Debug: failed to get memory consumption info: -1
01-04 10:50:41.876  1961  2003 E memtrack: Couldn't load memtrack module
01-04 10:50:41.876  1961  2003 W android.os.Debug: failed to get memory consumption info: -1
01-04 10:50:41.889  1961  2003 E memtrack: Couldn't load memtrack module
01-04 10:50:41.889  1961  2003 W android.os.Debug: failed to get memory consumption info: -1
01-04 10:50:41.902  2646  2646 D ExtensionsFactory: No custom extensions.
01-04 10:50:41.912  1961  2003 E memtrack: Couldn't load memtrack module
01-04 10:50:41.912  1961  2003 W android.os.Debug: failed to get memory consumption info: -1
01-04 10:50:41.917  1961  2003 E memtrack: Couldn't load memtrack module
01-04 10:50:41.918  1961  2003 W android.os.Debug: failed to get memory consumption info: -1
01-04 10:50:41.934  2646  2646 D AlertReceiver: onReceive: a=android.intent.action.BOOT_COMPLETED Intent { act=android.intent.action.BOOT_COMPLETED flg=0x9000010 cmp=com.android.calendar/.alerts.AlertReceiver (has extras) }
01-04 10:50:41.941  1961  2003 E memtrack: Couldn't load memtrack module
01-04 10:50:41.942  1961  2003 W android.os.Debug: failed to get memory consumption info: -1
01-04 10:50:41.981  1961  2003 E memtrack: Couldn't load memtrack module
01-04 10:50:41.981  1961  2003 W android.os.Debug: failed to get memory consumption info: -1
01-04 10:50:41.985  1961  2003 E memtrack: Couldn't load memtrack module
01-04 10:50:41.985  1961  2003 W android.os.Debug: failed to get memory consumption info: -1
01-04 10:50:41.994  1961  2210 I ActivityManager: Start proc 2665:com.android.cellbroadcastreceiver/u0a6 for broadcast com.android.cellbroadcastreceiver/.CellBroadcastReceiver
01-04 10:50:42.012  2646  2669 D AlertService: 0 Action = android.intent.action.BOOT_COMPLETED
01-04 10:50:42.023  2646  2669 D AlertService: Scheduling next alarm with AlarmScheduler. sEventReminderReceived: null
01-04 10:50:42.046  2665  2665 W zygote  : Using default instruction set features for ARM CPU variant (cortex-a9) using conservative defaults
01-04 10:50:42.075  1961  2240 I ActivityManager: Start proc 2680:com.android.providers.calendar/u0a4 for content provider com.android.providers.calendar/.CalendarProvider2
01-04 10:50:42.081  1961  2003 E memtrack: Couldn't load memtrack module
01-04 10:50:42.081  1961  2003 W android.os.Debug: failed to get memory consumption info: -1
01-04 10:50:42.095  1961  2003 E memtrack: Couldn't load memtrack module
01-04 10:50:42.096  1961  2003 W android.os.Debug: failed to get memory consumption info: -1
01-04 10:50:42.115  1961  2003 E memtrack: Couldn't load memtrack module
01-04 10:50:42.115  1961  2003 W android.os.Debug: failed to get memory consumption info: -1
01-04 10:50:42.126  2680  2680 W zygote  : Using default instruction set features for ARM CPU variant (cortex-a9) using conservative defaults
01-04 10:50:42.186  1961  2003 E memtrack: Couldn't load memtrack module
01-04 10:50:42.186  1961  2003 W android.os.Debug: failed to get memory consumption info: -1
01-04 10:50:42.218  2665  2665 D CellBroadcastReceiver: onReceive Intent { act=android.intent.action.BOOT_COMPLETED flg=0x9000010 cmp=com.android.cellbroadcastreceiver/.CellBroadcastReceiver (has extras) }
01-04 10:50:42.221  2665  2665 D CellBroadcastReceiver: Start Cell Broadcast configuration.
01-04 10:50:42.241  2665  2665 D CellBroadcastReceiver: Default interval 0 did not change.
01-04 10:50:42.283  1961  2420 I ActivityManager: Start proc 2699:com.android.contacts/u0a9 for broadcast com.android.contacts/.interactions.OnBootOrUpgradeReceiver
01-04 10:50:42.307  2195  2207 D IccSmsInterfaceManager: [IccSmsInterfaceManager] Calling setCdmaBroadcastConfig with 1 configurations
01-04 10:50:42.308  2195  2207 I com.android.phone: Looking for service android.hardware.radio@1.0::IRadio/slot1
01-04 10:50:42.314  2195  2207 D IccSmsInterfaceManager: [IccSmsInterfaceManager] Failed to add cdma broadcast subscription for MID range 4096 to 4096 from client com.android.cellbroadcastreceiver
01-04 10:50:42.324  1961  2003 E memtrack: Couldn't load memtrack module
01-04 10:50:42.324  1961  2003 W android.os.Debug: failed to get memory consumption info: -1
01-04 10:50:42.324  2195  2207 D IccSmsInterfaceManager: [IccSmsInterfaceManager] Calling setCdmaBroadcastConfig with 1 configurations
01-04 10:50:42.324  2195  2207 I com.android.phone: Looking for service android.hardware.radio@1.0::IRadio/slot1
01-04 10:50:42.327  2195  2207 D IccSmsInterfaceManager: [IccSmsInterfaceManager] Failed to add cdma broadcast subscription for MID range 4097 to 4097 from client com.android.cellbroadcastreceiver
01-04 10:50:42.335  2195  2208 D IccSmsInterfaceManager: [IccSmsInterfaceManager] Calling setCdmaBroadcastConfig with 1 configurations
01-04 10:50:42.336  2195  2208 I com.android.phone: Looking for service android.hardware.radio@1.0::IRadio/slot1
01-04 10:50:42.338  2195  2208 D IccSmsInterfaceManager: [IccSmsInterfaceManager] Failed to add cdma broadcast subscription for MID range 4098 to 4098 from client com.android.cellbroadcastreceiver
01-04 10:50:42.346  1961  2003 E memtrack: Couldn't load memtrack module
01-04 10:50:42.346  1961  2003 W android.os.Debug: failed to get memory consumption info: -1
01-04 10:50:42.347  2195  2208 D IccSmsInterfaceManager: [IccSmsInterfaceManager] Calling setCdmaBroadcastConfig with 1 configurations
01-04 10:50:42.347  2195  2208 I com.android.phone: Looking for service android.hardware.radio@1.0::IRadio/slot1
01-04 10:50:42.351  2195  2208 D IccSmsInterfaceManager: [IccSmsInterfaceManager] Failed to add cdma broadcast subscription for MID range 4099 to 4099 from client com.android.cellbroadcastreceiver
01-04 10:50:42.365  2195  2207 D IccSmsInterfaceManager: [IccSmsInterfaceManager] Failed to remove cdma broadcast subscription for MID range 4100 to 4100 from client com.android.cellbroadcastreceiver
01-04 10:50:42.365  2699  2699 W zygote  : Using default instruction set features for ARM CPU variant (cortex-a9) using conservative defaults
01-04 10:50:42.373  1961  2003 E memtrack: Couldn't load memtrack module
01-04 10:50:42.373  1961  2003 W android.os.Debug: failed to get memory consumption info: -1
01-04 10:50:42.377  2195  2207 D IccSmsInterfaceManager: [IccSmsInterfaceManager] Calling setGsmBroadcastConfig with 1 configurations
01-04 10:50:42.377  2195  2207 I com.android.phone: Looking for service android.hardware.radio@1.0::IRadio/slot1
01-04 10:50:42.384  2195  2207 D IccSmsInterfaceManager: [IccSmsInterfaceManager] Failed to add GSM cell broadcast subscription for MID range 4352 to 4354 from client com.android.cellbroadcastreceiver
01-04 10:50:42.404  2195  2207 D IccSmsInterfaceManager: [IccSmsInterfaceManager] Calling setGsmBroadcastConfig with 1 configurations
01-04 10:50:42.404  2195  2207 I com.android.phone: Looking for service android.hardware.radio@1.0::IRadio/slot1
01-04 10:50:42.408  2195  2207 D IccSmsInterfaceManager: [IccSmsInterfaceManager] Failed to add GSM cell broadcast subscription for MID range 4356 to 4356 from client com.android.cellbroadcastreceiver
01-04 10:50:42.417  2195  2207 D IccSmsInterfaceManager: [IccSmsInterfaceManager] Failed to remove GSM cell broadcast subscription for MID range 4355 to 4355 from client com.android.cellbroadcastreceiver
01-04 10:50:42.425  2195  2207 D IccSmsInterfaceManager: [IccSmsInterfaceManager] Calling setGsmBroadcastConfig with 1 configurations
01-04 10:50:42.425  2195  2207 I com.android.phone: Looking for service android.hardware.radio@1.0::IRadio/slot1
01-04 10:50:42.428  2195  2207 D IccSmsInterfaceManager: [IccSmsInterfaceManager] Failed to add GSM cell broadcast subscription for MID range 4370 to 4370 from client com.android.cellbroadcastreceiver
01-04 10:50:42.439  2195  2322 D IccSmsInterfaceManager: [IccSmsInterfaceManager] Calling setGsmBroadcastConfig with 1 configurations
01-04 10:50:42.440  2195  2322 I com.android.phone: Looking for service android.hardware.radio@1.0::IRadio/slot1
01-04 10:50:42.444  2195  2322 D IccSmsInterfaceManager: [IccSmsInterfaceManager] Failed to add GSM cell broadcast subscription for MID range 4371 to 4372 from client com.android.cellbroadcastreceiver
01-04 10:50:42.454  2195  2207 D IccSmsInterfaceManager: [IccSmsInterfaceManager] Calling setGsmBroadcastConfig with 1 configurations
01-04 10:50:42.454  2195  2207 I com.android.phone: Looking for service android.hardware.radio@1.0::IRadio/slot1
01-04 10:50:42.460  2195  2207 D IccSmsInterfaceManager: [IccSmsInterfaceManager] Failed to add GSM cell broadcast subscription for MID range 4373 to 4378 from client com.android.cellbroadcastreceiver
01-04 10:50:42.471  2195  2207 D IccSmsInterfaceManager: [IccSmsInterfaceManager] Calling setGsmBroadcastConfig with 1 configurations
01-04 10:50:42.471  2195  2207 I com.android.phone: Looking for service android.hardware.radio@1.0::IRadio/slot1
01-04 10:50:42.476  2195  2207 D IccSmsInterfaceManager: [IccSmsInterfaceManager] Failed to add GSM cell broadcast subscription for MID range 4379 to 4379 from client com.android.cellbroadcastreceiver
01-04 10:50:42.488  2195  2207 D IccSmsInterfaceManager: [IccSmsInterfaceManager] Failed to remove GSM cell broadcast subscription for MID range 4380 to 4382 from client com.android.cellbroadcastreceiver
01-04 10:50:42.499  2195  2207 D IccSmsInterfaceManager: [IccSmsInterfaceManager] Calling setGsmBroadcastConfig with 1 configurations
01-04 10:50:42.499  2195  2207 I com.android.phone: Looking for service android.hardware.radio@1.0::IRadio/slot1
01-04 10:50:42.504  2195  2207 D IccSmsInterfaceManager: [IccSmsInterfaceManager] Failed to add GSM cell broadcast subscription for MID range 4383 to 4383 from client com.android.cellbroadcastreceiver
01-04 10:50:42.512  2195  2207 D IccSmsInterfaceManager: [IccSmsInterfaceManager] Calling setGsmBroadcastConfig with 1 configurations
01-04 10:50:42.512  2195  2207 I com.android.phone: Looking for service android.hardware.radio@1.0::IRadio/slot1
01-04 10:50:42.516  2195  2207 D IccSmsInterfaceManager: [IccSmsInterfaceManager] Failed to add GSM cell broadcast subscription for MID range 4384 to 4385 from client com.android.cellbroadcastreceiver
01-04 10:50:42.524  2195  2207 D IccSmsInterfaceManager: [IccSmsInterfaceManager] Calling setGsmBroadcastConfig with 1 configurations
01-04 10:50:42.524  2195  2207 I com.android.phone: Looking for service android.hardware.radio@1.0::IRadio/slot1
01-04 10:50:42.525  1961  2003 E memtrack: Couldn't load memtrack module
01-04 10:50:42.526  1961  2003 W android.os.Debug: failed to get memory consumption info: -1
01-04 10:50:42.527  2195  2207 D IccSmsInterfaceManager: [IccSmsInterfaceManager] Failed to add GSM cell broadcast subscription for MID range 4386 to 4391 from client com.android.cellbroadcastreceiver
01-04 10:50:42.535  2195  2207 D IccSmsInterfaceManager: [IccSmsInterfaceManager] Calling setGsmBroadcastConfig with 1 configurations
01-04 10:50:42.535  2195  2207 I com.android.phone: Looking for service android.hardware.radio@1.0::IRadio/slot1
01-04 10:50:42.538  2195  2207 D IccSmsInterfaceManager: [IccSmsInterfaceManager] Failed to add GSM cell broadcast subscription for MID range 4392 to 4392 from client com.android.cellbroadcastreceiver
01-04 10:50:42.545  2195  2207 D IccSmsInterfaceManager: [IccSmsInterfaceManager] Failed to remove GSM cell broadcast subscription for MID range 4393 to 4395 from client com.android.cellbroadcastreceiver
01-04 10:50:42.574  1961  2003 E memtrack: Couldn't load memtrack module
01-04 10:50:42.575  1961  2003 W android.os.Debug: failed to get memory consumption info: -1
01-04 10:50:42.588  1961  2003 E memtrack: Couldn't load memtrack module
01-04 10:50:42.588  1961  2003 W android.os.Debug: failed to get memory consumption info: -1
01-04 10:50:42.615  1961  2003 E memtrack: Couldn't load memtrack module
01-04 10:50:42.615  1961  2003 W android.os.Debug: failed to get memory consumption info: -1
01-04 10:50:42.654  1961  2420 W Binder  : Outgoing transactions from this process must be FLAG_ONEWAY
01-04 10:50:42.654  1961  2420 W Binder  : java.lang.Throwable
01-04 10:50:42.654  1961  2420 W Binder  : 	at android.os.BinderProxy.transact(Binder.java:753)
01-04 10:50:42.654  1961  2420 W Binder  : 	at android.content.ContentProviderProxy.getType(ContentProviderNative.java:451)
01-04 10:50:42.654  1961  2420 W Binder  : 	at com.android.server.am.ActivityManagerService.getProviderMimeType(ActivityManagerService.java:12360)
01-04 10:50:42.654  1961  2420 W Binder  : 	at android.app.IActivityManager$Stub.onTransact(IActivityManager.java:1801)
01-04 10:50:42.654  1961  2420 W Binder  : 	at com.android.server.am.ActivityManagerService.onTransact(ActivityManagerService.java:2990)
01-04 10:50:42.654  1961  2420 W Binder  : 	at android.os.Binder.execTransact(Binder.java:697)
01-04 10:50:42.674  2379  2379 I AlarmClock: AlarmInitReceiver android.intent.action.BOOT_COMPLETED
01-04 10:50:42.684  2680  2680 I CalendarProvider2: Created com.android.providers.calendar.CalendarAlarmManager@d42dbdf(com.android.providers.calendar.CalendarProvider2@1efc02c)
01-04 10:50:42.703  1961  2003 E memtrack: Couldn't load memtrack module
01-04 10:50:42.703  1961  2003 W android.os.Debug: failed to get memory consumption info: -1
01-04 10:50:42.717  2379  2472 I AlarmClock: Fixing alarm instances
01-04 10:50:42.726  1961  2003 E memtrack: Couldn't load memtrack module
01-04 10:50:42.726  1961  2003 W android.os.Debug: failed to get memory consumption info: -1
01-04 10:50:42.735  1961  2003 E memtrack: Couldn't load memtrack module
01-04 10:50:42.735  1961  2003 W android.os.Debug: failed to get memory consumption info: -1
01-04 10:50:42.747  1961  2003 E memtrack: Couldn't load memtrack module
01-04 10:50:42.747  1961  2003 W android.os.Debug: failed to get memory consumption info: -1
01-04 10:50:42.747  2379  2472 V AlarmClock: AlarmInitReceiver finished
01-04 10:50:42.777  2535  2535 I Dialer  : VoicemailModule.provideVoicemailClient - providing VoicemailClientImpl
01-04 10:50:42.777  1961  2003 E memtrack: Couldn't load memtrack module
01-04 10:50:42.778  1961  2003 W android.os.Debug: failed to get memory consumption info: -1
01-04 10:50:42.785  1961  2003 E memtrack: Couldn't load memtrack module
01-04 10:50:42.786  1961  2003 W android.os.Debug: failed to get memory consumption info: -1
01-04 10:50:42.793  1961  2003 E memtrack: Couldn't load memtrack module
01-04 10:50:42.793  1961  2003 W android.os.Debug: failed to get memory consumption info: -1
01-04 10:50:42.797  1961  2003 E memtrack: Couldn't load memtrack module
01-04 10:50:42.797  1961  2003 W android.os.Debug: failed to get memory consumption info: -1
01-04 10:50:42.802  1961  2003 E memtrack: Couldn't load memtrack module
01-04 10:50:42.802  1961  2003 W android.os.Debug: failed to get memory consumption info: -1
01-04 10:50:42.805  2535  2535 I Dialer  : VvmOmtpService - onBoot
01-04 10:50:42.806  1961  2003 E memtrack: Couldn't load memtrack module
01-04 10:50:42.806  1961  2003 W android.os.Debug: failed to get memory consumption info: -1
01-04 10:50:42.847  1961  2420 I ActivityManager: Start proc 2722:com.android.email/u0a49 for broadcast com.android.email/.service.EmailBroadcastReceiver
01-04 10:50:42.854  1961  2003 E memtrack: Couldn't load memtrack module
01-04 10:50:42.854  1961  2003 W android.os.Debug: failed to get memory consumption info: -1
01-04 10:50:42.872  2646  2669 D AlarmScheduler: No events found starting within 1 week.
01-04 10:50:42.904  2722  2722 W zygote  : Using default instruction set features for ARM CPU variant (cortex-a9) using conservative defaults
01-04 10:50:43.373  1961  2210 I ActivityManager: Start proc 2739:com.android.exchange/u0a46 for service com.android.exchange/.service.EasService
01-04 10:50:43.400  2722  2744 D ActivityThread: Loading provider com.android.email.provider;com.android.email.notifier: com.android.email.provider.EmailProvider
01-04 10:50:43.418  2739  2739 W zygote  : Using default instruction set features for ARM CPU variant (cortex-a9) using conservative defaults
01-04 10:50:43.573  2128  2128 I SystemBroadcastReceiver: Boot has been completed
01-04 10:50:43.573  2128  2128 I SystemBroadcastReceiver: toggleAppIcon() : FLAG_SYSTEM = true
01-04 10:50:43.635  1961  2432 I ActivityManager: Start proc 2761:com.android.managedprovisioning/u0a17 for broadcast com.android.managedprovisioning/.preprovisioning.BootReminder
01-04 10:50:43.665  2761  2761 W zygote  : Using default instruction set features for ARM CPU variant (cortex-a9) using conservative defaults
01-04 10:50:43.690  1961  2210 W ActivityManager: Unable to start service Intent { cmp=com.android.email/.service.AttachmentService } U=0: not found
01-04 10:50:43.764  2722  2775 I Email   : Observing account changes for notifications
01-04 10:50:43.775  1961  1996 W ActivityManager: Unable to start service Intent { cmp=com.android.email/.service.AttachmentService } U=0: not found
01-04 10:50:43.836  2739  2739 I Exchange: EasService.onCreate
01-04 10:50:43.871  2739  2778 I Exchange: RestartPingTask
01-04 10:50:43.937  1961  2245 I ActivityManager: Start proc 2780:com.android.messaging/u0a74 for broadcast com.android.messaging/.receiver.BootAndPackageReplacedReceiver
01-04 10:50:43.972  2739  2739 I Exchange: RestartPingsTask did not start any pings.
01-04 10:50:43.973  2739  2739 I Exchange: PSS stopIfIdle
01-04 10:50:43.973  2739  2739 I Exchange: PSS has no active accounts; stopping service.
01-04 10:50:43.977  2739  2739 I Exchange: onDestroy
01-04 10:50:43.986  2780  2780 W zygote  : Using default instruction set features for ARM CPU variant (cortex-a9) using conservative defaults
01-04 10:50:44.381  2780  2780 W MessagingApp: PhoneUtils.getForLMR1(): invalid subId = -1
01-04 10:50:44.437  1961  2420 I ActivityManager: Start proc 2799:com.android.onetimeinitializer/u0a18 for broadcast com.android.onetimeinitializer/.OneTimeInitializerReceiver
01-04 10:50:44.471  2780  2797 W MessagingApp: PhoneUtils.getForLMR1(): invalid subId = -1
01-04 10:50:44.477  2799  2799 W zygote  : Using default instruction set features for ARM CPU variant (cortex-a9) using conservative defaults
01-04 10:50:44.477  2780  2798 I MessagingAppDataModel: Fixup: Send failed - 0 Download failed - 0
01-04 10:50:44.483  2780  2805 W MessagingApp: PhoneUtils.getForLMR1(): invalid subId = -1
01-04 10:50:44.503  2780  2798 W MessagingApp: PhoneUtils.getForLMR1(): invalid subId = -1
01-04 10:50:44.543  2780  2804 W MessagingApp: PhoneUtils.getForLMR1(): invalid subId = -1
01-04 10:50:44.550  2780  2798 W MessagingApp: PhoneUtils.getForLMR1(): invalid subId = -1
01-04 10:50:44.573  2780  2805 W MessagingApp: PhoneUtils.getForLMR1(): invalid subId = -1
01-04 10:50:44.577  2780  2805 W MessagingApp: PhoneUtils.getForLMR1(): invalid subId = -1
01-04 10:50:44.600  2780  2805 W MessagingApp: PhoneUtils.getSelfRawNumber: subInfo is null for -1
01-04 10:50:44.604  2780  2805 W MessagingApp: PhoneUtils.getForLMR1(): invalid subId = -1
01-04 10:50:44.707  2799  2799 V OneTimeInitializerReceiver: OneTimeInitializerReceiver.onReceive
01-04 10:50:44.716  2780  2817 I MessagingAppDataModel: SyncMessagesAction: Starting batch for messages from 1325659532031 to 1325659844358 (message update limit = 80, message scan limit = 4000)
01-04 10:50:44.746  2780  2798 W MessagingApp: PhoneUtils.getForLMR1(): invalid subId = -1
01-04 10:50:44.784  1961  2210 I ActivityManager: Start proc 2820:com.android.packageinstaller/u0a19 for broadcast com.android.packageinstaller/.TemporaryFileManager
01-04 10:50:44.815  2820  2820 W zygote  : Using default instruction set features for ARM CPU variant (cortex-a9) using conservative defaults
01-04 10:50:44.874  1961  2003 E memtrack: Couldn't load memtrack module
01-04 10:50:44.875  1961  2003 W android.os.Debug: failed to get memory consumption info: -1
01-04 10:50:45.089  2195  2195 I VvmSimStateTracker: android.intent.action.BOOT_COMPLETED
01-04 10:50:45.116  2780  2834 I MessagingAppDataModel: SyncMessagesAction: All messages now in sync
01-04 10:50:45.331  2397  2397 E AudioSystem-JNI: AudioSystem::listAudioPorts error -38
01-04 10:50:45.331  2397  2397 W AudioManager: updateAudioPortCache: listAudioPorts failed
01-04 10:50:45.332  2397  2397 E AudioSystem-JNI: AudioSystem::listAudioPorts error -38
01-04 10:50:45.332  2397  2397 W AudioManager: updateAudioPortCache: listAudioPorts failed
01-04 10:50:45.343  1961  1975 I zygote  : Background concurrent copying GC freed 16030(1453KB) AllocSpace objects, 73(7MB) LOS objects, 50% free, 6MB/12MB, paused 183us total 347.106ms
01-04 10:50:45.356  1961  2176 W ActivityManager: Slow operation: 52ms so far, now at startProcess: returned from zygote!
01-04 10:50:45.357  1961  2176 W ActivityManager: Slow operation: 52ms so far, now at startProcess: done updating battery stats
01-04 10:50:45.357  1961  2176 W ActivityManager: Slow operation: 52ms so far, now at startProcess: building log message
01-04 10:50:45.357  1961  2176 I ActivityManager: Start proc 2851:org.lineageos.lockclock/u0a62 for broadcast org.lineageos.lockclock/.ClockWidgetProvider
01-04 10:50:45.357  1961  2176 W ActivityManager: Slow operation: 52ms so far, now at startProcess: starting to update pids map
01-04 10:50:45.357  1961  2176 W ActivityManager: Slow operation: 52ms so far, now at startProcess: done updating pids map
01-04 10:50:45.357  1961  2176 W ActivityManager: Slow operation: 53ms so far, now at startProcess: done starting proc!
01-04 10:50:45.376  2851  2851 W zygote  : Using default instruction set features for ARM CPU variant (cortex-a9) using conservative defaults
01-04 10:50:45.382  2397  2397 D AudioFxService: rebuilding presets due to preference upgrade from 0 to 4
01-04 10:50:45.409  1864  1928 D PermissionCache: checking android.permission.MODIFY_AUDIO_SETTINGS for uid=10000 => granted (732 us)
01-04 10:50:45.410  1864  1928 E EffectsConfig: Failed to parse /vendor/etc/audio_effects.xml: Tinyxml2 error (3): /vendor/etc/audio_effects.xml (null)
01-04 10:50:45.410  1864  1928 E EffectsFactoryConfigLoader: Failed to parse XML configuration file
01-04 10:50:45.410  1864  1928 W EffectsFactory: Failed to load XML effect configuration, fallback to .conf
01-04 10:50:45.449  1864  1928 V AudioPolicyManagerBase: getOutputForEffect()
01-04 10:50:45.449  1864  1928 F libc    : Fatal signal 11 (SIGSEGV), code 1, fault addr 0x0 in tid 1928 (Binder:1864_1), pid 1864 (audioserver)
01-04 10:50:45.512  2867  2867 E cutils-trace: Error opening trace file: Permission denied (13)
01-04 10:50:45.537  2869  2869 I crash_dump32: obtaining output fd from tombstoned, type: kDebuggerdTombstone
01-04 10:50:45.538  1884  1884 I /system/bin/tombstoned: received crash request for pid 1864
01-04 10:50:45.539  2869  2869 I crash_dump32: performing dump of process 1864 (target tid = 1928)
01-04 10:50:45.541  2869  2869 F DEBUG   : *** *** *** *** *** *** *** *** *** *** *** *** *** *** *** ***
01-04 10:50:45.541  2869  2869 F DEBUG   : LineageOS Version: '15.1-20240525-UNOFFICIAL-golden'
01-04 10:50:45.541  2869  2869 F DEBUG   : Build fingerprint: 'samsung/lineage_golden/golden:8.1.0/OPM7.181205.001/4b0955dbdf:eng/test-keys'
01-04 10:50:45.541  2869  2869 F DEBUG   : Revision: '0'
01-04 10:50:45.542  2869  2869 F DEBUG   : ABI: 'arm'
01-04 10:50:45.542  2869  2869 F DEBUG   : pid: 1864, tid: 1928, name: Binder:1864_1  >>> /system/bin/audioserver <<<
01-04 10:50:45.542  2869  2869 F DEBUG   : signal 11 (SIGSEGV), code 1 (SEGV_MAPERR), fault addr 0x0
01-04 10:50:45.542  2869  2869 F DEBUG   : Cause: null pointer dereference
01-04 10:50:45.542  2869  2869 F DEBUG   :     r0 b4a4faa4  r1 00000004  r2 00000000  r3 00000000
01-04 10:50:45.542  2869  2869 F DEBUG   :     r4 b585300c  r5 00000000  r6 00000000  r7 00000000
01-04 10:50:45.542  2869  2869 F DEBUG   :     r8 b583d030  r9 b4a4fd48  sl 00000000  fp 00000000
01-04 10:50:45.543  2869  2869 F DEBUG   :     ip b64a5974  sp b4a4faa0  lr 00000000  pc b520bdc0  cpsr 600f0030
01-04 10:50:45.616  1961  2432 I ActivityManager: Start proc 2872:org.lineageos.updater/u0a28 for broadcast org.lineageos.updater/.UpdaterReceiver
01-04 10:50:45.655  2872  2872 W zygote  : Using default instruction set features for ARM CPU variant (cortex-a9) using conservative defaults
01-04 10:50:45.663  2869  2869 F DEBUG   : 
01-04 10:50:45.663  2869  2869 F DEBUG   : backtrace:
01-04 10:50:45.664  2869  2869 F DEBUG   :     #00 pc 0000adc0  /system/lib/libaudiopolicy_sec.so (android::AudioPolicyManagerBase::getOutputForEffect(effect_descriptor_s*)+91)
01-04 10:50:45.664  2869  2869 F DEBUG   :     #01 pc 00001c65  /system/lib/hw/audio_policy.DB8520H.so
01-04 10:50:45.664  2869  2869 F DEBUG   :     #02 pc 00009bdb  /system/lib/libaudiopolicyservice.so (android::AudioPolicyService::getOutputForEffect(effect_descriptor_s const*)+26)
01-04 10:50:45.664  2869  2869 F DEBUG   :     #03 pc 00028779  /system/lib/libaudioclient.so (android::AudioSystem::getOutputForEffect(effect_descriptor_s const*)+32)
01-04 10:50:45.664  2869  2869 F DEBUG   :     #04 pc 00015e25  /system/lib/libaudioflinger.so (android::AudioFlinger::createEffect(effect_descriptor_s*, android::sp<android::IEffectClient> const&, int, int, audio_session_t, android::String16 const&, int, int*, int*, int*)+632)
01-04 10:50:45.664  2869  2869 F DEBUG   :     #05 pc 000350e9  /system/lib/libaudioclient.so (android::BnAudioFlinger::onTransact(unsigned int, android::Parcel const&, android::Parcel*, unsigned int)+2636)
01-04 10:50:45.664  2869  2869 F DEBUG   :     #06 pc 0003c9c7  /system/lib/libbinder.so (android::BBinder::transact(unsigned int, android::Parcel const&, android::Parcel*, unsigned int)+70)
01-04 10:50:45.664  2869  2869 F DEBUG   :     #07 pc 00042b0d  /system/lib/libbinder.so (android::IPCThreadState::executeCommand(int)+564)
01-04 10:50:45.664  2869  2869 F DEBUG   :     #08 pc 000427d9  /system/lib/libbinder.so (android::IPCThreadState::getAndExecuteCommand()+112)
01-04 10:50:45.664  2869  2869 F DEBUG   :     #09 pc 00042cc3  /system/lib/libbinder.so (android::IPCThreadState::joinThreadPool(bool)+38)
01-04 10:50:45.664  2869  2869 F DEBUG   :     #10 pc 00058195  /system/lib/libbinder.so (android::PoolThread::threadLoop()+12)
01-04 10:50:45.664  2869  2869 F DEBUG   :     #11 pc 0000d331  /system/lib/libutils.so (android::Thread::_threadLoop(void*)+144)
01-04 10:50:45.664  2869  2869 F DEBUG   :     #12 pc 000487a3  /system/lib/libc.so (__pthread_start(void*)+22)
01-04 10:50:45.665  2869  2869 F DEBUG   :     #13 pc 0001b28b  /system/lib/libc.so (__start_thread+32)
01-04 10:50:46.028  2872  2872 D UpdatesCheckReceiver: Setting automatic updates check: Wed Jan 11 10:50:45 GMT+03:00 2012
01-04 10:50:46.040  2872  2872 D UpdatesCheckReceiver: Network not available, scheduling new check
01-04 10:50:46.046  2872  2872 D UpdatesCheckReceiver: Setting one-shot updates check: Wed Jan 04 12:50:46 GMT+03:00 2012
01-04 10:50:46.048  1961  1994 I ActivityManager: Finished processing BOOT_COMPLETED for u0
01-04 10:50:46.087  1961  1994 I ActivityManager: Start proc 2892:org.lineageos.eleven/u0a12 for broadcast org.lineageos.eleven/.appwidgets.AppWidgetLarge
01-04 10:50:46.116  2892  2892 W zygote  : Using default instruction set features for ARM CPU variant (cortex-a9) using conservative defaults
01-04 10:50:46.313  1961  2149 W NativeCrashListener: Couldn't find ProcessRecord for pid 1864
01-04 10:50:46.319  1884  1884 E /system/bin/tombstoned: Tombstone written to: /data/tombstones/tombstone_11
01-04 10:50:46.324  1961  2009 I BootReceiver: Copying /data/tombstones/tombstone_11 to DropBox (SYSTEM_TOMBSTONE)
01-04 10:50:46.347  1726  1726 I ServiceManager: service 'media.audio_flinger' died
01-04 10:50:46.347  2397  2397 E IAudioFlinger: createEffect error: Broken pipe
01-04 10:50:46.347  1726  1726 I ServiceManager: service 'media.audio_policy' died
01-04 10:50:46.347  2397  2397 E AudioEffect: set(): AudioFlinger could not create effect 0bed4300-ddd6-11db-8f34-0002a5d5c51b / ec7178ec-e5e1-4432-a3f4-4657e6795210, status: -32
01-04 10:50:46.347  1726  1726 I ServiceManager: service 'media.sound_trigger_hw' died
01-04 10:50:46.347  2397  2397 E AudioEffects-JNI: AudioEffect initCheck failed -3
01-04 10:50:46.347  2397  2397 E AudioEffect-JAVA: Error code -3 when initializing AudioEffect.
01-04 10:50:46.348  2414  2433 W AudioSystem: AudioPolicyService server died!
01-04 10:50:46.348  2114  2332 W AudioSystem: AudioPolicyService server died!
01-04 10:50:46.349  1961  2210 W AudioSystem: AudioFlinger server died!
01-04 10:50:46.349  2397  2397 E AudioFx-EffectSet: error creatingEffectSet (AndroidEffects) [  mSessionId: 0 mDeviceInfo: null mGlobalEnabled: false ], releasing and throwing!
01-04 10:50:46.349  1961  2210 W AudioSystem: AudioPolicyService server died!
01-04 10:50:46.349  1961  2210 W SoundTrigger: Sound trigger service died!
01-04 10:50:46.350  2135  2160 W AudioSystem: AudioPolicyService server died!
01-04 10:50:46.350  2397  2412 W AudioSystem: AudioFlinger server died!
01-04 10:50:46.350  2397  2412 W AudioSystem: AudioPolicyService server died!
01-04 10:50:46.351  1961  1961 I ServiceManager: Waiting for service media.audio_policy...
01-04 10:50:46.351  1961  2097 E AudioService: Audioserver died.
01-04 10:50:46.356  2397  2397 E AudioFxService: Failed to initialize defaults!
01-04 10:50:46.356  2397  2397 E AudioFxService: java.lang.RuntimeException: Cannot initialize effect engine for type: 0bed4300-ddd6-11db-8f34-0002a5d5c51b Error: -3
01-04 10:50:46.356  2397  2397 E AudioFxService: 	at android.media.audiofx.AudioEffect.<init>(AudioEffect.java:411)
01-04 10:50:46.356  2397  2397 E AudioFxService: 	at android.media.audiofx.Equalizer.<init>(Equalizer.java:139)
01-04 10:50:46.356  2397  2397 E AudioFxService: 	at org.lineageos.audiofx.backends.EffectSetWithAndroidEq.onCreate(EffectSetWithAndroidEq.java:39)
01-04 10:50:46.356  2397  2397 E AudioFxService: 	at org.lineageos.audiofx.backends.AndroidEffects.onCreate(AndroidEffects.java:53)
01-04 10:50:46.356  2397  2397 E AudioFxService: 	at org.lineageos.audiofx.backends.EffectSet.<init>(EffectSet.java:41)
01-04 10:50:46.356  2397  2397 E AudioFxService: 	at org.lineageos.audiofx.backends.EffectSetWithAndroidEq.<init>(EffectSetWithAndroidEq.java:34)
01-04 10:50:46.356  2397  2397 E AudioFxService: 	at org.lineageos.audiofx.backends.AndroidEffects.<init>(AndroidEffects.java:48)
01-04 10:50:46.356  2397  2397 E AudioFxService: 	at org.lineageos.audiofx.backends.EffectsFactory.createEffectSet(EffectsFactory.java:22)
01-04 10:50:46.356  2397  2397 E AudioFxService: 	at org.lineageos.audiofx.service.DevicePreferenceManager.saveAndApplyDefaults(DevicePreferenceManager.java:141)
01-04 10:50:46.356  2397  2397 E AudioFxService: 	at org.lineageos.audiofx.service.DevicePreferenceManager.initDefaults(DevicePreferenceManager.java:81)
01-04 10:50:46.356  2397  2397 E AudioFxService: 	at org.lineageos.audiofx.service.AudioFxService.onCreate(AudioFxService.java:131)
01-04 10:50:46.356  2397  2397 E AudioFxService: 	at android.app.ActivityThread.handleCreateService(ActivityThread.java:3339)
01-04 10:50:46.356  2397  2397 E AudioFxService: 	at android.app.ActivityThread.access$2300(ActivityThread.java:176)
01-04 10:50:46.356  2397  2397 E AudioFxService: 	at android.app.ActivityThread$H.handleMessage(ActivityThread.java:1677)
01-04 10:50:46.356  2397  2397 E AudioFxService: 	at android.os.Handler.dispatchMessage(Handler.java:106)
01-04 10:50:46.356  2397  2397 E AudioFxService: 	at android.os.Looper.loop(Looper.java:164)
01-04 10:50:46.356  2397  2397 E AudioFxService: 	at android.app.ActivityThread.main(ActivityThread.java:6494)
01-04 10:50:46.356  2397  2397 E AudioFxService: 	at java.lang.reflect.Method.invoke(Native Method)
01-04 10:50:46.356  2397  2397 E AudioFxService: 	at com.android.internal.os.RuntimeInit$MethodAndArgsCaller.run(RuntimeInit.java:438)
01-04 10:50:46.356  2397  2397 E AudioFxService: 	at com.android.internal.os.ZygoteInit.main(ZygoteInit.java:807)
01-04 10:50:46.376  2397  2397 I ServiceManager: Waiting for service media.audio_policy...
01-04 10:50:46.538  2195  2195 I com.android.phone: Looking for service android.hardware.radio@1.0::IRadio/slot1
01-04 10:50:46.542  2195  2195 I com.android.phone: Looking for service android.hardware.radio.deprecated@1.0::IOemHook/slot1
01-04 10:50:46.771  2912  2912 I FastMixerState: sMaxFastTracks = 8
01-04 10:50:46.777  2912  2912 I audioserver: ServiceManager: 0xb5899500
01-04 10:50:46.782  2912  2912 I AudioFlinger: Using default 3000 mSec as standby time.
01-04 10:50:46.786  2912  2912 I AudioPolicyService: AudioPolicyService CSTOR in legacy mode
01-04 10:50:46.805  2912  2912 W linker  : "/system/lib/hw/audio_policy.DB8520H.so" has text relocations (https://android.googlesource.com/platform/bionic/+/master/android-changes-for-ndk-developers.md#Text-Relocations-Enforced-for-API-level-23)
01-04 10:50:46.841  2912  2912 W linker  : "/system/lib/libaudiopolicy_sec.so" has text relocations (https://android.googlesource.com/platform/bionic/+/master/android-changes-for-ndk-developers.md#Text-Relocations-Enforced-for-API-level-23)
01-04 10:50:46.853  1961  2097 E AudioService: Audioserver started.
01-04 10:50:46.967  2912  2912 W linker  : "/system/lib/libcontrolcsc.so" has text relocations (https://android.googlesource.com/platform/bionic/+/master/android-changes-for-ndk-developers.md#Text-Relocations-Enforced-for-API-level-23)
01-04 10:50:46.995  2912  2912 W audioserver: type=1400 audit(0.0:30): avc: denied { search } for name="FactoryApp" dev=mmcblk0p11 ino=12 scontext=u:r:audioserver:s0 tcontext=u:object_r:unlabeled:s0 tclass=dir
01-04 10:50:47.005  2912  2912 I AudioPolicyManagerBase: ### stringToEnum() found AUDIO_DEVICE_OUT_EARPIECE
01-04 10:50:47.006  2912  2912 I AudioPolicyManagerBase: ### stringToEnum() found AUDIO_DEVICE_OUT_SPEAKER
01-04 10:50:47.006  2912  2912 V AudioPolicyManagerBase: loadGlobalConfig() mAttachedOutputDevices 0003
01-04 10:50:47.006  2912  2912 I AudioPolicyManagerBase: ### stringToEnum() found AUDIO_DEVICE_OUT_SPEAKER
01-04 10:50:47.006  2912  2912 V AudioPolicyManagerBase: loadGlobalConfig() mDefaultOutputDevice 0002
01-04 10:50:47.006  2912  2912 I AudioPolicyManagerBase: ### stringToEnum() found AUDIO_DEVICE_IN_BUILTIN_MIC
01-04 10:50:47.006  2912  2912 I AudioPolicyManagerBase: ### stringToEnum() found AUDIO_DEVICE_IN_BACK_MIC
01-04 10:50:47.006  2912  2912 I AudioPolicyManagerBase: ### stringToEnum() found AUDIO_DEVICE_IN_VOICE_CALL
01-04 10:50:47.006  2912  2912 V AudioPolicyManagerBase: loadGlobalConfig() mAvailableInputDevices 3100000
01-04 10:50:47.006  2912  2912 V AudioPolicyManagerBase: loadHwModules() loading module primary
01-04 10:50:47.006  2912  2912 V AudioPolicyManagerBase: loadHwModule() loading output primary
01-04 10:50:47.006  2912  2912 V AudioPolicyManagerBase: loadSamplingRates() adding rate 44100
01-04 10:50:47.006  2912  2912 V AudioPolicyManagerBase: loadOutChannels() AUDIO_CHANNEL_OUT_STEREO
01-04 10:50:47.006  2912  2912 I AudioPolicyManagerBase: ### stringToEnum() found AUDIO_CHANNEL_OUT_STEREO
01-04 10:50:47.006  2912  2912 I AudioPolicyManagerBase: ### stringToEnum() found AUDIO_FORMAT_PCM_16_BIT
01-04 10:50:47.006  2912  2912 I AudioPolicyManagerBase: ### stringToEnum() found AUDIO_DEVICE_OUT_EARPIECE
01-04 10:50:47.006  2912  2912 I AudioPolicyManagerBase: ### stringToEnum() found AUDIO_DEVICE_OUT_SPEAKER
01-04 10:50:47.006  2912  2912 I AudioPolicyManagerBase: ### stringToEnum() found AUDIO_DEVICE_OUT_ALL_SCO
01-04 10:50:47.006  2912  2912 I AudioPolicyManagerBase: ### stringToEnum() found AUDIO_DEVICE_OUT_WIRED_HEADSET
01-04 10:50:47.006  2912  2912 I AudioPolicyManagerBase: ### stringToEnum() found AUDIO_DEVICE_OUT_WIRED_HEADPHONE
01-04 10:50:47.006  2912  2912 I AudioPolicyManagerBase: ### stringToEnum() found AUDIO_DEVICE_OUT_ANLG_DOCK_HEADSET
01-04 10:50:47.006  2912  2912 I AudioPolicyManagerBase: ### stringToEnum() found AUDIO_OUTPUT_FLAG_PRIMARY
01-04 10:50:47.006  2912  2912 V AudioPolicyManagerBase: loadOutput() adding output mSupportedDevices 087f, mFlags 0002
01-04 10:50:47.006  2912  2912 V AudioPolicyManagerBase: loadHwModule() loading input primary
01-04 10:50:47.006  2912  2912 V AudioPolicyManagerBase: loadSamplingRates() adding rate 8000
01-04 10:50:47.006  2912  2912 V AudioPolicyManagerBase: loadSamplingRates() adding rate 11025
01-04 10:50:47.006  2912  2912 V AudioPolicyManagerBase: loadSamplingRates() adding rate 16000
01-04 10:50:47.006  2912  2912 V AudioPolicyManagerBase: loadSamplingRates() adding rate 22050
01-04 10:50:47.006  2912  2912 V AudioPolicyManagerBase: loadSamplingRates() adding rate 24000
01-04 10:50:47.006  2912  2912 V AudioPolicyManagerBase: loadSamplingRates() adding rate 32000
01-04 10:50:47.006  2912  2912 V AudioPolicyManagerBase: loadSamplingRates() adding rate 44100
01-04 10:50:47.006  2912  2912 V AudioPolicyManagerBase: loadSamplingRates() adding rate 48000
01-04 10:50:47.006  2912  2912 V AudioPolicyManagerBase: loadInChannels() AUDIO_CHANNEL_IN_MONO
01-04 10:50:47.006  2912  2912 I AudioPolicyManagerBase: ### stringToEnum() found AUDIO_CHANNEL_IN_MONO
01-04 10:50:47.006  2912  2912 V AudioPolicyManagerBase: loadInChannels() adding channelMask 0010
01-04 10:50:47.006  2912  2912 I AudioPolicyManagerBase: ### stringToEnum() found AUDIO_CHANNEL_IN_STEREO
01-04 10:50:47.006  2912  2912 V AudioPolicyManagerBase: loadInChannels() adding channelMask 000c
01-04 10:50:47.006  2912  2912 I AudioPolicyManagerBase: ### stringToEnum() found AUDIO_FORMAT_PCM_16_BIT
01-04 10:50:47.006  2912  2912 I AudioPolicyManagerBase: ### stringToEnum() found AUDIO_DEVICE_IN_BUILTIN_MIC
01-04 10:50:47.006  2912  2912 I AudioPolicyManagerBase: ### stringToEnum() found AUDIO_DEVICE_IN_BLUETOOTH_SCO_HEADSET
01-04 10:50:47.006  2912  2912 I AudioPolicyManagerBase: ### stringToEnum() found AUDIO_DEVICE_IN_WIRED_HEADSET
