--------- beginning of main
01-04 10:49:43.162  1725  1725 W auditd  : type=2000 audit(0.0:1): initialized
01-04 10:49:44.860  1725  1725 I auditd  : type=1403 audit(0.0:2): policy loaded auid=4294967295 ses=4294967295
01-04 10:49:48.010  1726  1726 I SELinux : SELinux: Loaded service_contexts from:
01-04 10:49:48.014  1726  1726 I SELinux :     /plat_service_contexts
01-04 10:49:48.014  1726  1726 I SELinux :     /nonplat_service_contexts
01-04 10:49:48.095  1733  1733 I SELinux : SELinux: Loaded service_contexts from:
01-04 10:49:48.098  1733  1733 I SELinux :     /vndservice_contexts
01-04 10:49:48.175  1732  1732 E hwservicemanager: BINDER_SET_INHERIT_FIFO_PRIO failed with error -1
01-04 10:49:48.289  1740  1740 E cutils-trace: Error opening trace file: No such file or directory (2)
01-04 10:49:48.290  1732  1732 E cutils-trace: Error opening trace file: No such file or directory (2)
01-04 10:49:48.299  1740  1740 D vndksupport: Loading /vendor/lib/hw/android.hardware.keymaster@3.0-impl.so from current namespace instead of sphal namespace.
01-04 10:49:48.335  1740  1740 I android.hardware.keymaster@3.0-impl: Fetching keymaster device name default
01-04 10:49:48.397  1740  1740 I android.hardware.keymaster@3.0-impl: Found keymaster0 module Keymaster OpenSSL HAL, version 2
01-04 10:49:48.397  1740  1740 I android.hardware.keymaster@3.0-impl: Keymaster0 module is software-only.  Using SoftKeymasterDevice instead.
01-04 10:49:48.400  1740  1740 I ServiceManagement: Removing namespace from process name android.hardware.keymaster@3.0-service to keymaster@3.0-s.
01-04 10:49:48.402  1740  1740 I android.hardware.keymaster@3.0-service: Registration complete for android.hardware.keymaster@3.0::IKeymasterDevice/default.
--------- beginning of system
01-04 10:49:48.510  1741  1741 I vold    : Vold 3.0 (the awakening) firing up
01-04 10:49:48.510  1741  1741 V vold    : Detected support for: exfat ext4 ntfs vfat
01-04 10:49:48.544  1741  1741 I vold    : [libfs_mgr]fs_mgr_read_fstab_dt(): failed to read fstab from dt
01-04 10:49:48.555  1741  1746 D vold    : e4crypt_init_user0
01-04 10:49:48.555  1741  1746 D vold    : e4crypt_prepare_user_storage for volume null, user 0, serial 0, flags 1
01-04 10:49:48.555  1741  1746 D vold    : Preparing: /data/system/users/0
01-04 10:49:48.559  1741  1746 D vold    : Preparing: /data/misc/profiles/cur/0
01-04 10:49:48.560  1741  1746 D vold    : Preparing: /data/system_de/0
01-04 10:49:48.561  1741  1746 D vold    : Preparing: /data/misc_de/0
01-04 10:49:48.562  1741  1746 D vold    : Preparing: /data/user_de/0
01-04 10:49:48.563  1741  1746 D vold    : e4crypt_unlock_user_key 0 serial=0 token_present=0
01-04 10:49:48.599  1763  1763 I /system/bin/tzdatacheck: timezone distro dir /data/misc/zoneinfo/current does not exist. No action required.
01-04 10:49:48.720  1804  1804 I sysinit : Running /system/etc/init.d/00banner
01-04 10:49:48.797  1808  1808 I lineage : _ _                                       
01-04 10:49:48.840  1810  1810 I lineage : | (_)_ __   ___  __ _  __ _  ___  ___  ___ 
01-04 10:49:48.877  1811  1811 I lineage : | | | '_ \ / _ \/ _` |/ _` |/ _ \/ _ \/ __|
01-04 10:49:48.915  1812  1812 I lineage : | | | | | |  __/ (_| | (_| |  __/ (_) \__ \
01-04 10:49:48.952  1813  1813 I lineage : |_|_|_| |_|\___|\__,_|\__, |\___|\___/|___/
01-04 10:49:48.991  1814  1814 I lineage :                       |___/
01-04 10:49:48.998  1807  1807 I Netd    : Netd 1.0 starting
01-04 10:49:49.004  1807  1807 D TetherController: Setting IP forward enable = 0
01-04 10:49:49.118  1807  1807 I Netd    : Creating child chains: 65.9ms
01-04 10:49:49.118  1807  1807 I Netd    : Setting up OEM hooks: 0.3ms
01-04 10:49:49.131  1807  1807 I Netd    : Setting up FirewallController hooks: 12.3ms
01-04 10:49:49.138  1807  1807 I Netd    : Setting up NatController hooks: 7.9ms
01-04 10:49:49.145  1807  1807 I Netd    : Setting up BandwidthController hooks: 6.6ms
01-04 10:49:49.145  1807  1807 I Netd    : Setting up IdletimerController hooks: 0.1ms
01-04 10:49:49.158  1807  1807 I Netd    : Disabling bandwidth control: 12.5ms
01-04 10:49:49.161  1807  1807 E Netd    : cannot find interface dummy0
01-04 10:49:49.180  1819  1819 I lineage : Welcome to Android 8.1.0 / LineageOS-15.1-20240525-UNOFFICIAL-golden
01-04 10:49:49.185  1807  1807 I Netd    : Initializing RouteController: 27.1ms
01-04 10:49:49.188  1807  1807 D MDnsDS  : MDnsSdListener::Hander starting up
01-04 10:49:49.192  1807  1807 I Netd    : Registering NetdNativeService: 4.0ms
01-04 10:49:49.193  1807  1807 I Netd    : Starting CommandListener: 0.7ms
01-04 10:49:49.201  1807  1831 D MDnsDS  : MDnsSdListener starting to monitor
01-04 10:49:49.201  1807  1831 D MDnsDS  : Going to poll with pollCount 1
01-04 10:49:49.215  1807  1807 E cutils-trace: Error opening trace file: No such file or directory (2)
01-04 10:49:49.219  1807  1807 I Netd    : Registering NetdHwService: 25.8ms
01-04 10:49:49.219  1807  1807 I Netd    : Netd started in 223ms
01-04 10:49:49.244  1824  1824 I sysinit : Running /system/etc/init.d/90userinit
01-04 10:49:49.557  1842  1842 W linker  : "/system/bin/copsdaemon" has text relocations (https://android.googlesource.com/platform/bionic/+/master/android-changes-for-ndk-developers.md#Text-Relocations-Enforced-for-API-level-23)
01-04 10:49:49.558  1842  1842 W linker  : "/system/lib/libshmnetlnk.so" has text relocations (https://android.googlesource.com/platform/bionic/+/master/android-changes-for-ndk-developers.md#Text-Relocations-Enforced-for-API-level-23)
01-04 10:49:49.558  1842  1842 W linker  : "/system/lib/libcops.so" has text relocations (https://android.googlesource.com/platform/bionic/+/master/android-changes-for-ndk-developers.md#Text-Relocations-Enforced-for-API-level-23)
01-04 10:49:49.559  1842  1842 W linker  : "/system/lib/libcspsa.so" has text relocations (https://android.googlesource.com/platform/bionic/+/master/android-changes-for-ndk-developers.md#Text-Relocations-Enforced-for-API-level-23)
01-04 10:49:49.559  1842  1842 W linker  : "/system/lib/libtee.so" has text relocations (https://android.googlesource.com/platform/bionic/+/master/android-changes-for-ndk-developers.md#Text-Relocations-Enforced-for-API-level-23)
01-04 10:49:49.866  1844  1844 I ServiceManagement: Removing namespace from process name android.hidl.allocator@1.0-service to allocator@1.0-s.
01-04 10:49:49.867  1844  1844 E cutils-trace: Error opening trace file: No such file or directory (2)
01-04 10:49:49.964  1846  1846 W android.hardwar: type=1400 audit(0.0:3): avc: denied { read } for name="online" dev=sysfs ino=27 scontext=u:r:hal_cas_default:s0 tcontext=u:object_r:sysfs:s0 tclass=file
01-04 10:49:49.994  1846  1846 W android.hardwar: type=1400 audit(0.0:4): avc: denied { open } for name="online" dev=sysfs ino=27 scontext=u:r:hal_cas_default:s0 tcontext=u:object_r:sysfs:s0 tclass=file
01-04 10:49:49.994  1846  1846 W android.hardwar: type=1400 audit(0.0:5): avc: denied { getattr } for path="/sys/devices/system/cpu/online" dev=sysfs ino=27 scontext=u:r:hal_cas_default:s0 tcontext=u:object_r:sysfs:s0 tclass=file
01-04 10:49:50.047  1846  1846 D android.hardware.cas@1.0-service: android.hardware.cas@1.0-service starting...
01-04 10:49:50.048  1846  1846 I ServiceManagement: Removing namespace from process name android.hardware.cas@1.0-service to cas@1.0-service.
01-04 10:49:50.048  1846  1846 E cutils-trace: Error opening trace file: No such file or directory (2)
01-04 10:49:50.236  1853  1853 I lowmemorykiller: Using in-kernel low memory killer interface
01-04 10:49:50.247  1848  1848 W /vendor/bin/hw/android.hardware.configstore@1.0-service: Could not find seccomp policy file at: /vendor/etc/seccomp_policy/configstore@1.0.policy
01-04 10:49:50.247  1848  1848 I ServiceManagement: Removing namespace from process name android.hardware.configstore@1.0-service to configstore@1.0.
01-04 10:49:50.248  1848  1848 E cutils-trace: Error opening trace file: Permission denied (13)
01-04 10:49:50.278  1849  1849 I ServiceManagement: Removing namespace from process name android.hardware.usb@1.0-service to usb@1.0-service.
01-04 10:49:50.279  1849  1849 E cutils-trace: Error opening trace file: Permission denied (13)
01-04 10:49:50.288  1849  1849 I android.hardware.usb@1.0-service: USB HAL Ready.
01-04 10:49:50.376  1721  1724 E adbd    : remote usb: read terminated (message): I/O error
01-04 10:49:50.534  1809  1809 D AndroidRuntime: >>>>>> START com.android.internal.os.ZygoteInit uid 0 <<<<<<
01-04 10:49:50.444  1852  1852 W healthd : type=1400 audit(0.0:6): avc: denied { write } for name="trace_marker" dev=debugfs ino=185 scontext=u:r:healthd:s0 tcontext=u:object_r:debugfs:s0 tclass=file
01-04 10:49:50.484  1852  1852 W healthd : type=1400 audit(0.0:7): avc: denied { open } for name="trace_marker" dev=debugfs ino=185 scontext=u:r:healthd:s0 tcontext=u:object_r:debugfs:s0 tclass=file
01-04 10:49:50.569  1855  1855 E cutils-trace: Error opening trace file: Permission denied (13)
01-04 10:49:50.584  1732  1732 W /system/bin/hwservicemanager: getTransport: Cannot find entry android.hardware.thermal@1.1::IThermal/default in either framework or device manifest.
01-04 10:49:50.587  1850  1850 I android.hardware.wifi@1.0-service: Wifi Hal is booting up...
01-04 10:49:50.589  1850  1850 E cutils-trace: Error opening trace file: Permission denied (13)
01-04 10:49:50.599  1855  1855 W thermalserviced: Unable to get Thermal HAL V1.1, vendor thermal event notification not available
01-04 10:49:50.863  1809  1809 I zygote  : option[0]=-Xzygote
01-04 10:49:50.863  1809  1809 I zygote  : option[1]=-Xcheck:jni
01-04 10:49:50.863  1809  1809 I zygote  : option[2]=-Xusetombstonedtraces
01-04 10:49:50.863  1809  1809 I zygote  : option[3]=exit
01-04 10:49:50.863  1809  1809 I zygote  : option[4]=vfprintf
01-04 10:49:50.863  1809  1809 I zygote  : option[5]=sensitiveThread
01-04 10:49:50.863  1809  1809 I zygote  : option[6]=-verbose:gc
01-04 10:49:50.863  1809  1809 I zygote  : option[7]=-Xms8m
01-04 10:49:50.863  1809  1809 I zygote  : option[8]=-Xmx256m
01-04 10:49:50.864  1809  1809 I zygote  : option[9]=-XX:HeapGrowthLimit=96m
01-04 10:49:50.864  1809  1809 I zygote  : option[10]=-XX:HeapMinFree=512k
01-04 10:49:50.864  1809  1809 I zygote  : option[11]=-XX:HeapMaxFree=8m
01-04 10:49:50.864  1809  1809 I zygote  : option[12]=-XX:HeapTargetUtilization=0.75
01-04 10:49:50.864  1809  1809 I zygote  : option[13]=-Xusejit:true
01-04 10:49:50.864  1809  1809 I zygote  : option[14]=-Xjitsaveprofilinginfo
01-04 10:49:50.864  1809  1809 I zygote  : option[15]=-agentlib:jdwp=transport=dt_android_adb,suspend=n,server=y
01-04 10:49:50.864  1809  1809 I zygote  : option[16]=-Xlockprofthreshold:500
01-04 10:49:50.864  1809  1809 I zygote  : option[17]=-Ximage-compiler-option
01-04 10:49:50.864  1809  1809 I zygote  : option[18]=--runtime-arg
01-04 10:49:50.864  1809  1809 I zygote  : option[19]=-Ximage-compiler-option
01-04 10:49:50.864  1809  1809 I zygote  : option[20]=-Xms64m
01-04 10:49:50.864  1809  1809 I zygote  : option[21]=-Ximage-compiler-option
01-04 10:49:50.864  1809  1809 I zygote  : option[22]=--runtime-arg
01-04 10:49:50.864  1809  1809 I zygote  : option[23]=-Ximage-compiler-option
01-04 10:49:50.864  1809  1809 I zygote  : option[24]=-Xmx64m
01-04 10:49:50.864  1809  1809 I zygote  : option[25]=-Ximage-compiler-option
01-04 10:49:50.864  1809  1809 I zygote  : option[26]=--compiler-filter=verify-at-runtime
01-04 10:49:50.864  1809  1809 I zygote  : option[27]=-Ximage-compiler-option
01-04 10:49:50.864  1809  1809 I zygote  : option[28]=--image-classes=/system/etc/preloaded-classes
01-04 10:49:50.864  1809  1809 I zygote  : option[29]=-Ximage-compiler-option
01-04 10:49:50.864  1809  1809 I zygote  : option[30]=--compiled-classes=/system/etc/compiled-classes
01-04 10:49:50.864  1809  1809 I zygote  : option[31]=-Ximage-compiler-option
01-04 10:49:50.864  1809  1809 I zygote  : option[32]=--dirty-image-objects=/system/etc/dirty-image-objects
01-04 10:49:50.864  1809  1809 I zygote  : option[33]=-Xcompiler-option
01-04 10:49:50.864  1809  1809 I zygote  : option[34]=--runtime-arg
01-04 10:49:50.864  1809  1809 I zygote  : option[35]=-Xcompiler-option
01-04 10:49:50.864  1809  1809 I zygote  : option[36]=-Xms64m
01-04 10:49:50.864  1809  1809 I zygote  : option[37]=-Xcompiler-option
01-04 10:49:50.864  1809  1809 I zygote  : option[38]=--runtime-arg
01-04 10:49:50.864  1809  1809 I zygote  : option[39]=-Xcompiler-option
01-04 10:49:50.864  1809  1809 I zygote  : option[40]=-Xmx512m
01-04 10:49:50.865  1809  1809 I zygote  : option[41]=-Ximage-compiler-option
01-04 10:49:50.865  1809  1809 I zygote  : option[42]=--instruction-set-variant=cortex-a9
01-04 10:49:50.865  1809  1809 I zygote  : option[43]=-Xcompiler-option
01-04 10:49:50.865  1809  1809 I zygote  : option[44]=--instruction-set-variant=cortex-a9
01-04 10:49:50.865  1809  1809 I zygote  : option[45]=-Ximage-compiler-option
01-04 10:49:50.865  1809  1809 I zygote  : option[46]=--instruction-set-features=default
01-04 10:49:50.865  1809  1809 I zygote  : option[47]=-Xcompiler-option
01-04 10:49:50.865  1809  1809 I zygote  : option[48]=--instruction-set-features=default
01-04 10:49:50.865  1809  1809 I zygote  : option[49]=-Duser.locale=ru-RU
01-04 10:49:50.865  1809  1809 I zygote  : option[50]=--cpu-abilist=armeabi-v7a,armeabi
01-04 10:49:50.865  1809  1809 I zygote  : option[51]=-Xfingerprint:samsung/lineage_golden/golden:8.1.0/OPM7.181205.001/4b0955dbdf:eng/test-keys
01-04 10:49:51.025  1866  1866 I installd: installd firing up
01-04 10:49:51.068  1809  1809 W zygote  : Could not reserve sentinel fault page
01-04 10:49:51.203  1721  1860 E adbd    : remote usb: read terminated (message): I/O error
01-04 10:49:51.235  1861  1861 W linker  : "/system/bin/admsrv" has text relocations (https://android.googlesource.com/platform/bionic/+/master/android-changes-for-ndk-developers.md#Text-Relocations-Enforced-for-API-level-23)
01-04 10:49:51.235  1861  1861 W linker  : "/system/lib/libste_adm.so" has text relocations (https://android.googlesource.com/platform/bionic/+/master/android-changes-for-ndk-developers.md#Text-Relocations-Enforced-for-API-level-23)
01-04 10:49:51.276  1857  1857 W linker  : "/system/bin/at_core" has text relocations (https://android.googlesource.com/platform/bionic/+/master/android-changes-for-ndk-developers.md#Text-Relocations-Enforced-for-API-level-23)
01-04 10:49:51.321  1867  1867 E cutils-trace: Error opening trace file: Permission denied (13)
01-04 10:49:51.364  1861  1861 W linker  : "/system/lib/libste_ens_audio_samplerateconv.so" has text relocations (https://android.googlesource.com/platform/bionic/+/master/android-changes-for-ndk-developers.md#Text-Relocations-Enforced-for-API-level-23)
01-04 10:49:51.385  1867  1867 D vndksupport: Loading /vendor/lib/hw/android.hardware.keymaster@3.0-impl.so from current namespace instead of sphal namespace.
01-04 10:49:51.387  1867  1867 I android.hardware.keymaster@3.0-impl: Fetching keymaster device name default
01-04 10:49:51.388  1867  1867 I android.hardware.keymaster@3.0-impl: Found keymaster0 module Keymaster OpenSSL HAL, version 2
01-04 10:49:51.389  1867  1867 I android.hardware.keymaster@3.0-impl: Keymaster0 module is software-only.  Using SoftKeymasterDevice instead.
01-04 10:49:51.435  1857  1857 W linker  : "/system/lib/libcn.so" has text relocations (https://android.googlesource.com/platform/bionic/+/master/android-changes-for-ndk-developers.md#Text-Relocations-Enforced-for-API-level-23)
01-04 10:49:51.437  1857  1857 W linker  : "/system/lib/libstecom.so" has text relocations (https://android.googlesource.com/platform/bionic/+/master/android-changes-for-ndk-developers.md#Text-Relocations-Enforced-for-API-level-23)
01-04 10:49:51.470  1857  1857 W linker  : "/system/lib/libmpl.so" has text relocations (https://android.googlesource.com/platform/bionic/+/master/android-changes-for-ndk-developers.md#Text-Relocations-Enforced-for-API-level-23)
01-04 10:49:51.470  1884  1884 I /system/bin/tombstoned: tombstoned successfully initialized
01-04 10:49:51.470  1857  1857 W linker  : "/system/lib/libpscc.so" has text relocations (https://android.googlesource.com/platform/bionic/+/master/android-changes-for-ndk-developers.md#Text-Relocations-Enforced-for-API-level-23)
01-04 10:49:51.496  1883  1883 I perfprofd: starting Android Wide Profiling daemon
01-04 10:49:51.517  1857  1857 W linker  : "/system/lib/libsterc.so" has text relocations (https://android.googlesource.com/platform/bionic/+/master/android-changes-for-ndk-developers.md#Text-Relocations-Enforced-for-API-level-23)
01-04 10:49:51.519  1857  1857 W linker  : "/system/lib/libsms_server.so" has text relocations (https://android.googlesource.com/platform/bionic/+/master/android-changes-for-ndk-developers.md#Text-Relocations-Enforced-for-API-level-23)
01-04 10:49:51.519  1857  1857 W linker  : "/system/lib/libcops.so" has text relocations (https://android.googlesource.com/platform/bionic/+/master/android-changes-for-ndk-developers.md#Text-Relocations-Enforced-for-API-level-23)
01-04 10:49:51.520  1857  1857 W linker  : "/system/lib/libcspsa.so" has text relocations (https://android.googlesource.com/platform/bionic/+/master/android-changes-for-ndk-developers.md#Text-Relocations-Enforced-for-API-level-23)
01-04 10:49:51.521  1857  1857 W linker  : "/system/lib/libmalrf.so" has text relocations (https://android.googlesource.com/platform/bionic/+/master/android-changes-for-ndk-developers.md#Text-Relocations-Enforced-for-API-level-23)
01-04 10:49:51.521  1857  1857 W linker  : "/system/lib/libste_adm.so" has text relocations (https://android.googlesource.com/platform/bionic/+/master/android-changes-for-ndk-developers.md#Text-Relocations-Enforced-for-API-level-23)
01-04 10:49:51.532  1883  1883 E perfprofd: unable to open configuration file /data/data/com.google.android.gms/files/perfprofd.conf
01-04 10:49:51.533  1883  1883 I perfprofd: random seed set to 1269526899
01-04 10:49:51.661  1854  1854 E cutils-trace: Error opening trace file: Permission denied (13)
01-04 10:49:51.669  1854  1854 I /system/bin/surfaceflinger: android::hardware::configstore::V1_0::ISurfaceFlingerConfigs::maxFrameBufferAcquiredBuffers retrieved: 2 (default)
01-04 10:49:51.689  1854  1854 I /system/bin/surfaceflinger: android::hardware::configstore::V1_0::ISurfaceFlingerConfigs::startGraphicsAllocatorService retrieved: 0
01-04 10:49:51.700  1854  1854 I SurfaceFlinger: SurfaceFlinger is starting
01-04 10:49:51.701  1854  1854 I /system/bin/surfaceflinger: android::hardware::configstore::V1_0::ISurfaceFlingerConfigs::vsyncEventPhaseOffsetNs retrieved: 1000000 (default)
01-04 10:49:51.702  1854  1854 I /system/bin/surfaceflinger: android::hardware::configstore::V1_0::ISurfaceFlingerConfigs::vsyncSfEventPhaseOffsetNs retrieved: 1000000 (default)
01-04 10:49:51.703  1854  1854 I /system/bin/surfaceflinger: android::hardware::configstore::V1_0::ISurfaceFlingerConfigs::maxVirtualDisplaySize retrieved: 0 (default)
01-04 10:49:51.706  1854  1854 I /system/bin/surfaceflinger: android::hardware::configstore::V1_0::ISurfaceFlingerConfigs::hasSyncFramework retrieved: 0
01-04 10:49:51.707  1854  1854 I /system/bin/surfaceflinger: android::hardware::configstore::V1_0::ISurfaceFlingerConfigs::useContextPriority retrieved: 0 (default)
01-04 10:49:51.710  1854  1854 I /system/bin/surfaceflinger: android::hardware::configstore::V1_0::ISurfaceFlingerConfigs::presentTimeOffsetFromVSyncNs retrieved: 0
01-04 10:49:51.711  1854  1854 I /system/bin/surfaceflinger: android::hardware::configstore::V1_0::ISurfaceFlingerConfigs::useHwcForRGBtoYUV retrieved: 0
01-04 10:49:51.711  1854  1854 I /system/bin/surfaceflinger: android::hardware::configstore::V1_0::ISurfaceFlingerConfigs::maxFrameBufferAcquiredBuffers retrieved: 2 (default)
01-04 10:49:51.714  1854  1854 I SurfaceFlinger: Enabling HWC virtual displays
01-04 10:49:51.717  1854  1854 I SurfaceFlinger: Disabling Triple Buffering
01-04 10:49:51.718  1854  1854 I SurfaceFlinger: SurfaceFlinger's main thread ready to run. Initializing graphics H/W...
01-04 10:49:51.725  1854  1854 D vndksupport: Loading /system/lib/egl/libEGL_mali.so from current namespace instead of sphal namespace.
01-04 10:49:51.754  1854  1854 W linker  : "/system/lib/egl/libEGL_mali.so" has text relocations (https://android.googlesource.com/platform/bionic/+/master/android-changes-for-ndk-developers.md#Text-Relocations-Enforced-for-API-level-23)
01-04 10:49:51.756  1854  1854 W linker  : "/system/lib/libMali.so" has text relocations (https://android.googlesource.com/platform/bionic/+/master/android-changes-for-ndk-developers.md#Text-Relocations-Enforced-for-API-level-23)
01-04 10:49:51.763  1854  1854 W linker  : "/system/lib/libUMP.so" has text relocations (https://android.googlesource.com/platform/bionic/+/master/android-changes-for-ndk-developers.md#Text-Relocations-Enforced-for-API-level-23)
01-04 10:49:51.764  1854  1854 D libEGL  : loaded /system/lib/egl/libEGL_mali.so
01-04 10:49:51.774  1854  1854 W linker  : "/system/lib/egl/libGLESv1_CM_mali.so" has text relocations (https://android.googlesource.com/platform/bionic/+/master/android-changes-for-ndk-developers.md#Text-Relocations-Enforced-for-API-level-23)
01-04 10:49:51.788  1854  1854 W linker  : "/system/lib/egl/libGLESv2_mali.so" has text relocations (https://android.googlesource.com/platform/bionic/+/master/android-changes-for-ndk-developers.md#Text-Relocations-Enforced-for-API-level-23)
01-04 10:49:51.795  1854  1854 D vndksupport: Loading /system/lib/egl/libGLESv1_CM_mali.so from current namespace instead of sphal namespace.
01-04 10:49:51.796  1854  1854 D libEGL  : loaded /system/lib/egl/libGLESv1_CM_mali.so
01-04 10:49:51.843  1869  1869 I mediaserver: ServiceManager: 0xb6099560
01-04 10:49:51.888  1876  1876 I wificond: wificond is starting up...
01-04 10:49:52.050  1854  1854 D vndksupport: Loading /system/lib/egl/libGLESv2_mali.so from current namespace instead of sphal namespace.
01-04 10:49:52.051  1854  1854 D libEGL  : loaded /system/lib/egl/libGLESv2_mali.so
01-04 10:49:52.062  1881  1881 I gatekeeperd: Starting gatekeeperd...
01-04 10:49:52.067  1732  1732 W /system/bin/hwservicemanager: getTransport: Cannot find entry android.hardware.gatekeeper@1.0::IGatekeeper/default in either framework or device manifest.
01-04 10:49:52.093  1881  1881 W gatekeeperd: falling back to software GateKeeper
01-04 10:49:52.126  1861  1861 W linker  : "/system/lib/libste_audio_mixer.so" has text relocations (https://android.googlesource.com/platform/bionic/+/master/android-changes-for-ndk-developers.md#Text-Relocations-Enforced-for-API-level-23)
01-04 10:49:52.229  1861  1861 W linker  : "/system/lib/libspeech_proc_customer_plugin.so" has text relocations (https://android.googlesource.com/platform/bionic/+/master/android-changes-for-ndk-developers.md#Text-Relocations-Enforced-for-API-level-23)
01-04 10:49:52.230  1861  1861 W linker  : "/system/lib/libmmprobe.so" has text relocations (https://android.googlesource.com/platform/bionic/+/master/android-changes-for-ndk-developers.md#Text-Relocations-Enforced-for-API-level-23)
01-04 10:49:52.276  1879  1879 W linker  : "/system/lib/libsec-ril.so" has text relocations (https://android.googlesource.com/platform/bionic/+/master/android-changes-for-ndk-developers.md#Text-Relocations-Enforced-for-API-level-23)
01-04 10:49:52.304  1854  1854 D vndksupport: Loading /vendor/lib/hw/gralloc.montblanc.so from current namespace instead of sphal namespace.
01-04 10:49:52.322  1854  1854 I /system/bin/surfaceflinger: android::hardware::configstore::V1_0::ISurfaceFlingerConfigs::hasWideColorDisplay retrieved: 0
01-04 10:49:52.325  1854  1854 D vndksupport: Loading /vendor/lib/hw/gralloc.montblanc.so from current namespace instead of sphal namespace.
01-04 10:49:52.327  1854  1854 I gralloc : using (fd=12)
01-04 10:49:52.327  1854  1854 I gralloc : id           = mcde_fb
01-04 10:49:52.327  1854  1854 I gralloc : xres         = 480 px
01-04 10:49:52.327  1854  1854 I gralloc : yres         = 800 px
01-04 10:49:52.327  1854  1854 I gralloc : xres_virtual = 480 px
01-04 10:49:52.327  1854  1854 I gralloc : yres_virtual = 2400 px
01-04 10:49:52.327  1854  1854 I gralloc : bpp          = 32
01-04 10:49:52.327  1854  1854 I gralloc : r            = 16:8
01-04 10:49:52.327  1854  1854 I gralloc : g            =  8:8
01-04 10:49:52.327  1854  1854 I gralloc : b            =  0:8
01-04 10:49:52.327  1854  1854 I gralloc : width        = 76 mm (160.421051 dpi)
01-04 10:49:52.327  1854  1854 I gralloc : height       = 127 mm (160.000000 dpi)
01-04 10:49:52.327  1854  1854 I gralloc : refresh rate = 60.000000 Hz
01-04 10:49:52.345  1854  1854 D vndksupport: Loading /vendor/lib/hw/hwcomposer.montblanc.so from current namespace instead of sphal namespace.
01-04 10:49:52.355  1854  1854 D vndksupport: Loading /vendor/lib/hw/gralloc.montblanc.so from current namespace instead of sphal namespace.
01-04 10:49:52.356  1854  1854 E STE-HWComposer: system/graphics failed to connect /dev/socket/hdmid, No such file or directory
01-04 10:49:52.356  1854  1854 E STE-HWComposer: Failed to open communication channel to hdmid
01-04 10:49:52.357  1854  1854 I SurfaceFlinger: Using composer version 1.0
01-04 10:49:52.357  1854  1854 W SurfaceFlinger: no suitable EGLConfig found, trying a simpler query
01-04 10:49:52.357  1854  1854 I SurfaceFlinger: EGL information:
01-04 10:49:52.357  1854  1854 I SurfaceFlinger: vendor    : Android
01-04 10:49:52.357  1854  1854 I SurfaceFlinger: version   : 1.4 Android META-EGL
01-04 10:49:52.357  1854  1854 I SurfaceFlinger: extensions: EGL_KHR_get_all_proc_addresses EGL_ANDROID_presentation_time EGL_KHR_swap_buffers_with_damage EGL_ANDROID_get_native_client_buffer EGL_ANDROID_front_buffer_auto_refresh EGL_ANDROID_get_frame_timestamps EGL_KHR_image EGL_KHR_image_base EGL_KHR_image_pixmap EGL_KHR_gl_texture_2D_image EGL_KHR_gl_texture_cubemap_image EGL_KHR_gl_renderbuffer_image EGL_KHR_reusable_sync EGL_KHR_fence_sync EGL_ANDROID_image_native_buffer EGL_ANDROID_recordable 
01-04 10:49:52.357  1854  1854 I SurfaceFlinger: Client API: OpenGL_ES
01-04 10:49:52.357  1854  1854 I SurfaceFlinger: EGLSurface: 8-8-8-8, config=0x60000014
01-04 10:49:52.361  1854  1854 I SurfaceFlinger: OpenGL ES informations:
01-04 10:49:52.361  1854  1854 I SurfaceFlinger: vendor    : ARM
01-04 10:49:52.361  1854  1854 I SurfaceFlinger: renderer  : Mali-400 MP
01-04 10:49:52.361  1854  1854 I SurfaceFlinger: version   : OpenGL ES 2.0
01-04 10:49:52.361  1854  1854 I SurfaceFlinger: extensions: GL_EXT_debug_marker GL_OES_texture_npot GL_OES_compressed_ETC1_RGB8_texture GL_OES_standard_derivatives GL_OES_EGL_image GL_OES_depth24 GL_ARM_rgba8 GL_ARM_mali_shader_binary GL_OES_depth_texture GL_OES_packed_depth_stencil GL_EXT_texture_format_BGRA8888 GL_EXT_blend_minmax GL_OES_EGL_image_external GL_OES_EGL_sync GL_OES_rgb8_rgba8 GL_EXT_multisampled_render_to_texture GL_EXT_discard_framebuffer GL_OES_get_program_binary GL_ARM_mali_program_binary GL_EXT_shader_texture_lod GL_EXT_robustness 
01-04 10:49:52.361  1854  1854 I SurfaceFlinger: GL_MAX_TEXTURE_SIZE = 4096
01-04 10:49:52.361  1854  1854 I SurfaceFlinger: GL_MAX_VIEWPORT_DIMS = 4096
01-04 10:49:52.362  1854  1854 D vndksupport: Loading /vendor/lib/hw/gralloc.montblanc.so from current namespace instead of sphal namespace.
01-04 10:49:52.363  1854  1854 E gralloc : Meticulus fb_setSwapInterval is not implemented!
01-04 10:49:52.625  1877  1877 I /vendor/bin/hw/android.hardware.media.omx@1.0-service: mediacodecservice starting
01-04 10:49:52.673  1877  1877 W /vendor/bin/hw/android.hardware.media.omx@1.0-service: Could not read additional policy file '/vendor/etc/seccomp_policy/mediacodec.policy'
01-04 10:49:52.674  1877  1877 W /vendor/bin/hw/android.hardware.media.omx@1.0-service: libminijail[1877]: allowing syscall: clock_gettime
01-04 10:49:52.674  1877  1877 W /vendor/bin/hw/android.hardware.media.omx@1.0-service: libminijail[1877]: allowing syscall: connect
01-04 10:49:52.675  1877  1877 W /vendor/bin/hw/android.hardware.media.omx@1.0-service: libminijail[1877]: allowing syscall: fcntl64
01-04 10:49:52.675  1877  1877 W /vendor/bin/hw/android.hardware.media.omx@1.0-service: libminijail[1877]: allowing syscall: socket
01-04 10:49:52.675  1877  1877 W /vendor/bin/hw/android.hardware.media.omx@1.0-service: libminijail[1877]: allowing syscall: writev
01-04 10:49:52.695  1877  1877 W /vendor/bin/hw/android.hardware.media.omx@1.0-service: libminijail[1877]: logging seccomp filter failures
01-04 10:49:52.758  1854  1854 D SurfaceFlinger: shader cache generated - 24 shaders in 394.195557 ms
01-04 10:49:52.772  1854  1854 D SurfaceFlinger: Set power mode=2, type=0 flinger=0xb5bd1000
01-04 10:49:52.794  1877  1877 W MediaCodecsXmlParser: unable to open media codecs configuration xml file: /etc/media_codecs_ffmpeg.xml
01-04 10:49:52.794  1877  1877 W MediaCodecsXmlParser: parseTopLevelXMLFile(/etc/media_codecs.xml) failed
01-04 10:49:52.795  1877  1877 W MediaCodecsXmlParser: unable to open media codecs configuration xml file: /data/misc/media/media_codecs_profiling_results.xml
01-04 10:49:52.795  1877  1877 W MediaCodecsXmlParser: parseTopLevelXMLFile(/data/misc/media/media_codecs_profiling_results.xml) failed
01-04 10:49:52.835  1877  1877 I ServiceManagement: Removing namespace from process name android.hardware.media.omx@1.0-service to omx@1.0-service.
01-04 10:49:52.837  1877  1877 E cutils-trace: Error opening trace file: Permission denied (13)
01-04 10:49:52.974  1864  1864 I FastMixerState: sMaxFastTracks = 8
01-04 10:49:53.008  1877  1877 W linker  : "/system/lib/libstagefrighthw.so" has text relocations (https://android.googlesource.com/platform/bionic/+/master/android-changes-for-ndk-developers.md#Text-Relocations-Enforced-for-API-level-23)
01-04 10:49:53.033  1864  1864 I audioserver: ServiceManager: 0xb5819500
01-04 10:49:53.033  1864  1864 W BatteryNotifier: batterystats service unavailable!
01-04 10:49:53.034  1864  1864 I AudioFlinger: Using default 3000 mSec as standby time.
01-04 10:49:53.036  1864  1864 I AudioPolicyService: AudioPolicyService CSTOR in legacy mode
01-04 10:49:53.080  1857  1857 W linker  : "/system/lib/libphonet.so" has text relocations (https://android.googlesource.com/platform/bionic/+/master/android-changes-for-ndk-developers.md#Text-Relocations-Enforced-for-API-level-23)
01-04 10:49:53.081  1857  1857 W linker  : "/system/lib/libisimessage.so" has text relocations (https://android.googlesource.com/platform/bionic/+/master/android-changes-for-ndk-developers.md#Text-Relocations-Enforced-for-API-level-23)
01-04 10:49:53.081  1857  1857 W linker  : "/system/lib/libshmnetlnk.so" has text relocations (https://android.googlesource.com/platform/bionic/+/master/android-changes-for-ndk-developers.md#Text-Relocations-Enforced-for-API-level-23)
01-04 10:49:53.111  1865  1865 W linker  : "/system/lib/drm/libdrmwvmplugin.so" has text relocations (https://android.googlesource.com/platform/bionic/+/master/android-changes-for-ndk-developers.md#Text-Relocations-Enforced-for-API-level-23)
01-04 10:49:53.124  1857  1857 W linker  : "/system/lib/libste_ens_audio_samplerateconv.so" has text relocations (https://android.googlesource.com/platform/bionic/+/master/android-changes-for-ndk-developers.md#Text-Relocations-Enforced-for-API-level-23)
01-04 10:49:53.131  1864  1864 W linker  : "/system/lib/hw/audio_policy.DB8520H.so" has text relocations (https://android.googlesource.com/platform/bionic/+/master/android-changes-for-ndk-developers.md#Text-Relocations-Enforced-for-API-level-23)
01-04 10:49:53.399  1864  1864 W linker  : "/system/lib/libaudiopolicy_sec.so" has text relocations (https://android.googlesource.com/platform/bionic/+/master/android-changes-for-ndk-developers.md#Text-Relocations-Enforced-for-API-level-23)
01-04 10:49:53.453  1872  1872 I mediametrics: ServiceManager: 0xb54995a0
01-04 10:49:53.454  1872  1872 D MediaAnalyticsService: MediaAnalyticsService created
01-04 10:49:53.454  1872  1872 D MediaAnalyticsService: MediaAnalyticsService::newSummarizerSet
01-04 10:49:53.780  1857  1857 W linker  : "/system/lib/libste_audio_mixer.so" has text relocations (https://android.googlesource.com/platform/bionic/+/master/android-changes-for-ndk-developers.md#Text-Relocations-Enforced-for-API-level-23)
01-04 10:49:53.837  1809  1809 D Zygote  : begin preload
01-04 10:49:53.837  1809  1809 I Zygote  : Installing ICU cache reference pinning...
01-04 10:49:53.837  1809  1809 I Zygote  : Preloading ICU data...
01-04 10:49:53.861  1857  1857 W linker  : "/system/lib/libspeech_proc_customer_plugin.so" has text relocations (https://android.googlesource.com/platform/bionic/+/master/android-changes-for-ndk-developers.md#Text-Relocations-Enforced-for-API-level-23)
01-04 10:49:53.874  1864  1864 W linker  : "/system/lib/libcontrolcsc.so" has text relocations (https://android.googlesource.com/platform/bionic/+/master/android-changes-for-ndk-developers.md#Text-Relocations-Enforced-for-API-level-23)
01-04 10:49:53.893  1857  1857 W linker  : "/system/lib/libmmprobe.so" has text relocations (https://android.googlesource.com/platform/bionic/+/master/android-changes-for-ndk-developers.md#Text-Relocations-Enforced-for-API-level-23)
01-04 10:49:53.898  1871  1871 V MediaUtils: physMem: 840044544
01-04 10:49:53.898  1871  1871 V MediaUtils: requested limit: 168008900
01-04 10:49:53.898  1871  1871 V MediaUtils: actual limit: 168008900
01-04 10:49:53.898  1871  1871 V MediaUtils: original limits: 4294967295/4294967295
01-04 10:49:53.898  1871  1871 V MediaUtils: new limits: 168008900/4294967295
01-04 10:49:53.898  1871  1871 D vndksupport: Loading libutils.so from current namespace instead of sphal namespace.
01-04 10:49:53.932  1871  1871 W /system/bin/mediaextractor: Could not read additional policy file '/vendor/etc/seccomp_policy/mediaextractor.policy'
01-04 10:49:53.933  1871  1871 W /system/bin/mediaextractor: libminijail[1871]: allowing syscall: clock_gettime
01-04 10:49:53.998  1864  1864 W audioserver: type=1400 audit(0.0:8): avc: denied { search } for name="FactoryApp" dev=mmcblk0p11 ino=12 scontext=u:r:audioserver:s0 tcontext=u:object_r:unlabeled:s0 tclass=dir
01-04 10:49:53.933  1871  1871 W /system/bin/mediaextractor: libminijail[1871]: allowing syscall: connect
01-04 10:49:53.933  1871  1871 W /system/bin/mediaextractor: libminijail[1871]: allowing syscall: fcntl64
01-04 10:49:53.933  1871  1871 W /system/bin/mediaextractor: libminijail[1871]: allowing syscall: socket
01-04 10:49:53.933  1871  1871 W /system/bin/mediaextractor: libminijail[1871]: allowing syscall: writev
01-04 10:49:53.934  1871  1871 W /system/bin/mediaextractor: libminijail[1871]: logging seccomp filter failures
01-04 10:49:53.935  1857  1857 W linker  : "/system/lib/libmalutil.so" has text relocations (https://android.googlesource.com/platform/bionic/+/master/android-changes-for-ndk-developers.md#Text-Relocations-Enforced-for-API-level-23)
01-04 10:49:54.021  1809  1809 D Zygote32Timing: BeginIcuCachePinning took to complete: 184ms
01-04 10:49:54.022  1809  1809 I Zygote  : Preloading classes...
01-04 10:49:54.032  1809  1809 W Zygote  : Class not found for preloading: android.app.-$Lambda$9I5WEMsoBc7l4QrNqZ4wx59yuHU
01-04 10:49:54.032  1809  1809 W Zygote  : Class not found for preloading: android.app.-$Lambda$9I5WEMsoBc7l4QrNqZ4wx59yuHU$1
01-04 10:49:54.032  1809  1809 W Zygote  : Class not found for preloading: android.app.-$Lambda$aS31cHIhRx41653CMnd4gZqshIQ
01-04 10:49:54.033  1809  1809 W Zygote  : Class not found for preloading: android.app.-$Lambda$c44uHH2WE4sJvw5tZZB6gRzEaHI
01-04 10:49:54.034  1809  1809 W Zygote  : Class not found for preloading: android.app.-$Lambda$vZ1qb742P9hE4drBY-TrOZB_qKo
01-04 10:49:54.035  1864  1864 I AudioPolicyManagerBase: ### stringToEnum() found AUDIO_DEVICE_OUT_EARPIECE
01-04 10:49:54.035  1864  1864 I AudioPolicyManagerBase: ### stringToEnum() found AUDIO_DEVICE_OUT_SPEAKER
01-04 10:49:54.035  1864  1864 V AudioPolicyManagerBase: loadGlobalConfig() mAttachedOutputDevices 0003
01-04 10:49:54.035  1864  1864 I AudioPolicyManagerBase: ### stringToEnum() found AUDIO_DEVICE_OUT_SPEAKER
01-04 10:49:54.035  1864  1864 V AudioPolicyManagerBase: loadGlobalConfig() mDefaultOutputDevice 0002
01-04 10:49:54.035  1864  1864 I AudioPolicyManagerBase: ### stringToEnum() found AUDIO_DEVICE_IN_BUILTIN_MIC
01-04 10:49:54.035  1864  1864 I AudioPolicyManagerBase: ### stringToEnum() found AUDIO_DEVICE_IN_BACK_MIC
01-04 10:49:54.036  1864  1864 I AudioPolicyManagerBase: ### stringToEnum() found AUDIO_DEVICE_IN_VOICE_CALL
01-04 10:49:54.036  1864  1864 V AudioPolicyManagerBase: loadGlobalConfig() mAvailableInputDevices 3100000
01-04 10:49:54.036  1864  1864 V AudioPolicyManagerBase: loadHwModules() loading module primary
01-04 10:49:54.036  1864  1864 V AudioPolicyManagerBase: loadHwModule() loading output primary
01-04 10:49:54.036  1864  1864 V AudioPolicyManagerBase: loadSamplingRates() adding rate 44100
01-04 10:49:54.036  1864  1864 V AudioPolicyManagerBase: loadOutChannels() AUDIO_CHANNEL_OUT_STEREO
01-04 10:49:54.036  1864  1864 I AudioPolicyManagerBase: ### stringToEnum() found AUDIO_CHANNEL_OUT_STEREO
01-04 10:49:54.036  1864  1864 I AudioPolicyManagerBase: ### stringToEnum() found AUDIO_FORMAT_PCM_16_BIT
01-04 10:49:54.036  1864  1864 I AudioPolicyManagerBase: ### stringToEnum() found AUDIO_DEVICE_OUT_EARPIECE
01-04 10:49:54.036  1864  1864 I AudioPolicyManagerBase: ### stringToEnum() found AUDIO_DEVICE_OUT_SPEAKER
01-04 10:49:54.036  1864  1864 I AudioPolicyManagerBase: ### stringToEnum() found AUDIO_DEVICE_OUT_ALL_SCO
01-04 10:49:54.036  1864  1864 I AudioPolicyManagerBase: ### stringToEnum() found AUDIO_DEVICE_OUT_WIRED_HEADSET
01-04 10:49:54.036  1864  1864 I AudioPolicyManagerBase: ### stringToEnum() found AUDIO_DEVICE_OUT_WIRED_HEADPHONE
01-04 10:49:54.036  1864  1864 I AudioPolicyManagerBase: ### stringToEnum() found AUDIO_DEVICE_OUT_ANLG_DOCK_HEADSET
01-04 10:49:54.036  1864  1864 I AudioPolicyManagerBase: ### stringToEnum() found AUDIO_OUTPUT_FLAG_PRIMARY
01-04 10:49:54.036  1864  1864 V AudioPolicyManagerBase: loadOutput() adding output mSupportedDevices 087f, mFlags 0002
01-04 10:49:54.036  1864  1864 V AudioPolicyManagerBase: loadHwModule() loading input primary
01-04 10:49:54.036  1864  1864 V AudioPolicyManagerBase: loadSamplingRates() adding rate 8000
01-04 10:49:54.036  1864  1864 V AudioPolicyManagerBase: loadSamplingRates() adding rate 11025
01-04 10:49:54.036  1864  1864 V AudioPolicyManagerBase: loadSamplingRates() adding rate 16000
01-04 10:49:54.036  1864  1864 V AudioPolicyManagerBase: loadSamplingRates() adding rate 22050
01-04 10:49:54.036  1864  1864 V AudioPolicyManagerBase: loadSamplingRates() adding rate 24000
01-04 10:49:54.036  1864  1864 V AudioPolicyManagerBase: loadSamplingRates() adding rate 32000
01-04 10:49:54.036  1864  1864 V AudioPolicyManagerBase: loadSamplingRates() adding rate 44100
01-04 10:49:54.036  1864  1864 V AudioPolicyManagerBase: loadSamplingRates() adding rate 48000
01-04 10:49:54.036  1864  1864 V AudioPolicyManagerBase: loadInChannels() AUDIO_CHANNEL_IN_MONO
01-04 10:49:54.036  1864  1864 I AudioPolicyManagerBase: ### stringToEnum() found AUDIO_CHANNEL_IN_MONO
01-04 10:49:54.036  1864  1864 V AudioPolicyManagerBase: loadInChannels() adding channelMask 0010
01-04 10:49:54.036  1864  1864 I AudioPolicyManagerBase: ### stringToEnum() found AUDIO_CHANNEL_IN_STEREO
01-04 10:49:54.036  1864  1864 V AudioPolicyManagerBase: loadInChannels() adding channelMask 000c
01-04 10:49:54.036  1864  1864 I AudioPolicyManagerBase: ### stringToEnum() found AUDIO_FORMAT_PCM_16_BIT
01-04 10:49:54.036  1864  1864 I AudioPolicyManagerBase: ### stringToEnum() found AUDIO_DEVICE_IN_BUILTIN_MIC
01-04 10:49:54.036  1864  1864 I AudioPolicyManagerBase: ### stringToEnum() found AUDIO_DEVICE_IN_BLUETOOTH_SCO_HEADSET
01-04 10:49:54.036  1864  1864 I AudioPolicyManagerBase: ### stringToEnum() found AUDIO_DEVICE_IN_WIRED_HEADSET
01-04 10:49:54.036  1864  1864 I AudioPolicyManagerBase: ### stringToEnum() found AUDIO_DEVICE_IN_BACK_MIC
01-04 10:49:54.036  1864  1864 I AudioPolicyManagerBase: ### stringToEnum() found AUDIO_DEVICE_IN_FM
01-04 10:49:54.036  1864  1864 I AudioPolicyManagerBase: ### stringToEnum() found AUDIO_DEVICE_IN_VOICE_CALL
01-04 10:49:54.036  1864  1864 V AudioPolicyManagerBase: loadInput() adding input mSupportedDevices 7700000
01-04 10:49:54.036  1864  1864 V AudioPolicyManagerBase: loadHwModules() loading module a2dp
01-04 10:49:54.036  1864  1864 V AudioPolicyManagerBase: loadHwModule() loading output a2dp
01-04 10:49:54.036  1864  1864 V AudioPolicyManagerBase: loadSamplingRates() adding rate 44100
01-04 10:49:54.036  1864  1864 V AudioPolicyManagerBase: loadOutChannels() AUDIO_CHANNEL_OUT_STEREO
01-04 10:49:54.037  1864  1864 I AudioPolicyManagerBase: ### stringToEnum() found AUDIO_CHANNEL_OUT_STEREO
01-04 10:49:54.037  1864  1864 I AudioPolicyManagerBase: ### stringToEnum() found AUDIO_FORMAT_PCM_16_BIT
01-04 10:49:54.037  1864  1864 I AudioPolicyManagerBase: ### stringToEnum() found AUDIO_DEVICE_OUT_ALL_A2DP
01-04 10:49:54.037  1864  1864 V AudioPolicyManagerBase: loadOutput() adding output mSupportedDevices 0380, mFlags 0000
01-04 10:49:54.037  1864  1864 V AudioPolicyManagerBase: loadHwModules() loading module usb
01-04 10:49:54.037  1864  1864 V AudioPolicyManagerBase: loadHwModule() loading output usb_accessory
01-04 10:49:54.037  1864  1864 V AudioPolicyManagerBase: loadSamplingRates() adding rate 44100
01-04 10:49:54.037  1864  1864 V AudioPolicyManagerBase: loadOutChannels() AUDIO_CHANNEL_OUT_STEREO
01-04 10:49:54.037  1864  1864 I AudioPolicyManagerBase: ### stringToEnum() found AUDIO_CHANNEL_OUT_STEREO
01-04 10:49:54.037  1864  1864 I AudioPolicyManagerBase: ### stringToEnum() found AUDIO_FORMAT_PCM_16_BIT
01-04 10:49:54.037  1864  1864 I AudioPolicyManagerBase: ### stringToEnum() found AUDIO_DEVICE_OUT_USB_ACCESSORY
01-04 10:49:54.037  1864  1864 V AudioPolicyManagerBase: loadOutput() adding output mSupportedDevices 2000, mFlags 0000
01-04 10:49:54.037  1864  1864 V AudioPolicyManagerBase: loadHwModule() loading output usb_device
01-04 10:49:54.037  1864  1864 V AudioPolicyManagerBase: loadSamplingRates() adding rate 44100
01-04 10:49:54.037  1864  1864 V AudioPolicyManagerBase: loadOutChannels() AUDIO_CHANNEL_OUT_STEREO
01-04 10:49:54.037  1864  1864 I AudioPolicyManagerBase: ### stringToEnum() found AUDIO_CHANNEL_OUT_STEREO
01-04 10:49:54.037  1864  1864 I AudioPolicyManagerBase: ### stringToEnum() found AUDIO_FORMAT_PCM_16_BIT
01-04 10:49:54.037  1864  1864 I AudioPolicyManagerBase: ### stringToEnum() found AUDIO_DEVICE_OUT_USB_DEVICE
01-04 10:49:54.037  1864  1864 V AudioPolicyManagerBase: loadOutput() adding output mSupportedDevices 4000, mFlags 0000
01-04 10:49:54.037  1864  1864 V AudioPolicyManagerBase: loadHwModules() loading module r_submix
01-04 10:49:54.037  1864  1864 V AudioPolicyManagerBase: loadHwModule() loading output submix
01-04 10:49:54.037  1864  1864 V AudioPolicyManagerBase: loadSamplingRates() adding rate 48000
01-04 10:49:54.037  1864  1864 V AudioPolicyManagerBase: loadOutChannels() AUDIO_CHANNEL_OUT_STEREO
01-04 10:49:54.037  1864  1864 I AudioPolicyManagerBase: ### stringToEnum() found AUDIO_CHANNEL_OUT_STEREO
01-04 10:49:54.037  1864  1864 I AudioPolicyManagerBase: ### stringToEnum() found AUDIO_FORMAT_PCM_16_BIT
01-04 10:49:54.037  1864  1864 W AudioPolicyManagerBase: loadOutput() invalid supported devices
01-04 10:49:54.037  1864  1864 V AudioPolicyManagerBase: loadHwModule() loading input submix
01-04 10:49:54.037  1864  1864 V AudioPolicyManagerBase: loadSamplingRates() adding rate 48000
01-04 10:49:54.037  1864  1864 V AudioPolicyManagerBase: loadInChannels() AUDIO_CHANNEL_IN_STEREO
01-04 10:49:54.037  1864  1864 I AudioPolicyManagerBase: ### stringToEnum() found AUDIO_CHANNEL_IN_STEREO
01-04 10:49:54.037  1864  1864 V AudioPolicyManagerBase: loadInChannels() adding channelMask 000c
01-04 10:49:54.037  1864  1864 I AudioPolicyManagerBase: ### stringToEnum() found AUDIO_FORMAT_PCM_16_BIT
01-04 10:49:54.037  1864  1864 W AudioPolicyManagerBase: loadInput() invalid supported devices
01-04 10:49:54.037  1864  1864 V AudioPolicyManagerBase: loadHwModules() loading module tms
01-04 10:49:54.037  1864  1864 V AudioPolicyManagerBase: loadHwModule() loading output tms
01-04 10:49:54.037  1864  1864 V AudioPolicyManagerBase: loadSamplingRates() adding rate 44100
01-04 10:49:54.037  1864  1864 V AudioPolicyManagerBase: loadOutChannels() AUDIO_CHANNEL_OUT_STEREO
01-04 10:49:54.037  1864  1864 I AudioPolicyManagerBase: ### stringToEnum() found AUDIO_CHANNEL_OUT_STEREO
01-04 10:49:54.037  1864  1864 I AudioPolicyManagerBase: ### stringToEnum() found AUDIO_FORMAT_PCM_16_BIT
01-04 10:49:54.037  1864  1864 I AudioPolicyManagerBase: ### stringToEnum() found AUDIO_DEVICE_OUT_EXTERNAL_TMS
01-04 10:49:54.037  1864  1864 V AudioPolicyManagerBase: loadOutput() adding output mSupportedDevices 10000, mFlags 0000
01-04 10:49:54.037  1864  1864 V AudioPolicyManagerBase: loadHwModule() loading input tms
01-04 10:49:54.037  1864  1864 V AudioPolicyManagerBase: loadSamplingRates() adding rate 44100
01-04 10:49:54.037  1864  1864 V AudioPolicyManagerBase: loadInChannels() AUDIO_CHANNEL_IN_MONO
01-04 10:49:54.038  1864  1864 I AudioPolicyManagerBase: ### stringToEnum() found AUDIO_CHANNEL_IN_MONO
01-04 10:49:54.038  1864  1864 V AudioPolicyManagerBase: loadInChannels() adding channelMask 0010
01-04 10:49:54.038  1864  1864 I AudioPolicyManagerBase: ### stringToEnum() found AUDIO_CHANNEL_IN_STEREO
01-04 10:49:54.038  1864  1864 V AudioPolicyManagerBase: loadInChannels() adding channelMask 000c
01-04 10:49:54.038  1864  1864 I AudioPolicyManagerBase: ### stringToEnum() found AUDIO_FORMAT_PCM_16_BIT
01-04 10:49:54.038  1864  1864 I AudioPolicyManagerBase: ### stringToEnum() found AUDIO_DEVICE_IN_EXTERNAL_TMS
01-04 10:49:54.038  1864  1864 V AudioPolicyManagerBase: loadInput() adding input mSupportedDevices 10000000
01-04 10:49:54.038  1864  1864 I AudioPolicyManagerBase: loadAudioPolicyConfig() loaded /system/etc/audio_policy.conf
01-04 10:49:54.117  1809  1809 W Zygote  : Class not found for preloading: android.database.sqlite.-$Lambda$gPaS7kMbZ8xtrrEx06GlwJ2iDWE
01-04 10:49:54.117  1864  1864 W linker  : "/system/lib/hw/audio.primary.DB8520H.so" has text relocations (https://android.googlesource.com/platform/bionic/+/master/android-changes-for-ndk-developers.md#Text-Relocations-Enforced-for-API-level-23)
01-04 10:49:54.130  1809  1809 W Zygote  : Class not found for preloading: android.graphics.-$Lambda$ZrP-zejiEXAqfwV-MyP5lE9mYC8
01-04 10:49:54.130  1809  1809 W Zygote  : Class not found for preloading: android.graphics.-$Lambda$ZrP-zejiEXAqfwV-MyP5lE9mYC8$1
01-04 10:49:54.131  1809  1809 W Zygote  : Class not found for preloading: android.graphics.-$Lambda$ZrP-zejiEXAqfwV-MyP5lE9mYC8$2
01-04 10:49:54.136  1864  1864 E HAL     : load: module=/system/lib/hw/audio.primary.DB8520H.so
01-04 10:49:54.136  1864  1864 E HAL     : dlopen failed: cannot locate symbol "_ZN7android10VectorImpl19reservedVectorImpl1Ev" referenced by "/system/lib/hw/audio.primary.DB8520H.so"...
01-04 10:49:54.136  1864  1864 E DevicesFactoryHalLocal: load_audio_interface couldn't load audio hw module audio.primary (Invalid argument)
01-04 10:49:54.136  1864  1864 E AudioFlinger: loadHwModule() error -22 loading module primary
01-04 10:49:54.136  1864  1864 W AudioPolicyManagerBase: could not open HW module primary
01-04 10:49:54.247  1864  1864 I bt_a2dp_hw: adev_open:  adev_open in A2dp_hw module
01-04 10:49:54.247  1864  1864 I AudioFlinger: loadHwModule() Loaded a2dp audio interface, handle 10
01-04 10:49:54.247  1864  1864 D vndksupport: Loading /vendor/lib/hw/audio.usb.default.so from current namespace instead of sphal namespace.
01-04 10:49:54.270  1864  1864 I AudioFlinger: loadHwModule() Loaded usb audio interface, handle 18
01-04 10:49:54.278  1864  1864 W linker  : "/system/lib/hw/audio.tms.default.so" has text relocations (https://android.googlesource.com/platform/bionic/+/master/android-changes-for-ndk-developers.md#Text-Relocations-Enforced-for-API-level-23)
01-04 10:49:54.279  1864  1864 D tms_audio_hw/AudioTmsIpc: adev_open : Enter 
01-04 10:49:54.279  1864  1864 D tms_audio_hw/AudioTmsIpc: AudioTmsInitSilenceFrames : Enter
01-04 10:49:54.279  1864  1864 D tms_audio_hw/AudioTmsIpc: AudioTmsInitSilenceFrames : Exit
01-04 10:49:54.279  1864  1864 D tms_audio_hw/AudioTmsIpc: AudioTmsServerInit :Enter
01-04 10:49:54.279  1864  1864 D tms_audio_hw/AudioTmsIpc: AudioTmsServerInit: thread started with name =TerminalModeAudioServer and id = -1269786256 
01-04 10:49:54.280  1864  1864 D tms_audio_hw/AudioTmsIpc: AudioTmsServerInit exit
01-04 10:49:54.280  1864  1864 D tms_audio_hw/AudioTmsIpc: AudioTmsClientSetup : Enter 
01-04 10:49:54.280  1864  1864 D tms_audio_hw/AudioTmsIpc: initMutex: AudioClientSocketMutex Mutex Created
01-04 10:49:54.280  1864  1864 D tms_audio_hw/AudioTmsIpc: AudioTmsClientSetup : Exit 
01-04 10:49:54.280  1864  1864 D tms_audio_hw/AudioTmsIpc: AudioTmsClientInit :Enter
01-04 10:49:54.280  1864  1864 D tms_audio_hw/AudioTmsIpc: AudioTmsClientInit: thread started with name =TerminalModeAudioClient and id = -1270822544 
01-04 10:49:54.280  1864  1864 D tms_audio_hw/AudioTmsIpc: AudioTmsClientInit exit
01-04 10:49:54.280  1864  1864 D tms_audio_hw/AudioTmsIpc: adev_open : Exit 
01-04 10:49:54.280  1864  1864 E DevicesFactoryHalLocal: load_audio_interface wrong audio hw device version 0100
01-04 10:49:54.280  1864  1864 D tms_audio_hw/AudioTmsIpc: adev_close : Enter 
01-04 10:49:54.280  1864  1864 D tms_audio_hw/AudioTmsIpc: AudioTmsServerdeInit : Close Enter 
