01-04 10:50:13.585  1864  1928 E AudioPolicyManagerBase: getDeviceForStrategy() speaker device not found
01-04 10:50:13.585  1864  1928 V AudioPolicyManagerBase: checkOutputForStrategy(0002,0002,3)
01-04 10:50:13.585  1864  1928 V AudioPolicyManagerBase: checkOutputForStrategy(0002,0002,0)
01-04 10:50:13.585  1864  1928 V AudioPolicyManagerBase: checkOutputForStrategy(0002,0002,4)
01-04 10:50:13.585  1864  1928 E AudioPolicyManagerBase: getDeviceForStrategy() speaker device not found
01-04 10:50:13.610  1961  1961 D SystemServerTiming: MakeNetworkStatsServiceReady took to complete: 255ms
01-04 10:50:13.611  1961  1961 I SystemServer: MakeConnectivityServiceReady
01-04 10:50:13.586  1864  1928 I chatty  : uid=1041(audioserver) Binder:1864_1 identical 1 line
01-04 10:50:13.586  1864  1928 E AudioPolicyManagerBase: getDeviceForStrategy() speaker device not found
01-04 10:50:13.637  1961  2110 D Ethernet: got request NetworkRequest [ BACKGROUND_REQUEST id=2, [ Transports: CELLULAR Capabilities: INTERNET&NOT_RESTRICTED&TRUSTED&NOT_VPN] ] with score 0
01-04 10:50:13.639  1961  1961 D PermissionMonitor: Monitoring
01-04 10:50:13.740  1961  1961 D PermissionMonitor: Users: 1, Apps: 80
01-04 10:50:13.794  1961  1961 D SystemServerTiming: MakeConnectivityServiceReady took to complete: 183ms
01-04 10:50:13.794  1961  1961 I SystemServer: MakeNetworkPolicyServiceReady
01-04 10:50:13.812  1807  1836 E Netd    : Failed to dump IPv4 sockets for UID: Invalid argument
01-04 10:50:13.813  1961  2081 E NetworkManagement: Error closing sockets after enabling chain standby: android.os.ServiceSpecificException: destroySockets: Invalid argument (code 22)
01-04 10:50:13.814  1961  1961 D SystemServerTiming: MakeNetworkPolicyServiceReady took to complete: 20ms
01-04 10:50:13.816  1961  1961 I SystemServer: StartWatchdog
01-04 10:50:13.818  1961  1961 D SystemServerTiming: StartWatchdog took to complete: 2ms
01-04 10:50:13.819  1961  1961 I SystemServer: PhaseThirdPartyAppsCanStart
01-04 10:50:13.819  1961  1961 I SystemServiceManager: Starting phase 600
01-04 10:50:13.843  2114  2114 D AdapterServiceConfig: Adding HeadsetService
01-04 10:50:13.843  2114  2114 D AdapterServiceConfig: Adding A2dpService
01-04 10:50:13.844  2114  2114 D AdapterServiceConfig: Adding HidService
01-04 10:50:13.844  2114  2114 D AdapterServiceConfig: Adding HealthService
01-04 10:50:13.844  2114  2114 D AdapterServiceConfig: Adding PanService
01-04 10:50:13.845  2114  2114 D AdapterServiceConfig: Adding GattService
01-04 10:50:13.845  2114  2114 D AdapterServiceConfig: Adding BluetoothMapService
01-04 10:50:13.845  2114  2114 W AdapterServiceConfig: Could not find profile bit mask
01-04 10:50:13.846  2114  2114 D AdapterServiceConfig: Adding BluetoothOppService
01-04 10:50:13.846  2114  2114 W AdapterServiceConfig: Could not find profile bit mask
01-04 10:50:13.846  2114  2114 D AdapterServiceConfig: Adding BluetoothPbapService
01-04 10:50:13.856  1961  1961 V WallpaperManagerService: bindWallpaperComponentLocked: componentName=ComponentInfo{com.android.systemui/com.android.systemui.ImageWallpaper}
01-04 10:50:13.959  1961  1961 D SystemServerTiming: PhaseThirdPartyAppsCanStart took to complete: 140ms
01-04 10:50:13.960  1961  1961 I SystemServer: MakeLocationServiceReady
01-04 10:50:14.000  1961  1961 D vndksupport: Loading /vendor/lib/hw/android.hardware.gnss@1.0-impl.so from current namespace instead of sphal namespace.
01-04 10:50:14.075  2128  2128 E JniUtils: Could not load native library jni_latinimegoogle
01-04 10:50:14.075  2128  2128 E JniUtils: java.lang.UnsatisfiedLinkError: dalvik.system.PathClassLoader[DexPathList[[zip file "/system/app/LatinIME/LatinIME.apk"],nativeLibraryDirectories=[/system/app/LatinIME/lib/arm, /system/fake-libs, /system/app/LatinIME/LatinIME.apk!/lib/armeabi-v7a, /vendor/lib, /system/lib, /system/lib/ste_omxcomponents, /vendor/lib, /system/lib, /system/lib/ste_omxcomponents]]] couldn't find "libjni_latinimegoogle.so"
01-04 10:50:14.075  2128  2128 E JniUtils: 	at java.lang.Runtime.loadLibrary0(Runtime.java:1012)
01-04 10:50:14.075  2128  2128 E JniUtils: 	at java.lang.System.loadLibrary(System.java:1657)
01-04 10:50:14.075  2128  2128 E JniUtils: 	at com.android.inputmethod.latin.utils.JniUtils.<clinit>(JniUtils.java:29)
01-04 10:50:14.075  2128  2128 E JniUtils: 	at com.android.inputmethod.latin.utils.JniUtils.loadNativeLibrary(JniUtils.java:47)
01-04 10:50:14.075  2128  2128 E JniUtils: 	at com.android.inputmethod.latin.LatinIME.<clinit>(LatinIME.java:577)
01-04 10:50:14.075  2128  2128 E JniUtils: 	at java.lang.Class.newInstance(Native Method)
01-04 10:50:14.075  2128  2128 E JniUtils: 	at android.app.ActivityThread.handleCreateService(ActivityThread.java:3321)
01-04 10:50:14.075  2128  2128 E JniUtils: 	at android.app.ActivityThread.access$2300(ActivityThread.java:176)
01-04 10:50:14.075  2128  2128 E JniUtils: 	at android.app.ActivityThread$H.handleMessage(ActivityThread.java:1677)
01-04 10:50:14.075  2128  2128 E JniUtils: 	at android.os.Handler.dispatchMessage(Handler.java:106)
01-04 10:50:14.075  2128  2128 E JniUtils: 	at android.os.Looper.loop(Looper.java:164)
01-04 10:50:14.075  2128  2128 E JniUtils: 	at android.app.ActivityThread.main(ActivityThread.java:6494)
01-04 10:50:14.075  2128  2128 E JniUtils: 	at java.lang.reflect.Method.invoke(Native Method)
01-04 10:50:14.075  2128  2128 E JniUtils: 	at com.android.internal.os.RuntimeInit$MethodAndArgsCaller.run(RuntimeInit.java:438)
01-04 10:50:14.075  2128  2128 E JniUtils: 	at com.android.internal.os.ZygoteInit.main(ZygoteInit.java:807)
01-04 10:50:14.094  1961  1961 E GnssHAL_GnssInterface: gnss hw_get_module gps failed: -2
01-04 10:50:14.096  1961  1961 E GnssLocationProvider: Unable to get GPS service
01-04 10:50:14.098  1961  1961 W ServiceWatcher: com.google.android.gms not found
01-04 10:50:14.107  1961  1961 W LocationManagerService: no network location provider found
01-04 10:50:14.152  1961  1961 E LocationManagerService: no geocoder provider found
01-04 10:50:14.154  1961  1961 D LocationManagerService: FLP HAL not supported
01-04 10:50:14.162  1961  1961 D LocationManagerService: Unable to bind FLP Geofence proxy.
01-04 10:50:14.150  1961  1961 I chatty  : uid=1000 system_server identical 3 lines
01-04 10:50:14.157  1961  1961 W ServiceWatcher: com.google.android.gms not found
01-04 10:50:14.163  1961  1961 E ActivityRecognitionHardware: activity_recognition HAL is deprecated. is_supported is effectively a no-op
01-04 10:50:14.163  1961  1961 D LocationManagerService: Hardware Activity-Recognition not supported.
01-04 10:50:14.164  1961  1961 W ServiceWatcher: com.google.android.gms not found
01-04 10:50:14.165  1961  1961 E ActivityRecognitionProxy: ServiceWatcher could not start.
01-04 10:50:14.165  1961  1961 D LocationManagerService: Unable to bind ActivityRecognitionProxy.
01-04 10:50:14.213  1961  1961 D SystemServerTiming: MakeLocationServiceReady took to complete: 253ms
01-04 10:50:14.213  1961  1961 I SystemServer: MakeCountryDetectionServiceReady
01-04 10:50:14.213  1961  1961 D SystemServerTiming: MakeCountryDetectionServiceReady took to complete: 0ms
01-04 10:50:14.213  1961  1961 I SystemServer: MakeNetworkTimeUpdateReady
01-04 10:50:14.245  1961  1961 D ConnectivityService: requestNetwork for uid/pid:1000/1961 NetworkRequest [ TRACK_DEFAULT id=5, [ Capabilities: INTERNET&NOT_RESTRICTED&TRUSTED&NOT_VPN] ]
01-04 10:50:14.247  1961  1961 D SystemServerTiming: MakeNetworkTimeUpdateReady took to complete: 34ms
01-04 10:50:14.247  1961  1961 I SystemServer: MakeCommonTimeManagementServiceReady
01-04 10:50:14.251  1961  2110 D Ethernet: got request NetworkRequest [ TRACK_DEFAULT id=5, [ Capabilities: INTERNET&NOT_RESTRICTED&TRUSTED&NOT_VPN] ] with score 0
01-04 10:50:14.251  1961  1961 I CommonTimeManagementService: No common time service detected on this platform.  Common time services will be unavailable.
01-04 10:50:14.251  1961  1961 D SystemServerTiming: MakeCommonTimeManagementServiceReady took to complete: 4ms
01-04 10:50:14.251  1961  1961 I SystemServer: MakeInputManagerServiceReady
01-04 10:50:14.259  1961  2073 I InputReader: Reconfiguring input devices.  changes=0x00000020
01-04 10:50:14.284  1961  1961 D SystemServerTiming: MakeInputManagerServiceReady took to complete: 33ms
01-04 10:50:14.285  1961  1961 I SystemServer: MakeTelephonyRegistryReady
01-04 10:50:14.288  2114  2114 D BluetoothAdapterService: onCreate()
01-04 10:50:14.291  1961  1961 D SystemServerTiming: MakeTelephonyRegistryReady took to complete: 6ms
01-04 10:50:14.292  1961  1961 I SystemServer: MakeMediaRouterServiceReady
01-04 10:50:14.294  1961  1961 D SystemServerTiming: MakeMediaRouterServiceReady took to complete: 2ms
01-04 10:50:14.294  1961  1961 I SystemServer: MakeMmsServiceReady
01-04 10:50:14.294  1961  1961 I MmsServiceBroker: Delay connecting to MmsService until an API is called
01-04 10:50:14.294  1961  1961 D SystemServerTiming: MakeMmsServiceReady took to complete: 0ms
01-04 10:50:14.294  1961  1961 I SystemServer: MakeNetworkScoreServiceReady
01-04 10:50:14.294  1961  1961 D SystemServerTiming: MakeNetworkScoreServiceReady took to complete: 0ms
01-04 10:50:14.294  1961  1961 I SystemServer: IncidentDaemonReady
01-04 10:50:14.297  1961  2073 I InputReader: Reconfiguring input devices.  changes=0x00000010
01-04 10:50:14.283  2135  2135 V SystemUIService: Starting SystemUI services for user 0.
01-04 10:50:14.304  1961  1961 D SystemServerTiming: IncidentDaemonReady took to complete: 10ms
01-04 10:50:14.305  1961  1961 I SystemServiceManager: Calling onStartUser u0
01-04 10:50:14.320  1961  1961 W VoiceInteractionManagerService: no available voice interaction services found for user 0
01-04 10:50:14.321  1961  1961 W VoiceInteractionManagerService: no available voice recognition services found for user 0
01-04 10:50:14.375  2165  2165 I WebViewLoader-armeabi-v7a: System.exit called, status: 0
01-04 10:50:14.375  2165  2165 I AndroidRuntime: VM exiting with result code 0, cleanup skipped.
01-04 10:50:14.400  1961  1961 W ActivityManager: Slow operation: 66ms so far, now at startProcess: returned from zygote!
01-04 10:50:14.401  1961  1961 W ActivityManager: Slow operation: 67ms so far, now at startProcess: done updating battery stats
01-04 10:50:14.401  1961  1961 W ActivityManager: Slow operation: 67ms so far, now at startProcess: building log message
01-04 10:50:14.401  1961  1961 I ActivityManager: Start proc 2195:com.android.phone/1001 for added application com.android.phone
01-04 10:50:14.402  1961  1961 W ActivityManager: Slow operation: 68ms so far, now at startProcess: starting to update pids map
01-04 10:50:14.402  1961  1961 W ActivityManager: Slow operation: 68ms so far, now at startProcess: done updating pids map
01-04 10:50:14.405  1961  1961 I ActivityManager: START u0 {act=android.intent.action.MAIN cat=[android.intent.category.HOME] flg=0x10000100 cmp=com.android.settings/.FallbackHome} from uid 0
01-04 10:50:14.439  2195  2195 W zygote  : Using default instruction set features for ARM CPU variant (cortex-a9) using conservative defaults
01-04 10:50:14.462  2135  2135 D SystemUIBootTiming: StartServicesDependency took to complete: 151ms
01-04 10:50:14.546  1961  1961 W zygote  : Class com.android.server.am.ActivityRecord failed lock verification and will run slower.
01-04 10:50:14.579  2128  2128 I LatinIME: Hardware accelerated drawing: true
01-04 10:50:14.581  1961  1961 I ActivityManager: Loaded persisted task ids for user 0
01-04 10:50:14.596  1961  1961 W zygote  : Class com.android.server.wm.TaskWindowContainerController failed lock verification and will run slower.
01-04 10:50:14.637  1961  1975 I zygote  : Background concurrent copying GC freed 40379(3MB) AllocSpace objects, 13(324KB) LOS objects, 50% free, 6MB/12MB, paused 183us total 1.437s
01-04 10:50:14.637  1961  1961 W zygote  : Class com.android.server.wm.AppWindowContainerController failed lock verification and will run slower.
01-04 10:50:14.683  1961  1961 I ActivityManager: Start proc 2212:com.android.settings/1000 for activity com.android.settings/.FallbackHome
01-04 10:50:14.695  1961  1961 D SystemServerTiming: ActivityManagerStartApps took to complete: 391ms
01-04 10:50:14.695  1961  1961 D SystemServerTiming: PhaseActivityManagerReady took to complete: 2136ms
01-04 10:50:14.695  1961  2005 W zygote  : Long monitor contention with owner main (1961) at void com.android.server.am.ActivityManagerService.systemReady(java.lang.Runnable, android.util.TimingsTraceLog)(ActivityManagerService.java:14364) waiters=0 in void com.android.server.am.ActivityManagerService.dispatchUidsChanged() for 361ms
01-04 10:50:14.703  1961  2176 W zygote  : Long monitor contention with owner main (1961) at void com.android.server.am.ActivityManagerService.systemReady(java.lang.Runnable, android.util.TimingsTraceLog)(ActivityManagerService.java:14364) waiters=3 in void com.android.server.am.ActivityManagerService.attachApplication(android.app.IApplicationThread) for 172ms
01-04 10:50:14.704  1961  1996 W zygote  : Long monitor contention with owner main (1961) at void com.android.server.am.ActivityManagerService.systemReady(java.lang.Runnable, android.util.TimingsTraceLog)(ActivityManagerService.java:14364) waiters=1 in android.content.Intent com.android.server.am.ActivityManagerService.registerReceiver(android.app.IApplicationThread, java.lang.String, android.content.IIntentReceiver, android.content.IntentFilter, java.lang.String, int, int) for 340ms
01-04 10:50:14.704  1961  2005 W Looper  : Dispatch took 365ms on android.ui, h=Handler (com.android.server.am.ActivityManagerService$UiHandler) {415e46d} cb=null msg=53
01-04 10:50:14.733  1961  1961 D SystemServerInitThreadPool: Shutdown successful
01-04 10:50:14.733  1961  1961 D SystemServerTiming: StartServices took to complete: 16114ms
01-04 10:50:14.747  2212  2212 W zygote  : Using default instruction set features for ARM CPU variant (cortex-a9) using conservative defaults
01-04 10:50:14.756  2135  2135 D SystemUIBootTiming: StartServicesNotificationChannels took to complete: 294ms
01-04 10:50:14.762  1961  2176 W ActivityManager: Slow operation: 58ms so far, now at attachApplicationLocked: after mServices.attachApplicationLocked
01-04 10:50:14.764  1961  2176 W ActivityManager: Slow operation: 60ms so far, now at attachApplicationLocked: after updateOomAdjLocked
01-04 10:50:14.842  2135  2135 D SystemUIBootTiming: StartServicesCommandQueueStart took to complete: 84ms
01-04 10:50:14.857  2114  2114 D BluetoothAdapterState: make() - Creating AdapterState
01-04 10:50:14.888  2114  2225 I BluetoothAdapterState: Entering OffState
01-04 10:50:14.896  2114  2114 I bt_btif : init
01-04 10:50:14.897  2114  2114 D bt_osi_allocation_tracker: canary initialized
01-04 10:50:14.910  2114  2227 I bt_osi_thread: run_thread: thread id 2227, thread name stack_manager started
01-04 10:50:14.912  2114  2227 I bt_stack_manager: event_init_stack is initializing the stack
01-04 10:50:14.952  2114  2230 I bt_osi_thread: run_thread: thread id 2230, thread name alarm_default_ca started
01-04 10:50:14.959  2114  2231 I bt_osi_thread: run_thread: thread id 2231, thread name alarm_dispatcher started
01-04 10:50:14.963  2114  2227 I bt_btif_core: btif_init_bluetooth entered
01-04 10:50:14.963  2114  2227 I bt_stack_config: init attempt to load stack conf from /etc/bluetooth/bt_stack.conf
01-04 10:50:14.982  2114  2233 I bt_osi_thread: run_thread: thread id 2233, thread name bt_jni_workqueue started
01-04 10:50:14.982  2114  2227 I bt_btif_core: btif_init_bluetooth finished
01-04 10:50:14.982  2114  2227 I bt_stack_manager: event_init_stack finished
01-04 10:50:14.984  2114  2114 I bt_osi_wakelock: wakelock_set_os_callouts set to non-native
01-04 10:50:14.984  2114  2114 I bt_btif : get_profile_interface: id = socket
01-04 10:50:14.984  2114  2114 W bt_btif : do_in_jni_thread: Dropped message, message_loop not initialized yet!
01-04 10:50:14.984  2114  2114 W bt_btif : do_in_jni_thread: Dropped message, message_loop not initialized yet!
01-04 10:50:14.985  2114  2233 I bt_btif_core: run_message_loop entered
01-04 10:50:15.005  2114  2114 I bt_btif : get_profile_interface: id = sdp
01-04 10:50:15.013  1961  2209 W ActivityManager: Slow operation: 106ms so far, now at attachApplicationLocked: before bindApplication
01-04 10:50:15.013  1961  2209 W ActivityManager: Slow operation: 106ms so far, now at attachApplicationLocked: immediately before bindApplication
01-04 10:50:15.028  1961  2209 W ActivityManager: Slow operation: 121ms so far, now at attachApplicationLocked: immediately after bindApplication
01-04 10:50:15.028  1961  2209 W ActivityManager: Slow operation: 122ms so far, now at attachApplicationLocked: after updateLruProcessLocked
01-04 10:50:15.089  1961  2209 W ActivityManager: Slow operation: 182ms so far, now at attachApplicationLocked: after mServices.attachApplicationLocked
01-04 10:50:15.134  2114  2114 I BluetoothAdapterService: Phone policy enabled
01-04 10:50:15.196  2135  2135 V MediaRouter: Adding route: RouteInfo{ name=, description=null, status=null, category=RouteCategory{ name= types=ROUTE_TYPE_LIVE_AUDIO ROUTE_TYPE_LIVE_VIDEO  groupable=false }, supportedTypes=ROUTE_TYPE_LIVE_AUDIO ROUTE_TYPE_LIVE_VIDEO , presentationDisplay=null }
01-04 10:50:15.214  2114  2114 D BluetoothAdapterService: setAdapterService() - set to: null
01-04 10:50:15.247  2114  2114 D BluetoothAdapterService: onBind()
01-04 10:50:15.266  2135  2135 V MediaRouter: Selecting route: RouteInfo{ name=, description=null, status=null, category=RouteCategory{ name= types=ROUTE_TYPE_LIVE_AUDIO ROUTE_TYPE_LIVE_VIDEO  groupable=false }, supportedTypes=ROUTE_TYPE_LIVE_AUDIO ROUTE_TYPE_LIVE_VIDEO , presentationDisplay=null }
01-04 10:50:15.370  2212  2249 D vndksupport: Loading /system/lib/egl/libEGL_mali.so from current namespace instead of sphal namespace.
01-04 10:50:15.383  1961  1961 D ConditionProviders.SCP: onConnected
01-04 10:50:15.385  1961  1961 D ZenLog  : set_zen_mode: off,readXml
01-04 10:50:15.387  1961  1961 D ConditionProviders: Subscribing to condition://android/event?userId=-10000&calendar=&reply=1 with ComponentInfo{android/com.android.server.notification.EventConditionProvider}
01-04 10:50:15.387  1961  1961 D ZenLog  : subscribe: condition://android/event?userId=-10000&calendar=&reply=1,ok
01-04 10:50:15.388  1961  1961 D ConditionProviders: Subscribing to condition://android/schedule?days=1.2.3.4.5&start=22.0&end=7.0&exitAtAlarm=false with ComponentInfo{android/com.android.server.notification.ScheduleConditionProvider}
01-04 10:50:15.388  1961  1961 D ZenLog  : subscribe: condition://android/schedule?days=1.2.3.4.5&start=22.0&end=7.0&exitAtAlarm=false,ok
01-04 10:50:15.388  1961  1961 D ConditionProviders: Subscribing to condition://android/schedule?days=6.7&start=23.30&end=10.0&exitAtAlarm=false with ComponentInfo{android/com.android.server.notification.ScheduleConditionProvider}
01-04 10:50:15.388  1961  1961 D ZenLog  : subscribe: condition://android/schedule?days=6.7&start=23.30&end=10.0&exitAtAlarm=false,ok
01-04 10:50:15.398  1961  1961 W ContextImpl: Calling a method in the system process without a qualified user: android.app.ContextImpl.startService:1492 com.android.server.content.SyncManager$13.run:722 android.os.Handler.handleCallback:790 android.os.Handler.dispatchMessage:99 android.os.Looper.loop:164 
01-04 10:50:15.459  1961  2086 I WifiScanningService: wifi driver unloaded
01-04 10:50:15.463  1961  1961 D RttService: SCAN_AVAILABLE : 1
01-04 10:50:15.464  1961  2087 D RttService: DefaultState got{ when=-1ms what=160513 target=com.android.internal.util.StateMachine$SmHandler }
01-04 10:50:15.465  1961  1961 D ZenLog  : set_zen_mode: off,cleanUpZenRules
01-04 10:50:15.469  2212  2249 W linker  : "/system/lib/egl/libEGL_mali.so" has text relocations (https://android.googlesource.com/platform/bionic/+/master/android-changes-for-ndk-developers.md#Text-Relocations-Enforced-for-API-level-23)
01-04 10:50:15.471  2212  2249 W linker  : "/system/lib/libMali.so" has text relocations (https://android.googlesource.com/platform/bionic/+/master/android-changes-for-ndk-developers.md#Text-Relocations-Enforced-for-API-level-23)
01-04 10:50:15.482  2212  2249 W linker  : "/system/lib/libUMP.so" has text relocations (https://android.googlesource.com/platform/bionic/+/master/android-changes-for-ndk-developers.md#Text-Relocations-Enforced-for-API-level-23)
01-04 10:50:15.496  2212  2249 D libEGL  : loaded /system/lib/egl/libEGL_mali.so
01-04 10:50:15.510  2128  2128 W InputAttributes: No editor info for this field. Bug?
01-04 10:50:15.513  2212  2249 W linker  : "/system/lib/egl/libGLESv1_CM_mali.so" has text relocations (https://android.googlesource.com/platform/bionic/+/master/android-changes-for-ndk-developers.md#Text-Relocations-Enforced-for-API-level-23)
01-04 10:50:15.525  2212  2249 W linker  : "/system/lib/egl/libGLESv2_mali.so" has text relocations (https://android.googlesource.com/platform/bionic/+/master/android-changes-for-ndk-developers.md#Text-Relocations-Enforced-for-API-level-23)
01-04 10:50:15.593  2212  2249 D vndksupport: Loading /system/lib/egl/libGLESv1_CM_mali.so from current namespace instead of sphal namespace.
01-04 10:50:15.615  2212  2249 D libEGL  : loaded /system/lib/egl/libGLESv1_CM_mali.so
01-04 10:50:15.623  1961  2011 E BluetoothManagerService: MESSAGE_TIMEOUT_BIND
01-04 10:50:15.663  1961  2176 W zygote  : Class com.android.server.wm.Session failed lock verification and will run slower.
01-04 10:50:15.694  2212  2254 D OpenGLRenderer: HWUI GL Pipeline
01-04 10:50:15.771  1961  2210 W zygote  : Class com.android.server.wm.WindowState failed lock verification and will run slower.
01-04 10:50:15.773  1961  2210 W zygote  : Class com.android.server.wm.WindowState$DeathRecipient failed lock verification and will run slower.
01-04 10:50:15.809  1854  1854 D vndksupport: Loading /vendor/lib/hw/copybit.montblanc.so from current namespace instead of sphal namespace.
01-04 10:50:15.811  1854  1854 D         : -----open_copybit: 805---pid=1854---
01-04 10:50:15.811  1854  1854 I libblt_hw: Library opened (handle = 1, fd = 26)
01-04 10:50:15.811  1854  1854 D vndksupport: Loading /vendor/lib/hw/gralloc.montblanc.so from current namespace instead of sphal namespace.
01-04 10:50:15.990  2128  2258 I LatinIME:LogUtils: Dictionary info: dictionary = UserHistoryDictionary.ru ; version = 1325653534 ; date = 1325653535
01-04 10:50:16.005  2128  2258 I LatinIME:LogUtils: Dictionary info: dictionary = userunigram.ru ; version = 1325659815 ; date = ?
01-04 10:50:16.024  2128  2258 E ActivityThread: Failed to find provider info for user_dictionary
01-04 10:50:16.051  1864  1928 V AudioPolicyManagerBase: setForceUse() usage 0, config 0, mPhoneState 0
01-04 10:50:16.051  1864  1928 E AudioPolicyManagerBase: getDeviceForStrategy() speaker device not found
01-04 10:50:16.051  1864  1928 V AudioPolicyManagerBase: checkOutputForStrategy(0000,0000,5)
01-04 10:50:16.051  1864  1928 V AudioPolicyManagerBase: checkOutputForStrategy(0002,0002,1)
01-04 10:50:16.051  1864  1928 E AudioPolicyManagerBase: getDeviceForStrategy() speaker device not found
01-04 10:50:16.051  1864  1928 V AudioPolicyManagerBase: checkOutputForStrategy(0002,0002,2)
01-04 10:50:16.051  1864  1928 E AudioPolicyManagerBase: getDeviceForStrategy() speaker device not found
01-04 10:50:16.051  1864  1928 V AudioPolicyManagerBase: checkOutputForStrategy(0002,0002,3)
01-04 10:50:16.051  1864  1928 V AudioPolicyManagerBase: checkOutputForStrategy(0002,0002,0)
01-04 10:50:16.051  1864  1928 V AudioPolicyManagerBase: checkOutputForStrategy(0002,0002,4)
01-04 10:50:16.051  1864  1928 E AudioPolicyManagerBase: getDeviceForStrategy() speaker device not found
01-04 10:50:16.052  1864  1928 I chatty  : uid=1041(audioserver) Binder:1864_1 identical 1 line
01-04 10:50:16.052  1864  1928 E AudioPolicyManagerBase: getDeviceForStrategy() speaker device not found
01-04 10:50:16.056  1864  1929 V AudioPolicyManagerBase: setForceUse() usage 2, config 0, mPhoneState 0
01-04 10:50:16.056  1864  1929 E AudioPolicyManagerBase: getDeviceForStrategy() speaker device not found
01-04 10:50:16.056  1864  1929 V AudioPolicyManagerBase: checkOutputForStrategy(0000,0000,5)
01-04 10:50:16.056  1864  1929 V AudioPolicyManagerBase: checkOutputForStrategy(0002,0002,1)
01-04 10:50:16.056  1864  1929 E AudioPolicyManagerBase: getDeviceForStrategy() speaker device not found
01-04 10:50:16.056  1864  1929 V AudioPolicyManagerBase: checkOutputForStrategy(0002,0002,2)
01-04 10:50:16.056  1864  1929 E AudioPolicyManagerBase: getDeviceForStrategy() speaker device not found
01-04 10:50:16.056  1864  1929 V AudioPolicyManagerBase: checkOutputForStrategy(0002,0002,3)
01-04 10:50:16.056  1864  1929 V AudioPolicyManagerBase: checkOutputForStrategy(0002,0002,0)
01-04 10:50:16.056  1864  1929 V AudioPolicyManagerBase: checkOutputForStrategy(0002,0002,4)
01-04 10:50:16.056  1864  1929 E AudioPolicyManagerBase: getDeviceForStrategy() speaker device not found
01-04 10:50:16.056  1864  1929 I chatty  : uid=1041(audioserver) Binder:1864_2 identical 1 line
01-04 10:50:16.056  1864  1929 E AudioPolicyManagerBase: getDeviceForStrategy() speaker device not found
01-04 10:50:16.097  2195  2195 D TelephonyProvider: dbh.onOpen: ok, queried table=siminfo
01-04 10:50:16.099  2195  2195 D TelephonyProvider: dbh.onOpen: ok, queried table=carriers
01-04 10:50:16.139  1961  2260 I Telecom : BluetoothRouteManager: getBluetoothAudioConnectedDevice: no headset service available.
01-04 10:50:16.144  1961  1961 E AudioSystem-JNI: AudioSystem::listAudioPorts error -38
01-04 10:50:16.145  1961  1961 W AudioManager: updateAudioPortCache: listAudioPorts failed
01-04 10:50:16.161  1961  1961 E AudioSystem-JNI: AudioSystem::listAudioPorts error -38
01-04 10:50:16.161  1961  1961 W AudioManager: updateAudioPortCache: listAudioPorts failed
01-04 10:50:16.169  1961  1961 I Telecom : SystemStateProvider: Registering car mode receiver: android.content.IntentFilter@4badbe: TS.init@AAA
01-04 10:50:16.255  2195  2195 D CarrierProvider: onCreate
01-04 10:50:16.377  2212  2249 D vndksupport: Loading /system/lib/egl/libGLESv2_mali.so from current namespace instead of sphal namespace.
01-04 10:50:16.389  2212  2249 D libEGL  : loaded /system/lib/egl/libGLESv2_mali.so
01-04 10:50:16.391  2135  2135 W SoundPool: Use of stream types is deprecated for operations other than volume control
01-04 10:50:16.392  2135  2135 W SoundPool: See the documentation of SoundPool() for what to use instead with android.media.AudioAttributes to qualify your playback use case
01-04 10:50:16.413  2135  2265 V NuMediaExtractor: setDataSource fd=36 (/system/media/audio/ui/Lock.ogg), offset=0, length=8308
01-04 10:50:16.454  1961  2266 I Telecom : Logging.Events: Non-call EVENT: AUDIO_ROUTE, Entering state QuiescentEarpieceRoute
01-04 10:50:16.461  2135  2265 V NuMediaExtractor: track of type 'audio/vorbis' does not publish bitrate
01-04 10:50:16.462  2135  2135 D SystemUIBootTiming: StartServicesKeyguardViewMediator took to complete: 1620ms
01-04 10:50:16.462  2135  2135 W SystemUIService: Initialization of com.android.systemui.keyguard.KeyguardViewMediator took 1620 ms
01-04 10:50:16.484  2135  2268 E ACodec  : Unable to instantiate a decoder for type 'audio/vorbis' with err 0xfffffffe.
01-04 10:50:16.484  2135  2268 E ACodec  : signalError(omxError 0xfffffffe, internalError -2)
01-04 10:50:16.484  2135  2268 E MediaCodec: Codec reported err 0xfffffffe, actionCode 0, while in state 1
01-04 10:50:16.493  2135  2265 E SoundPool: Unable to load sample
01-04 10:50:16.494  2135  2265 V NuMediaExtractor: setDataSource fd=40 (/system/media/audio/ui/Unlock.ogg), offset=0, length=7853
01-04 10:50:16.503  2128  2258 I LatinIME:LogUtils: Dictionary info: dictionary = main:ru ; version = 54 ; date = 1414726277
01-04 10:50:16.533  2135  2265 V NuMediaExtractor: track of type 'audio/vorbis' does not publish bitrate
01-04 10:50:16.551  2135  2269 E ACodec  : Unable to instantiate a decoder for type 'audio/vorbis' with err 0xfffffffe.
01-04 10:50:16.551  2135  2269 E ACodec  : signalError(omxError 0xfffffffe, internalError -2)
01-04 10:50:16.551  2135  2269 E MediaCodec: Codec reported err 0xfffffffe, actionCode 0, while in state 1
01-04 10:50:16.553  2135  2265 E SoundPool: Unable to load sample
01-04 10:50:16.554  2135  2265 V NuMediaExtractor: setDataSource fd=42 (/system/media/audio/ui/Trusted.ogg), offset=0, length=5713
01-04 10:50:16.564  2195  2195 W System  : ClassLoader referenced unknown path: /system/framework/qti-telephony-common.jar
01-04 10:50:16.587  2135  2265 V NuMediaExtractor: track of type 'audio/vorbis' does not publish bitrate
01-04 10:50:16.598  2135  2270 E ACodec  : Unable to instantiate a decoder for type 'audio/vorbis' with err 0xfffffffe.
01-04 10:50:16.599  2135  2270 E ACodec  : signalError(omxError 0xfffffffe, internalError -2)
01-04 10:50:16.599  2135  2270 E MediaCodec: Codec reported err 0xfffffffe, actionCode 0, while in state 1
01-04 10:50:16.601  2135  2265 E SoundPool: Unable to load sample
01-04 10:50:16.612  1961  2271 I Telecom : CallAudioModeStateMachine: Message received: null.: TS.init->CAMSM.pM_1@AAA
01-04 10:50:16.688  2195  2195 I ImsResolver: Initializing cache and binding.
01-04 10:50:16.703  1961  1961 I Telecom : MissedCallNotifierImpl: Boot not yet complete -- call log db may not be available. Deferring loading until boot complete.: TS.init@AAA
01-04 10:50:16.792  2195  2195 I com.android.phone: Looking for service android.hardware.radio@1.0::IRadio/slot1
01-04 10:50:16.804  2195  2195 I com.android.phone: Looking for service android.hardware.radio@1.0::IRadio/slot1
01-04 10:50:16.808  2195  2195 I com.android.phone: Looking for service android.hardware.radio.deprecated@1.0::IOemHook/slot1
01-04 10:50:16.852  1961  1961 I Telecom : Class: TelecomSystem.INSTANCE being set
01-04 10:50:16.854  1961  1961 W ContextImpl: Calling a method in the system process without a qualified user: android.app.ContextImpl.startService:1492 android.content.ContextWrapper.startService:657 com.android.server.telecom.components.TelecomService.initializeTelecomSystem:180 com.android.server.telecom.components.TelecomService.onBind:64 android.app.ActivityThread.handleBindService:3366 
01-04 10:50:16.860  1961  1961 E WifiController: WifiControllerWifi turn on failed
01-04 10:50:16.861  1961  1961 I chatty  : uid=1000 system_server identical 1 line
01-04 10:50:16.861  1961  1961 E WifiController: WifiControllerWifi turn on failed
01-04 10:50:16.868  1866  2047 D installd: Found storage mount /dev/fuse at /mnt/runtime/default/emulated
01-04 10:50:16.881  1961  1961 I zygote  : The ClassLoaderContext is a special shared library.
01-04 10:50:16.953  2195  2195 I com.android.phone: Looking for service android.hardware.radio@1.0::IRadio/slot1
01-04 10:50:16.986  2195  2195 I com.android.phone: Looking for service android.hardware.radio@1.0::IRadio/slot1
01-04 10:50:17.015  2212  2254 D vndksupport: Loading /vendor/lib/hw/gralloc.montblanc.so from current namespace instead of sphal namespace.
01-04 10:50:17.031  1961  2012 W WindowManager: App freeze timeout expired.
01-04 10:50:17.032  1961  2012 W WindowManager: Force clearing freeze: AppWindowToken{33a5933 token=Token{a8fd484 ActivityRecord{aafaa97 u0 com.android.settings/.FallbackHome t1}}}
01-04 10:50:17.039  1961  1961 V WiredAccessoryManager: init()
01-04 10:50:17.047  2212  2254 I com.android.settings: android::hardware::configstore::V1_0::ISurfaceFlingerConfigs::hasWideColorDisplay retrieved: 0
01-04 10:50:17.048  2212  2254 I OpenGLRenderer: Initialized EGL, version 1.4
01-04 10:50:17.049  2212  2254 D OpenGLRenderer: Swap behavior 1
01-04 10:50:17.066  1854  1854 D vndksupport: Loading /vendor/lib/hw/copybit.montblanc.so from current namespace instead of sphal namespace.
01-04 10:50:17.067  1854  1854 D         : -----open_copybit: 805---pid=1854---
01-04 10:50:17.067  1854  1854 I libblt_hw: Library opened (handle = 2, fd = 41)
01-04 10:50:17.068  1854  1854 D vndksupport: Loading /vendor/lib/hw/gralloc.montblanc.so from current namespace instead of sphal namespace.
01-04 10:50:17.115  2212  2212 I Choreographer: Skipped 73 frames!  The application may be doing too much work on its main thread.
01-04 10:50:17.128  1732  1732 W /system/bin/hwservicemanager: getTransport: Cannot find entry android.hardware.graphics.mapper@2.0::IMapper/default in either framework or device manifest.
01-04 10:50:17.131  2212  2254 D vndksupport: Loading /vendor/lib/hw/android.hardware.graphics.mapper@2.0-impl.so from current namespace instead of sphal namespace.
01-04 10:50:17.133  2212  2254 D vndksupport: Loading /vendor/lib/hw/gralloc.montblanc.so from current namespace instead of sphal namespace.
01-04 10:50:17.195  1961  2012 I ActivityManager: Displayed com.android.settings/.FallbackHome: +2s534ms
01-04 10:50:17.197  1961  2073 I InputReader: Reconfiguring input devices.  changes=0x00000004
01-04 10:50:17.342  2128  2128 I LatinIME: Hardware accelerated drawing: true
01-04 10:50:17.351  1961  2004 W KeyguardServiceDelegate: onScreenTurningOn(): no keyguard service!
01-04 10:50:17.378  1961  1961 V NotificationListeners: enabling notification listener for 0: ComponentInfo{org.lineageos.trebuchet/com.android.launcher3.notification.NotificationListener}
01-04 10:50:17.379  1961  1961 V NotificationListeners: binding: Intent { act=android.service.notification.NotificationListenerService cmp=org.lineageos.trebuchet/com.android.launcher3.notification.NotificationListener (has extras) }
01-04 10:50:17.391  1961  1961 W ActivityManager: Unable to start service Intent { act=android.service.notification.NotificationListenerService cmp=org.lineageos.trebuchet/com.android.launcher3.notification.NotificationListener } U=0: not found
01-04 10:50:17.391  1961  1961 W NotificationListeners: Unable to bind notification listener service: Intent { act=android.service.notification.NotificationListenerService cmp=org.lineageos.trebuchet/com.android.launcher3.notification.NotificationListener (has extras) }
01-04 10:50:17.394  1864  1928 V AudioPolicyManagerBase: setForceUse() usage 3, config 8, mPhoneState 0
01-04 10:50:17.394  1864  1928 E AudioPolicyManagerBase: getDeviceForStrategy() speaker device not found
01-04 10:50:17.394  1864  1928 V AudioPolicyManagerBase: checkOutputForStrategy(0000,0000,5)
01-04 10:50:17.394  1864  1928 V AudioPolicyManagerBase: checkOutputForStrategy(0002,0002,1)
01-04 10:50:17.394  1864  1928 E AudioPolicyManagerBase: getDeviceForStrategy() speaker device not found
01-04 10:50:17.394  1864  1928 V AudioPolicyManagerBase: checkOutputForStrategy(0002,0002,2)
01-04 10:50:17.394  1864  1928 E AudioPolicyManagerBase: getDeviceForStrategy() speaker device not found
01-04 10:50:17.394  1864  1928 V AudioPolicyManagerBase: checkOutputForStrategy(0002,0002,3)
01-04 10:50:17.394  1864  1928 V AudioPolicyManagerBase: checkOutputForStrategy(0002,0002,0)
01-04 10:50:17.394  1864  1928 V AudioPolicyManagerBase: checkOutputForStrategy(0002,0002,4)
01-04 10:50:17.394  1864  1928 E AudioPolicyManagerBase: getDeviceForStrategy() speaker device not found
01-04 10:50:17.394  1864  1928 I chatty  : uid=1041(audioserver) Binder:1864_1 identical 1 line
01-04 10:50:17.394  1864  1928 E AudioPolicyManagerBase: getDeviceForStrategy() speaker device not found
01-04 10:50:17.395  1864  1929 V AudioPolicyManagerBase: setForceUse() usage 6, config 0, mPhoneState 0
01-04 10:50:17.396  1864  1929 W AudioPolicyManagerBase: setForceUse() invalid usage 6
01-04 10:50:17.396  1864  1929 E AudioPolicyManagerBase: getDeviceForStrategy() speaker device not found
01-04 10:50:17.396  1864  1929 V AudioPolicyManagerBase: checkOutputForStrategy(0000,0000,5)
01-04 10:50:17.396  1864  1929 V AudioPolicyManagerBase: checkOutputForStrategy(0002,0002,1)
01-04 10:50:17.396  1864  1929 E AudioPolicyManagerBase: getDeviceForStrategy() speaker device not found
01-04 10:50:17.396  1864  1929 V AudioPolicyManagerBase: checkOutputForStrategy(0002,0002,2)
01-04 10:50:17.396  1864  1929 E AudioPolicyManagerBase: getDeviceForStrategy() speaker device not found
01-04 10:50:17.396  1864  1929 V AudioPolicyManagerBase: checkOutputForStrategy(0002,0002,3)
01-04 10:50:17.396  1864  1929 V AudioPolicyManagerBase: checkOutputForStrategy(0002,0002,0)
01-04 10:50:17.396  1864  1929 V AudioPolicyManagerBase: checkOutputForStrategy(0002,0002,4)
01-04 10:50:17.396  1864  1929 E AudioPolicyManagerBase: getDeviceForStrategy() speaker device not found
01-04 10:50:17.396  1864  1929 I chatty  : uid=1041(audioserver) Binder:1864_2 identical 1 line
01-04 10:50:17.396  1864  1929 E AudioPolicyManagerBase: getDeviceForStrategy() speaker device not found
01-04 10:50:17.409  2128  2128 W InputAttributes: No editor info for this field. Bug?
01-04 10:50:17.495  2128  2258 I LatinIME:LogUtils: Dictionary info: dictionary = UserHistoryDictionary.ru ; version = 1325653534 ; date = 1325653535
01-04 10:50:17.510  2128  2258 I LatinIME:LogUtils: Dictionary info: dictionary = userunigram.ru ; version = 1325659817 ; date = ?
01-04 10:50:17.512  2128  2258 E ActivityThread: Failed to find provider info for user_dictionary
01-04 10:50:17.576  2128  2258 I LatinIME:LogUtils: Dictionary info: dictionary = main:ru ; version = 54 ; date = 1414726277
01-04 10:50:17.580  1961  1961 D BluetoothManagerService: BluetoothServiceConnection: com.android.bluetooth.btservice.AdapterService
01-04 10:50:17.582  1961  2011 D BluetoothManagerService: MESSAGE_BLUETOOTH_SERVICE_CONNECTED: 1
01-04 10:50:17.581  1961  1961 D ConditionProviders.SCP: onSubscribe condition://android/schedule?days=1.2.3.4.5&start=22.0&end=7.0&exitAtAlarm=false
01-04 10:50:17.590  1961  2011 D BluetoothManagerService: Broadcasting onBluetoothServiceUp() to 2 receivers.
01-04 10:50:17.591  2114  2126 D BluetoothAdapter: onBluetoothServiceUp: com.android.bluetooth.btservice.AdapterService$AdapterServiceBinder@2bb1f2e
01-04 10:50:17.592  1961  1961 D ConditionProviders.SCP: setRegistered true
01-04 10:50:17.592  1961  2011 D BluetoothAdapter: onBluetoothServiceUp: android.bluetooth.IBluetooth$Stub$Proxy@666a3a2
01-04 10:50:17.595  2114  2127 D BluetoothAdapterService: enable() - Enable called with quiet mode status =  false
01-04 10:50:17.597  2114  2225 D BluetoothAdapterState: Current state: OFF, message: 0
01-04 10:50:17.597  2114  2225 D BluetoothAdapterProperties: Setting state to 14
01-04 10:50:17.597  2114  2225 I BluetoothAdapterState: Bluetooth adapter state changed: 10-> 14
01-04 10:50:17.598  2114  2225 D BluetoothAdapterService: updateAdapterState() - Broadcasting state to 1 receivers.
01-04 10:50:17.599  2114  2225 D BluetoothAdapterService: BleOnProcessStart()
01-04 10:50:17.611  1961  2011 D BluetoothManagerService: MESSAGE_BLUETOOTH_STATE_CHANGE: OFF > BLE_TURNING_ON
01-04 10:50:17.611  1961  2011 D BluetoothManagerService: Sending BLE State Change: OFF > BLE_TURNING_ON
01-04 10:50:17.623  1961  1961 D ConditionProviders.SCP: notifyCondition condition://android/schedule?days=1.2.3.4.5&start=22.0&end=7.0&exitAtAlarm=false STATE_FALSE reason=!meetsSchedule
01-04 10:50:17.633  2114  2225 D BluetoothAdapterService: BleOnProcessStart() - Make Bond State Machine
01-04 10:50:17.643  2114  2225 D BluetoothBondStateMachine: make
01-04 10:50:17.656  2114  2292 I BluetoothBondStateMachine: StableState(): Entering Off State
01-04 10:50:17.676  2114  2225 D BluetoothAdapterService: setProfileServiceState() - Starting service com.android.bluetooth.gatt.GattService
01-04 10:50:17.692  2114  2225 I BluetoothAdapterState: Entering PendingCommandState
01-04 10:50:17.737  2195  2195 I com.android.phone: Looking for service android.hardware.radio@1.0::IRadio/slot1
01-04 10:50:17.755  1961  1961 D ConditionProviders.SCP: Scheduling evaluate for Wed Jan 04 22:00:00 GMT+03:00 2012 (1325700000000), in +11h9m42s409ms, now=Wed Jan 04 10:50:17 GMT+03:00 2012 (1325659817591)
01-04 10:50:17.756  1961  1961 D ConditionProviders.SCP: onSubscribe condition://android/schedule?days=6.7&start=23.30&end=10.0&exitAtAlarm=false
01-04 10:50:17.758  1961  1961 D ConditionProviders.SCP: notifyCondition condition://android/schedule?days=6.7&start=23.30&end=10.0&exitAtAlarm=false STATE_FALSE reason=!meetsSchedule
01-04 10:50:17.759  1961  1961 D ConditionProviders.SCP: notifyCondition condition://android/schedule?days=1.2.3.4.5&start=22.0&end=7.0&exitAtAlarm=false STATE_FALSE reason=!meetsSchedule
01-04 10:50:17.813  2114  2114 I BtGatt.JNI: classInitNative(L871): classInitNative: Success!
01-04 10:50:17.855  1961  1961 D ConditionProviders.SCP: Scheduling evaluate for Wed Jan 04 22:00:00 GMT+03:00 2012 (1325700000000), in +11h9m42s243ms, now=Wed Jan 04 10:50:17 GMT+03:00 2012 (1325659817757)
01-04 10:50:17.882  2114  2114 D BtGatt.DebugUtils: handleDebugAction() action=null
01-04 10:50:17.882  2114  2114 D BluetoothAdapterService: getAdapterService() - returning com.android.bluetooth.btservice.AdapterService@ca4608a
01-04 10:50:17.882  1961  2003 I SyncManager: Got SyncJobService instance.
01-04 10:50:17.898  2114  2114 D BtGatt.GattService: Received start request. Starting profile...
01-04 10:50:17.898  2114  2114 I bt_btif : get_profile_interface: id = gatt
01-04 10:50:17.939  1961  1961 E AudioSystem-JNI: AudioSystem::listAudioPorts error -38
01-04 10:50:17.939  1961  1961 W AudioManager: updateAudioPortCache: listAudioPorts failed
01-04 10:50:17.958  2114  2114 D BluetoothAdapterService: getAdapterService() - returning com.android.bluetooth.btservice.AdapterService@ca4608a
01-04 10:50:18.042  1961  2073 I InputReader: Reconfiguring input devices.  changes=0x00000004
01-04 10:50:18.043  1961  1961 D MediaSessionService: Global priority session is changed from null to com.android.server.telecom/HeadsetMediaButton (userId=0)
01-04 10:50:18.049  1961  2073 I InputReader: Reconfiguring input devices.  changes=0x00000004
01-04 10:50:18.057  1961  2176 W zygote  : Class com.android.server.am.ActivityStackSupervisor$SleepTokenImpl failed lock verification and will run slower.
01-04 10:50:18.087  1961  2073 I InputReader: Reconfiguring input devices.  changes=0x00000004
01-04 10:50:18.138  1961  2095 E ActivityThread: Failed to find provider info for com.android.calendar
01-04 10:50:18.153  1854  1854 D         : -----close_copybit: 783--pid=1854----
01-04 10:50:18.154  1854  1854 I libblt_hw: Library closed (handle = 1, fd = 26)
01-04 10:50:18.171  1961  1961 D AutofillManagerService: Autofill restriction did not change for user 0: null
01-04 10:50:18.178  1961  2095 E ActivityThread: Failed to find provider info for com.android.calendar
01-04 10:50:18.224  2114  2114 D BluetoothAdapterService: getAdapterService() - returning com.android.bluetooth.btservice.AdapterService@ca4608a
01-04 10:50:18.227  2114  2114 D BluetoothAdapterService: getAdapterService() - returning com.android.bluetooth.btservice.AdapterService@ca4608a
01-04 10:50:18.242  1961  1961 I FusedLocation: engine started (com.android.location.fused)
01-04 10:50:18.253  2114  2114 D BluetoothAdapterService: handleMessage() - Message: 1
01-04 10:50:18.254  2114  2114 D BluetoothAdapterService: handleMessage() - MESSAGE_PROFILE_SERVICE_STATE_CHANGED
01-04 10:50:18.254  2114  2114 D BluetoothAdapterService: processProfileServiceStateChanged() - serviceName=com.android.bluetooth.gatt.GattService isTurningOn=false isTurningOff=false isBleTurningOn=true isBleTurningOff=false
01-04 10:50:18.254  2114  2114 D BluetoothAdapterService: GattService is started
01-04 10:50:18.255  2114  2225 V BluetoothAdapterState: PendingCommand - transient state(s): isBleTurningOn
01-04 10:50:18.255  2114  2225 D BluetoothAdapterState: Current state: PENDING_COMMAND, message: 4
01-04 10:50:18.259  2114  2225 I bt_btif : enable: start restricted = 0
01-04 10:50:18.259  2114  2227 I bt_stack_manager: event_start_up_stack is bringing up the stack
01-04 10:50:18.259  2114  2227 I bt_core_module: module_start_up Starting module "btif_config_module"
01-04 10:50:18.259  2114  2227 I bt_core_module: module_start_up Started module "btif_config_module"
01-04 10:50:18.259  2114  2227 I bt_core_module: module_start_up Starting module "btsnoop_module"
01-04 10:50:18.260  2114  2227 I bt_core_module: module_start_up Started module "btsnoop_module"
01-04 10:50:18.260  2114  2227 I bt_core_module: module_start_up Starting module "hci_module"
01-04 10:50:18.260  2114  2227 I bt_hci  : hci_module_start_up
01-04 10:50:18.274  2114  2301 I bt_osi_thread: run_thread: thread id 2301, thread name hci_thread started
01-04 10:50:18.275  2114  2227 D bt_hci  : hci_module_start_up starting async portion
01-04 10:50:18.275  2114  2301 I bt_hci  : hci_initialize
01-04 10:50:18.280  2114  2301 D vndksupport: Loading /vendor/lib/hw/android.hardware.bluetooth@1.0-impl.so from current namespace instead of sphal namespace.
01-04 10:50:18.284  1961  2093 D NotificationSQLiteLog: Pruned event entries: 0
01-04 10:50:18.290  2114  2301 I bt_hci  : hci_initialize: IBluetoothHci::getService() returned 0xac2a9280 (local)
01-04 10:50:18.291  2114  2301 I android.hardware.bluetooth@1.0-impl: BluetoothHci::initialize()
01-04 10:50:18.298  2114  2301 D         : get_local_address: Trying /efs/bluetooth/bt_addr
01-04 10:50:18.300  2114  2301 E         : get_local_address: Got Invalid BDA '' from /efs/bluetooth/bt_addr
01-04 10:50:18.300  2114  2301 I bt_vendor: init
01-04 10:50:18.300  2114  2301 I bt_vnd_conf: Attempt to load conf from /etc/bluetooth/bt_vendor.conf
01-04 10:50:18.303  2114  2301 D android.hardware.bluetooth@1.0-impl: Open vendor library loaded
01-04 10:50:18.306  2114  2301 W bt_vendor: NOTE: BT_VND_PWR_ON now forces power-off first
01-04 10:50:18.370  2114  2301 I bt_userial_vendor: userial vendor open: opening /dev/ttyAMA0
01-04 10:50:18.371  2114  2301 I bt_userial_vendor: device fd = 70 open
01-04 10:50:18.383  2114  2306 I bt_hwcfg: bt vendor lib: set UART baud 3000000
01-04 10:50:18.387  2135  2135 D SystemUIBootTiming: StartServicesRecents took to complete: 1916ms
01-04 10:50:18.388  2135  2135 W SystemUIService: Initialization of com.android.systemui.recents.Recents took 1926 ms
01-04 10:50:18.417  2114  2306 D bt_hwcfg: Chipset BCM4334B0
01-04 10:50:18.417  2114  2306 D bt_hwcfg: Target name = [BCM4334B0]
01-04 10:50:18.417  2114  2306 I bt_hwcfg: FW patchfile: /system/bin/bcm4334.hcd
01-04 10:50:18.529  2135  2135 I vol.Events: writeEvent collection_started
01-04 10:50:18.620  2135  2308 I vol.Events: writeEvent external_ringer_mode_changed normal
01-04 10:50:18.621  2135  2308 I vol.Events: writeEvent internal_ringer_mode_changed normal
01-04 10:50:18.704  2114  2306 I bt_hwcfg: bt vendor lib: set UART baud 115200
01-04 10:50:18.705  2114  2306 D bt_hwcfg: Settlement delay -- 50 ms
01-04 10:50:18.705  2114  2306 I bt_hwcfg: Setting fw settlement delay to 50 
01-04 10:50:18.766  2114  2306 I bt_hwcfg: bt vendor lib: set UART baud 3000000
01-04 10:50:18.766  2114  2306 I bt_hwcfg: Setting local bd addr to 22:22:C6:69:73:51
01-04 10:50:18.780  2195  2206 I zygote  : Background concurrent copying GC freed 8312(1249KB) AllocSpace objects, 29(580KB) LOS objects, 49% free, 1928KB/3MB, paused 457us total 253.021ms
01-04 10:50:18.793  2195  2195 D PhoneSwitcherNetworkRequstListener: Registering NetworkFactory
01-04 10:50:18.798  2114  2306 I bt_hwcfg: vendor lib fwcfg completed
01-04 10:50:18.798  2114  2306 D android.hardware.bluetooth@1.0-impl: OnFirmwareConfigured result: 0
01-04 10:50:18.798  2114  2306 I android.hardware.bluetooth@1.0-impl: Firmware configured in 0.427s
01-04 10:50:18.799  2114  2306 I android.hardware.bluetooth@1.0-impl: OnFirmwareConfigured: lpm_timeout_ms 1500
01-04 10:50:18.799  2114  2301 I bt_hci  : event_finish_startup
01-04 10:50:18.799  2114  2306 D android.hardware.bluetooth@1.0-impl: OnFirmwareConfigured Calling StartLowPowerWatchdog()
01-04 10:50:18.799  2114  2227 I bt_core_module: module_start_up Started module "hci_module"
01-04 10:50:18.800  2114  2306 D android.hardware.bluetooth@1.0-impl: low_power_mode_cb result: 0
01-04 10:50:18.804  1961  2089 D ConnectivityService: Got NetworkFactory Messenger for PhoneSwitcherNetworkRequstListener
01-04 10:50:18.810  2114  2311 I bt_osi_thread: run_thread: thread id 2311, thread name bt_workqueue started
01-04 10:50:18.810  2114  2311 I         : [0104/105018:INFO:btu_task.cc(107)] Bluetooth chip preload is complete
01-04 10:50:18.817  2114  2311 I         : [0104/105018:INFO:gatt_api.cc(1004)] GATT_Register
01-04 10:50:18.819  2114  2311 I         : [0104/105018:INFO:gatt_api.cc(1027)] allocated gatt_if=1
01-04 10:50:18.820  2114  2311 I         : [0104/105018:INFO:gatt_api.cc(207)] GATTS_AddService
01-04 10:50:18.820  2114  2311 I         : [0104/105018:INFO:gatt_api.cc(317)] GATTS_AddService: service parsed correctly, now starting
01-04 10:50:18.820  2114  2311 E         : [0104/105018:ERROR:gatt_attr.cc(301)] gatt_profile_db_init:  gatt_if=1
01-04 10:50:18.823  2114  2311 I         : [0104/105018:INFO:gatt_api.cc(1004)] GATT_Register
01-04 10:50:18.823  2114  2311 I         : [0104/105018:INFO:gatt_api.cc(1027)] allocated gatt_if=2
01-04 10:50:18.824  2114  2311 I         : [0104/105018:INFO:gatt_api.cc(207)] GATTS_AddService
01-04 10:50:18.824  2114  2311 I         : [0104/105018:INFO:gatt_api.cc(317)] GATTS_AddService: service parsed correctly, now starting
01-04 10:50:18.826  2114  2312 I bt_osi_thread: run_thread: thread id 2312, thread name btu message loop started
01-04 10:50:18.828  2114  2313 I bt_osi_thread: run_thread: thread id 2313, thread name module_wrapper started
01-04 10:50:18.828  2114  2313 I bt_core_module: module_start_up Starting module "controller_module"
01-04 10:50:18.919  1961  2089 D ConnectivityService: Got NetworkFactory Messenger for TelephonyNetworkFactory[0]
